Archive member included to satisfy reference by file (symbol)

c:/progra~2/gnuarm~1/102020~1/bin/../lib/gcc/arm-none-eabi/10.2.1/../../../../arm-none-eabi/lib/thumb/v8-m.main+fp/hard\libc_nano.a(lib_a-errno.o)
                              CMakeFiles/led_blinky.elf.dir/4bb01cc7729aba75ef6beccb952dc303/SDK_2_10_1_LPCXpresso55S06/devices/LPC55S06/utilities/fsl_sbrk.c.obj (__errno)
c:/progra~2/gnuarm~1/102020~1/bin/../lib/gcc/arm-none-eabi/10.2.1/../../../../arm-none-eabi/lib/thumb/v8-m.main+fp/hard\libc_nano.a(lib_a-exit.o)
                              c:/progra~2/gnuarm~1/102020~1/bin/../lib/gcc/arm-none-eabi/10.2.1/../../../../arm-none-eabi/lib/thumb/v8-m.main+fp/hard/crt0.o (exit)
c:/progra~2/gnuarm~1/102020~1/bin/../lib/gcc/arm-none-eabi/10.2.1/../../../../arm-none-eabi/lib/thumb/v8-m.main+fp/hard\libc_nano.a(lib_a-impure.o)
                              c:/progra~2/gnuarm~1/102020~1/bin/../lib/gcc/arm-none-eabi/10.2.1/../../../../arm-none-eabi/lib/thumb/v8-m.main+fp/hard\libc_nano.a(lib_a-exit.o) (_global_impure_ptr)
c:/progra~2/gnuarm~1/102020~1/bin/../lib/gcc/arm-none-eabi/10.2.1/../../../../arm-none-eabi/lib/thumb/v8-m.main+fp/hard\libc_nano.a(lib_a-init.o)
                              c:/progra~2/gnuarm~1/102020~1/bin/../lib/gcc/arm-none-eabi/10.2.1/../../../../arm-none-eabi/lib/thumb/v8-m.main+fp/hard/crt0.o (__libc_init_array)
c:/progra~2/gnuarm~1/102020~1/bin/../lib/gcc/arm-none-eabi/10.2.1/../../../../arm-none-eabi/lib/thumb/v8-m.main+fp/hard\libc_nano.a(lib_a-malloc.o)
                              CMakeFiles/led_blinky.elf.dir/4bb01cc7729aba75ef6beccb952dc303/SDK_2_10_1_LPCXpresso55S06/devices/LPC55S06/drivers/fsl_common.c.obj (malloc)
c:/progra~2/gnuarm~1/102020~1/bin/../lib/gcc/arm-none-eabi/10.2.1/../../../../arm-none-eabi/lib/thumb/v8-m.main+fp/hard\libc_nano.a(lib_a-memset.o)
                              c:/progra~2/gnuarm~1/102020~1/bin/../lib/gcc/arm-none-eabi/10.2.1/../../../../arm-none-eabi/lib/thumb/v8-m.main+fp/hard/crt0.o (memset)
c:/progra~2/gnuarm~1/102020~1/bin/../lib/gcc/arm-none-eabi/10.2.1/../../../../arm-none-eabi/lib/thumb/v8-m.main+fp/hard\libc_nano.a(lib_a-nano-freer.o)
                              c:/progra~2/gnuarm~1/102020~1/bin/../lib/gcc/arm-none-eabi/10.2.1/../../../../arm-none-eabi/lib/thumb/v8-m.main+fp/hard\libc_nano.a(lib_a-malloc.o) (_free_r)
c:/progra~2/gnuarm~1/102020~1/bin/../lib/gcc/arm-none-eabi/10.2.1/../../../../arm-none-eabi/lib/thumb/v8-m.main+fp/hard\libc_nano.a(lib_a-nano-mallocr.o)
                              c:/progra~2/gnuarm~1/102020~1/bin/../lib/gcc/arm-none-eabi/10.2.1/../../../../arm-none-eabi/lib/thumb/v8-m.main+fp/hard\libc_nano.a(lib_a-malloc.o) (_malloc_r)
c:/progra~2/gnuarm~1/102020~1/bin/../lib/gcc/arm-none-eabi/10.2.1/../../../../arm-none-eabi/lib/thumb/v8-m.main+fp/hard\libc_nano.a(lib_a-sbrkr.o)
                              c:/progra~2/gnuarm~1/102020~1/bin/../lib/gcc/arm-none-eabi/10.2.1/../../../../arm-none-eabi/lib/thumb/v8-m.main+fp/hard\libc_nano.a(lib_a-nano-mallocr.o) (_sbrk_r)
c:/progra~2/gnuarm~1/102020~1/bin/../lib/gcc/arm-none-eabi/10.2.1/../../../../arm-none-eabi/lib/thumb/v8-m.main+fp/hard\libc_nano.a(lib_a-strlen.o)
                              CMakeFiles/led_blinky.elf.dir/54d17fca40fc393c44be5c3c53cf5e6a/LPC55S06/utilities/debug_console_lite/fsl_debug_console.c.obj (strlen)
c:/progra~2/gnuarm~1/102020~1/bin/../lib/gcc/arm-none-eabi/10.2.1/../../../../arm-none-eabi/lib/thumb/v8-m.main+fp/hard\libc_nano.a(lib_a-mlock.o)
                              c:/progra~2/gnuarm~1/102020~1/bin/../lib/gcc/arm-none-eabi/10.2.1/../../../../arm-none-eabi/lib/thumb/v8-m.main+fp/hard\libc_nano.a(lib_a-nano-freer.o) (__malloc_lock)
c:/progra~2/gnuarm~1/102020~1/bin/../lib/gcc/arm-none-eabi/10.2.1/../../../../arm-none-eabi/lib/thumb/v8-m.main+fp/hard\libc_nano.a(lib_a-reent.o)
                              c:/progra~2/gnuarm~1/102020~1/bin/../lib/gcc/arm-none-eabi/10.2.1/../../../../arm-none-eabi/lib/thumb/v8-m.main+fp/hard\libc_nano.a(lib_a-sbrkr.o) (errno)
c:/progra~2/gnuarm~1/102020~1/bin/../lib/gcc/arm-none-eabi/10.2.1/../../../../arm-none-eabi/lib/thumb/v8-m.main+fp/hard\libc_nano.a(lib_a-lock.o)
                              c:/progra~2/gnuarm~1/102020~1/bin/../lib/gcc/arm-none-eabi/10.2.1/../../../../arm-none-eabi/lib/thumb/v8-m.main+fp/hard\libc_nano.a(lib_a-mlock.o) (__retarget_lock_acquire_recursive)
c:/progra~2/gnuarm~1/102020~1/bin/../lib/gcc/arm-none-eabi/10.2.1/thumb/v8-m.main+fp/hard\libgcc.a(_aeabi_uldivmod.o)
                              CMakeFiles/led_blinky.elf.dir/a00ae4ed44a530a7f5755e7f6cdb0eef/devices/LPC55S06/drivers/fsl_common_arm.c.obj (__aeabi_uldivmod)
c:/progra~2/gnuarm~1/102020~1/bin/../lib/gcc/arm-none-eabi/10.2.1/thumb/v8-m.main+fp/hard\libgcc.a(_fixunssfdi.o)
                              CMakeFiles/led_blinky.elf.dir/C_/Users/jordanj/Documents/ARM/NXP/SDK_2_10_1_LPCXpresso55S06/devices/LPC55S06/system_LPC55S06.c.obj (__aeabi_f2ulz)
[...]
Memory Configuration

Name             Origin             Length             Attributes
m_interrupts     0x00000000         0x00000200         xr
m_text           0x00000200         0x00037e00         xr
m_data           0x20000000         0x00010000         rw
m_sramx          0x04000000         0x00004000         rw
m_sram3          0x20010000         0x00004000         rw
*default*        0x00000000         0xffffffff

Linker script and memory map

LOAD c:/progra~2/gnuarm~1/102020~1/bin/../lib/gcc/arm-none-eabi/10.2.1/thumb/v8-m.main+fp/hard/crti.o
LOAD c:/progra~2/gnuarm~1/102020~1/bin/../lib/gcc/arm-none-eabi/10.2.1/thumb/v8-m.main+fp/hard/crtbegin.o
LOAD c:/progra~2/gnuarm~1/102020~1/bin/../lib/gcc/arm-none-eabi/10.2.1/../../../../arm-none-eabi/lib/thumb/v8-m.main+fp/hard/crt0.o
LOAD CMakeFiles/led_blinky.elf.dir/__/led_blinky.c.obj
LOAD CMakeFiles/led_blinky.elf.dir/__/pin_mux.c.obj
LOAD CMakeFiles/led_blinky.elf.dir/__/board.c.obj
LOAD CMakeFiles/led_blinky.elf.dir/__/clock_config.c.obj
LOAD CMakeFiles/led_blinky.elf.dir/54d17fca40fc393c44be5c3c53cf5e6a/LPC55S06/utilities/debug_console_lite/fsl_debug_console.c.obj
LOAD CMakeFiles/led_blinky.elf.dir/C_/Users/jordanj/Documents/ARM/NXP/SDK_2_10_1_LPCXpresso55S06/components/uart/fsl_adapter_usart.c.obj
LOAD CMakeFiles/led_blinky.elf.dir/4bb01cc7729aba75ef6beccb952dc303/SDK_2_10_1_LPCXpresso55S06/devices/LPC55S06/drivers/fsl_common.c.obj
LOAD CMakeFiles/led_blinky.elf.dir/a00ae4ed44a530a7f5755e7f6cdb0eef/devices/LPC55S06/drivers/fsl_common_arm.c.obj
LOAD CMakeFiles/led_blinky.elf.dir/4bb01cc7729aba75ef6beccb952dc303/SDK_2_10_1_LPCXpresso55S06/devices/LPC55S06/drivers/fsl_clock.c.obj
LOAD CMakeFiles/led_blinky.elf.dir/4bb01cc7729aba75ef6beccb952dc303/SDK_2_10_1_LPCXpresso55S06/devices/LPC55S06/drivers/fsl_power.c.obj
LOAD CMakeFiles/led_blinky.elf.dir/4bb01cc7729aba75ef6beccb952dc303/SDK_2_10_1_LPCXpresso55S06/devices/LPC55S06/drivers/fsl_reset.c.obj
LOAD CMakeFiles/led_blinky.elf.dir/4bb01cc7729aba75ef6beccb952dc303/SDK_2_10_1_LPCXpresso55S06/devices/LPC55S06/drivers/fsl_usart.c.obj
LOAD CMakeFiles/led_blinky.elf.dir/a00ae4ed44a530a7f5755e7f6cdb0eef/devices/LPC55S06/drivers/fsl_flexcomm.c.obj
LOAD CMakeFiles/led_blinky.elf.dir/a00ae4ed44a530a7f5755e7f6cdb0eef/devices/LPC55S06/utilities/debug_console_lite/fsl_assert.c.obj
LOAD CMakeFiles/led_blinky.elf.dir/C_/Users/jordanj/Documents/ARM/NXP/SDK_2_10_1_LPCXpresso55S06/devices/LPC55S06/drivers/fsl_gpio.c.obj
LOAD CMakeFiles/led_blinky.elf.dir/a00ae4ed44a530a7f5755e7f6cdb0eef/devices/LPC55S06/gcc/startup_LPC55S06.S.obj
LOAD CMakeFiles/led_blinky.elf.dir/C_/Users/jordanj/Documents/ARM/NXP/SDK_2_10_1_LPCXpresso55S06/devices/LPC55S06/system_LPC55S06.c.obj
LOAD CMakeFiles/led_blinky.elf.dir/a00ae4ed44a530a7f5755e7f6cdb0eef/components/lists/fsl_component_generic_list.c.obj
LOAD CMakeFiles/led_blinky.elf.dir/4bb01cc7729aba75ef6beccb952dc303/SDK_2_10_1_LPCXpresso55S06/devices/LPC55S06/utilities/fsl_sbrk.c.obj
START GROUP
LOAD c:/progra~2/gnuarm~1/102020~1/bin/../lib/gcc/arm-none-eabi/10.2.1/../../../../arm-none-eabi/lib/thumb/v8-m.main+fp/hard\libm.a
LOAD c:/progra~2/gnuarm~1/102020~1/bin/../lib/gcc/arm-none-eabi/10.2.1/../../../../arm-none-eabi/lib/thumb/v8-m.main+fp/hard\libc_nano.a
LOAD c:/progra~2/gnuarm~1/102020~1/bin/../lib/gcc/arm-none-eabi/10.2.1/thumb/v8-m.main+fp/hard\libgcc.a
LOAD c:/progra~2/gnuarm~1/102020~1/bin/../lib/gcc/arm-none-eabi/10.2.1/../../../../arm-none-eabi/lib/thumb/v8-m.main+fp/hard\libnosys.a
END GROUP
START GROUP
LOAD c:/progra~2/gnuarm~1/102020~1/bin/../lib/gcc/arm-none-eabi/10.2.1/thumb/v8-m.main+fp/hard\libgcc.a
LOAD c:/progra~2/gnuarm~1/102020~1/bin/../lib/gcc/arm-none-eabi/10.2.1/../../../../arm-none-eabi/lib/thumb/v8-m.main+fp/hard\libg_nano.a
LOAD c:/progra~2/gnuarm~1/102020~1/bin/../lib/gcc/arm-none-eabi/10.2.1/../../../../arm-none-eabi/lib/thumb/v8-m.main+fp/hard\libc_nano.a
END GROUP
START GROUP
LOAD c:/progra~2/gnuarm~1/102020~1/bin/../lib/gcc/arm-none-eabi/10.2.1/thumb/v8-m.main+fp/hard\libgcc.a
LOAD c:/progra~2/gnuarm~1/102020~1/bin/../lib/gcc/arm-none-eabi/10.2.1/../../../../arm-none-eabi/lib/thumb/v8-m.main+fp/hard\libc_nano.a
LOAD c:/progra~2/gnuarm~1/102020~1/bin/../lib/gcc/arm-none-eabi/10.2.1/../../../../arm-none-eabi/lib/thumb/v8-m.main+fp/hard\libnosys.a
END GROUP
START GROUP
LOAD c:/progra~2/gnuarm~1/102020~1/bin/../lib/gcc/arm-none-eabi/10.2.1/thumb/v8-m.main+fp/hard\libgcc.a
LOAD c:/progra~2/gnuarm~1/102020~1/bin/../lib/gcc/arm-none-eabi/10.2.1/../../../../arm-none-eabi/lib/thumb/v8-m.main+fp/hard\libc_nano.a
LOAD c:/progra~2/gnuarm~1/102020~1/bin/../lib/gcc/arm-none-eabi/10.2.1/../../../../arm-none-eabi/lib/thumb/v8-m.main+fp/hard\libnosys.a
END GROUP
LOAD c:/progra~2/gnuarm~1/102020~1/bin/../lib/gcc/arm-none-eabi/10.2.1/thumb/v8-m.main+fp/hard/crtend.o
LOAD c:/progra~2/gnuarm~1/102020~1/bin/../lib/gcc/arm-none-eabi/10.2.1/thumb/v8-m.main+fp/hard/crtn.o
                0x00000400                HEAP_SIZE = DEFINED (__heap_size__)?__heap_size__:0x400
                0x00000800                STACK_SIZE = DEFINED (__stack_size__)?__stack_size__:0x800

.interrupts     0x00000000      0x134
                0x00000000                . = ALIGN (0x4)
 *(.isr_vector)
 .isr_vector    0x00000000      0x134 CMakeFiles/led_blinky.elf.dir/a00ae4ed44a530a7f5755e7f6cdb0eef/devices/LPC55S06/gcc/startup_LPC55S06.S.obj
                0x00000000                __Vectors
                0x00000134                . = ALIGN (0x4)

.text           0x00000200     0x2594
                0x00000200                . = ALIGN (0x4)
 *(.text)
 .text          0x00000200       0x40 c:/progra~2/gnuarm~1/102020~1/bin/../lib/gcc/arm-none-eabi/10.2.1/thumb/v8-m.main+fp/hard/crtbegin.o
 .text          0x00000240       0x7c c:/progra~2/gnuarm~1/102020~1/bin/../lib/gcc/arm-none-eabi/10.2.1/../../../../arm-none-eabi/lib/thumb/v8-m.main+fp/hard/crt0.o
                0x00000240                _stack_init
                0x00000248                _start
                0x00000248                _mainCRTStartup
 .text          0x000002bc      0x2a8 CMakeFiles/led_blinky.elf.dir/a00ae4ed44a530a7f5755e7f6cdb0eef/devices/LPC55S06/gcc/startup_LPC55S06.S.obj
                0x000002bc                Reset_Handler
                0x00000350                DebugMon_Handler
                0x00000350                Reserved39_DriverIRQHandler
                0x00000350                OS_EVENT_DriverIRQHandler
                0x00000350                DMA0_DriverIRQHandler
                0x00000350                SEC_GPIO_INT0_IRQ1_DriverIRQHandler
                0x00000350                Reserved42_DriverIRQHandler
                0x00000350                CTIMER3_DriverIRQHandler
                0x00000350                PIN_INT1_DriverIRQHandler
                0x00000350                PLU_DriverIRQHandler
                0x00000350                WDT_BOD_DriverIRQHandler
                0x00000350                SCT0_DriverIRQHandler
                0x00000350                PUF_DriverIRQHandler
                0x00000350                PIN_INT6_DriverIRQHandler
                0x00000350                SecureFault_Handler
                0x00000350                CTIMER1_DriverIRQHandler
                0x00000350                SEC_VIO_DriverIRQHandler
                0x00000350                Reserved73_DriverIRQHandler
                0x00000350                CAN0_IRQ0_DriverIRQHandler
                0x00000350                Reserved64_DriverIRQHandler
                0x00000350                PIN_INT3_DriverIRQHandler
                0x00000350                PIN_INT2_DriverIRQHandler
                0x00000350                Reserved46_DriverIRQHandler
                0x00000350                Reserved56_DriverIRQHandler
                0x00000350                Reserved43_DriverIRQHandler
                0x00000350                PIN_INT0_DriverIRQHandler
                0x00000350                Reserved63_DriverIRQHandler
                0x00000350                BusFault_Handler
                0x00000350                Reserved57_DriverIRQHandler
                0x00000350                CTIMER2_DriverIRQHandler
                0x00000350                UsageFault_Handler
                0x00000350                Reserved58_DriverIRQHandler
                0x00000350                RTC_DriverIRQHandler
                0x00000350                ACMP_DriverIRQHandler
                0x00000350                DefaultISR
                0x00000350                CTIMER0_DriverIRQHandler
                0x00000350                GINT0_DriverIRQHandler
                0x00000350                ADC0_DriverIRQHandler
                0x00000350                CASER_DriverIRQHandler
                0x00000350                CAN0_IRQ1_DriverIRQHandler
                0x00000350                Reserved62_DriverIRQHandler
                0x00000350                MRT0_DriverIRQHandler
                0x00000350                UTICK0_DriverIRQHandler
                0x00000350                Reserved41_DriverIRQHandler
                0x00000350                PIN_INT4_DriverIRQHandler
                0x00000350                PIN_INT5_DriverIRQHandler
                0x00000350                SEC_GPIO_INT0_IRQ0_DriverIRQHandler
                0x00000350                Reserved44_DriverIRQHandler
                0x00000350                HASHCRYPT_DriverIRQHandler
                0x00000350                Reserved47_DriverIRQHandler
                0x00000350                CTIMER4_DriverIRQHandler
                0x00000350                GINT1_DriverIRQHandler
                0x00000350                DMA1_DriverIRQHandler
                0x00000350                SEC_HYPERVISOR_CALL_DriverIRQHandler
                0x00000350                Reserved55_DriverIRQHandler
                0x00000350                CDOG_DriverIRQHandler
                0x00000350                PIN_INT7_DriverIRQHandler
                0x00000350                MemManage_Handler
                0x00000350                Reserved61_DriverIRQHandler
                0x00000354                NMI_Handler
                0x00000358                HardFault_Handler
                0x0000035c                SVC_Handler
                0x00000360                PendSV_Handler
                0x00000368                WDT_BOD_IRQHandler
                0x0000036c                DMA0_IRQHandler
                0x00000370                GINT0_IRQHandler
                0x00000374                GINT1_IRQHandler
                0x00000378                PIN_INT0_IRQHandler
                0x0000037c                PIN_INT1_IRQHandler
                0x00000380                PIN_INT2_IRQHandler
                0x00000384                PIN_INT3_IRQHandler
                0x00000388                UTICK0_IRQHandler
                0x0000038c                MRT0_IRQHandler
                0x00000390                CTIMER0_IRQHandler
                0x00000394                CTIMER1_IRQHandler
                0x00000398                SCT0_IRQHandler
                0x0000039c                CTIMER3_IRQHandler
                0x000003a0                FLEXCOMM0_IRQHandler
                0x000003a4                FLEXCOMM1_IRQHandler
                0x000003a8                FLEXCOMM2_IRQHandler
                0x000003ac                FLEXCOMM3_IRQHandler
                0x000003b0                FLEXCOMM4_IRQHandler
                0x000003b4                FLEXCOMM5_IRQHandler
                0x000003b8                FLEXCOMM6_IRQHandler
                0x000003bc                FLEXCOMM7_IRQHandler
                0x000003c0                ADC0_IRQHandler
                0x000003c4                Reserved39_IRQHandler
                0x000003c8                ACMP_IRQHandler
                0x000003cc                Reserved41_IRQHandler
                0x000003d0                Reserved42_IRQHandler
                0x000003d4                Reserved43_IRQHandler
                0x000003d8                Reserved44_IRQHandler
                0x000003dc                RTC_IRQHandler
                0x000003e0                Reserved46_IRQHandler
                0x000003e4                Reserved47_IRQHandler
                0x000003e8                PIN_INT4_IRQHandler
                0x000003ec                PIN_INT5_IRQHandler
                0x000003f0                PIN_INT6_IRQHandler
                0x000003f4                PIN_INT7_IRQHandler
                0x000003f8                CTIMER2_IRQHandler
                0x000003fc                CTIMER4_IRQHandler
                0x00000400                OS_EVENT_IRQHandler
                0x00000404                Reserved55_IRQHandler
                0x00000408                Reserved56_IRQHandler
                0x0000040c                Reserved57_IRQHandler
                0x00000410                Reserved58_IRQHandler
                0x00000414                CAN0_IRQ0_IRQHandler
                0x00000418                CAN0_IRQ1_IRQHandler
                0x0000041c                Reserved61_IRQHandler
                0x00000420                Reserved62_IRQHandler
                0x00000424                Reserved63_IRQHandler
                0x00000428                Reserved64_IRQHandler
                0x0000042c                SEC_HYPERVISOR_CALL_IRQHandler
                0x00000430                SEC_GPIO_INT0_IRQ0_IRQHandler
                0x00000434                SEC_GPIO_INT0_IRQ1_IRQHandler
                0x00000438                PLU_IRQHandler
                0x0000043c                SEC_VIO_IRQHandler
                0x00000440                HASHCRYPT_IRQHandler
                0x00000444                CASER_IRQHandler
                0x00000448                PUF_IRQHandler
                0x0000044c                Reserved73_IRQHandler
                0x00000450                DMA1_IRQHandler
                0x00000454                FLEXCOMM8_IRQHandler
                0x00000458                CDOG_IRQHandler
 .text          0x00000564       0x10 c:/progra~2/gnuarm~1/102020~1/bin/../lib/gcc/arm-none-eabi/10.2.1/../../../../arm-none-eabi/lib/thumb/v8-m.main+fp/hard\libc_nano.a(lib_a-strlen.o)
                0x00000564                strlen
 .text          0x00000574       0x30 c:/progra~2/gnuarm~1/102020~1/bin/../lib/gcc/arm-none-eabi/10.2.1/thumb/v8-m.main+fp/hard\libgcc.a(_aeabi_uldivmod.o)
                0x00000574                __aeabi_uldivmod
 .text          0x000005a4       0x40 c:/progra~2/gnuarm~1/102020~1/bin/../lib/gcc/arm-none-eabi/10.2.1/thumb/v8-m.main+fp/hard\libgcc.a(_fixunssfdi.o)
                0x000005a4                __fixunssfdi
                0x000005a4                __aeabi_f2ulz
 .text          0x000005e4      0x2ec c:/progra~2/gnuarm~1/102020~1/bin/../lib/gcc/arm-none-eabi/10.2.1/thumb/v8-m.main+fp/hard\libgcc.a(_udivmoddi4.o)
                0x000005e4                __udivmoddi4
 .text          0x000008d0      0x254 c:/progra~2/gnuarm~1/102020~1/bin/../lib/gcc/arm-none-eabi/10.2.1/thumb/v8-m.main+fp/hard\libgcc.a(_arm_muldf3.o)
                0x000008d0                __muldf3
                0x000008d0                __aeabi_dmul
 .text          0x00000b24        0x4 c:/progra~2/gnuarm~1/102020~1/bin/../lib/gcc/arm-none-eabi/10.2.1/thumb/v8-m.main+fp/hard\libgcc.a(_dvmd_tls.o)
                0x00000b24                __aeabi_idiv0
                0x00000b24                __aeabi_ldiv0
 .text          0x00000b28      0x378 c:/progra~2/gnuarm~1/102020~1/bin/../lib/gcc/arm-none-eabi/10.2.1/thumb/v8-m.main+fp/hard\libgcc.a(_arm_addsubdf3.o)
                0x00000b28                __aeabi_drsub
                0x00000b30                __aeabi_dsub
                0x00000b30                __subdf3
                0x00000b34                __aeabi_dadd
                0x00000b34                __adddf3
                0x00000dac                __floatunsidf
                0x00000dac                __aeabi_ui2d
                0x00000dcc                __floatsidf
                0x00000dcc                __aeabi_i2d
                0x00000df0                __aeabi_f2d
                0x00000df0                __extendsfdf2
                0x00000e34                __floatundidf
                0x00000e34                __aeabi_ul2d
                0x00000e44                __floatdidf
                0x00000e44                __aeabi_l2d
 .text          0x00000ea0       0x40 c:/progra~2/gnuarm~1/102020~1/bin/../lib/gcc/arm-none-eabi/10.2.1/thumb/v8-m.main+fp/hard\libgcc.a(_arm_fixunsdfsi.o)
                0x00000ea0                __aeabi_d2uiz
                0x00000ea0                __fixunsdfsi
 *(.text*)
 .text.__NVIC_SetPriority
                0x00000ee0       0x54 CMakeFiles/led_blinky.elf.dir/__/led_blinky.c.obj
 .text.SysTick_Config
                0x00000f34       0x44 CMakeFiles/led_blinky.elf.dir/__/led_blinky.c.obj
 .text.GPIO_PortToggle
                0x00000f78       0x26 CMakeFiles/led_blinky.elf.dir/__/led_blinky.c.obj
 *fill*         0x00000f9e        0x2 
 .text.SysTick_Handler
                0x00000fa0       0x24 CMakeFiles/led_blinky.elf.dir/__/led_blinky.c.obj
                0x00000fa0                SysTick_Handler
 .text.SysTick_DelayTicks
                0x00000fc4       0x2c CMakeFiles/led_blinky.elf.dir/__/led_blinky.c.obj
                0x00000fc4                SysTick_DelayTicks
 .text.main     0x00000ff0       0x50 CMakeFiles/led_blinky.elf.dir/__/led_blinky.c.obj
                0x00000ff0                main
 .text.CLOCK_EnableClock
                0x00001040       0x30 CMakeFiles/led_blinky.elf.dir/__/pin_mux.c.obj
 .text.IOCON_PinMuxSet
                0x00001070       0x2e CMakeFiles/led_blinky.elf.dir/__/pin_mux.c.obj
 *fill*         0x0000109e        0x2 
 .text.BOARD_InitPins
                0x000010a0       0x5c CMakeFiles/led_blinky.elf.dir/__/pin_mux.c.obj
                0x000010a0                BOARD_InitPins
 .text.DbgConsole_Printf
                0x000010fc       0x40 CMakeFiles/led_blinky.elf.dir/54d17fca40fc393c44be5c3c53cf5e6a/LPC55S06/utilities/debug_console_lite/fsl_debug_console.c.obj
                0x000010fc                DbgConsole_Printf
 .text.DbgConsole_Putchar
                0x0000113c       0x30 CMakeFiles/led_blinky.elf.dir/54d17fca40fc393c44be5c3c53cf5e6a/LPC55S06/utilities/debug_console_lite/fsl_debug_console.c.obj
                0x0000113c                DbgConsole_Putchar
 .text.DbgConsole_PrintfPaddingCharacter
                0x0000116c       0x40 CMakeFiles/led_blinky.elf.dir/54d17fca40fc393c44be5c3c53cf5e6a/LPC55S06/utilities/debug_console_lite/fsl_debug_console.c.obj
 .text.DbgConsole_ConvertRadixNumToString
                0x000011ac      0x114 CMakeFiles/led_blinky.elf.dir/54d17fca40fc393c44be5c3c53cf5e6a/LPC55S06/utilities/debug_console_lite/fsl_debug_console.c.obj
 .text.DbgConsole_PrintfFormattedData
                0x000012c0      0x3bc CMakeFiles/led_blinky.elf.dir/54d17fca40fc393c44be5c3c53cf5e6a/LPC55S06/utilities/debug_console_lite/fsl_debug_console.c.obj
 .text.RESET_SetPeripheralReset
                0x0000167c       0x6c CMakeFiles/led_blinky.elf.dir/4bb01cc7729aba75ef6beccb952dc303/SDK_2_10_1_LPCXpresso55S06/devices/LPC55S06/drivers/fsl_reset.c.obj
                0x0000167c                RESET_SetPeripheralReset
 .text.RESET_ClearPeripheralReset
                0x000016e8       0x6c CMakeFiles/led_blinky.elf.dir/4bb01cc7729aba75ef6beccb952dc303/SDK_2_10_1_LPCXpresso55S06/devices/LPC55S06/drivers/fsl_reset.c.obj
                0x000016e8                RESET_ClearPeripheralReset
 .text.RESET_PeripheralReset
                0x00001754       0x1c CMakeFiles/led_blinky.elf.dir/4bb01cc7729aba75ef6beccb952dc303/SDK_2_10_1_LPCXpresso55S06/devices/LPC55S06/drivers/fsl_reset.c.obj
                0x00001754                RESET_PeripheralReset
 .text.FLEXCOMM_GetInstance
                0x00001770       0x5c CMakeFiles/led_blinky.elf.dir/a00ae4ed44a530a7f5755e7f6cdb0eef/devices/LPC55S06/drivers/fsl_flexcomm.c.obj
                0x00001770                FLEXCOMM_GetInstance
 .text.FLEXCOMM0_DriverIRQHandler
                0x000017cc       0x68 CMakeFiles/led_blinky.elf.dir/a00ae4ed44a530a7f5755e7f6cdb0eef/devices/LPC55S06/drivers/fsl_flexcomm.c.obj
                0x000017cc                FLEXCOMM0_DriverIRQHandler
 .text.FLEXCOMM1_DriverIRQHandler
                0x00001834       0x68 CMakeFiles/led_blinky.elf.dir/a00ae4ed44a530a7f5755e7f6cdb0eef/devices/LPC55S06/drivers/fsl_flexcomm.c.obj
                0x00001834                FLEXCOMM1_DriverIRQHandler
 .text.FLEXCOMM2_DriverIRQHandler
                0x0000189c       0x68 CMakeFiles/led_blinky.elf.dir/a00ae4ed44a530a7f5755e7f6cdb0eef/devices/LPC55S06/drivers/fsl_flexcomm.c.obj
                0x0000189c                FLEXCOMM2_DriverIRQHandler
 .text.FLEXCOMM3_DriverIRQHandler
                0x00001904       0x68 CMakeFiles/led_blinky.elf.dir/a00ae4ed44a530a7f5755e7f6cdb0eef/devices/LPC55S06/drivers/fsl_flexcomm.c.obj
                0x00001904                FLEXCOMM3_DriverIRQHandler
 .text.FLEXCOMM4_DriverIRQHandler
                0x0000196c       0x68 CMakeFiles/led_blinky.elf.dir/a00ae4ed44a530a7f5755e7f6cdb0eef/devices/LPC55S06/drivers/fsl_flexcomm.c.obj
                0x0000196c                FLEXCOMM4_DriverIRQHandler
 .text.FLEXCOMM5_DriverIRQHandler
                0x000019d4       0x68 CMakeFiles/led_blinky.elf.dir/a00ae4ed44a530a7f5755e7f6cdb0eef/devices/LPC55S06/drivers/fsl_flexcomm.c.obj
                0x000019d4                FLEXCOMM5_DriverIRQHandler
 .text.FLEXCOMM6_DriverIRQHandler
                0x00001a3c       0x6c CMakeFiles/led_blinky.elf.dir/a00ae4ed44a530a7f5755e7f6cdb0eef/devices/LPC55S06/drivers/fsl_flexcomm.c.obj
                0x00001a3c                FLEXCOMM6_DriverIRQHandler
 .text.FLEXCOMM7_DriverIRQHandler
                0x00001aa8       0x6c CMakeFiles/led_blinky.elf.dir/a00ae4ed44a530a7f5755e7f6cdb0eef/devices/LPC55S06/drivers/fsl_flexcomm.c.obj
                0x00001aa8                FLEXCOMM7_DriverIRQHandler
 .text.FLEXCOMM8_DriverIRQHandler
                0x00001b14       0x6c CMakeFiles/led_blinky.elf.dir/a00ae4ed44a530a7f5755e7f6cdb0eef/devices/LPC55S06/drivers/fsl_flexcomm.c.obj
                0x00001b14                FLEXCOMM8_DriverIRQHandler
 .text.__assert_func
                0x00001b80       0x28 CMakeFiles/led_blinky.elf.dir/a00ae4ed44a530a7f5755e7f6cdb0eef/devices/LPC55S06/utilities/debug_console_lite/fsl_assert.c.obj
                0x00001b80                __assert_func
 .text.CLOCK_EnableClock
                0x00001ba8       0x30 CMakeFiles/led_blinky.elf.dir/C_/Users/jordanj/Documents/ARM/NXP/SDK_2_10_1_LPCXpresso55S06/devices/LPC55S06/drivers/fsl_gpio.c.obj
 .text.GPIO_EnablePortClock
                0x00001bd8       0x44 CMakeFiles/led_blinky.elf.dir/C_/Users/jordanj/Documents/ARM/NXP/SDK_2_10_1_LPCXpresso55S06/devices/LPC55S06/drivers/fsl_gpio.c.obj
 .text.GPIO_PortInit
                0x00001c1c       0x2c CMakeFiles/led_blinky.elf.dir/C_/Users/jordanj/Documents/ARM/NXP/SDK_2_10_1_LPCXpresso55S06/devices/LPC55S06/drivers/fsl_gpio.c.obj
                0x00001c1c                GPIO_PortInit
 .text.GPIO_PinInit
                0x00001c48       0xa4 CMakeFiles/led_blinky.elf.dir/C_/Users/jordanj/Documents/ARM/NXP/SDK_2_10_1_LPCXpresso55S06/devices/LPC55S06/drivers/fsl_gpio.c.obj
                0x00001c48                GPIO_PinInit
 .text.findPll0PreDiv
                0x00001cec       0x3e CMakeFiles/led_blinky.elf.dir/C_/Users/jordanj/Documents/ARM/NXP/SDK_2_10_1_LPCXpresso55S06/devices/LPC55S06/system_LPC55S06.c.obj
 .text.findPll0PostDiv
                0x00001d2a       0x62 CMakeFiles/led_blinky.elf.dir/C_/Users/jordanj/Documents/ARM/NXP/SDK_2_10_1_LPCXpresso55S06/devices/LPC55S06/system_LPC55S06.c.obj
 .text.findPll0MMult
                0x00001d8c       0xb8 CMakeFiles/led_blinky.elf.dir/C_/Users/jordanj/Documents/ARM/NXP/SDK_2_10_1_LPCXpresso55S06/devices/LPC55S06/system_LPC55S06.c.obj
 .text.findPll1PreDiv
                0x00001e44       0x3e CMakeFiles/led_blinky.elf.dir/C_/Users/jordanj/Documents/ARM/NXP/SDK_2_10_1_LPCXpresso55S06/devices/LPC55S06/system_LPC55S06.c.obj
 .text.findPll1PostDiv
                0x00001e82       0x62 CMakeFiles/led_blinky.elf.dir/C_/Users/jordanj/Documents/ARM/NXP/SDK_2_10_1_LPCXpresso55S06/devices/LPC55S06/system_LPC55S06.c.obj
 .text.findPll1MMult
                0x00001ee4       0x2e CMakeFiles/led_blinky.elf.dir/C_/Users/jordanj/Documents/ARM/NXP/SDK_2_10_1_LPCXpresso55S06/devices/LPC55S06/system_LPC55S06.c.obj
 *fill*         0x00001f12        0x2 
 .text.GetFro12MFreq
                0x00001f14       0x28 CMakeFiles/led_blinky.elf.dir/C_/Users/jordanj/Documents/ARM/NXP/SDK_2_10_1_LPCXpresso55S06/devices/LPC55S06/system_LPC55S06.c.obj
 .text.GetFro1MFreq
                0x00001f3c       0x28 CMakeFiles/led_blinky.elf.dir/C_/Users/jordanj/Documents/ARM/NXP/SDK_2_10_1_LPCXpresso55S06/devices/LPC55S06/system_LPC55S06.c.obj
 .text.GetExtClkFreq
                0x00001f64       0x28 CMakeFiles/led_blinky.elf.dir/C_/Users/jordanj/Documents/ARM/NXP/SDK_2_10_1_LPCXpresso55S06/devices/LPC55S06/system_LPC55S06.c.obj
 .text.GetFroHfFreq
                0x00001f8c       0x28 CMakeFiles/led_blinky.elf.dir/C_/Users/jordanj/Documents/ARM/NXP/SDK_2_10_1_LPCXpresso55S06/devices/LPC55S06/system_LPC55S06.c.obj
 .text.GetOsc32KFreq
                0x00001fb4       0x58 CMakeFiles/led_blinky.elf.dir/C_/Users/jordanj/Documents/ARM/NXP/SDK_2_10_1_LPCXpresso55S06/devices/LPC55S06/system_LPC55S06.c.obj
 .text.SystemInit
                0x0000200c       0xac CMakeFiles/led_blinky.elf.dir/C_/Users/jordanj/Documents/ARM/NXP/SDK_2_10_1_LPCXpresso55S06/devices/LPC55S06/system_LPC55S06.c.obj
                0x0000200c                SystemInit
 .text.SystemCoreClockUpdate
                0x000020b8      0x29c CMakeFiles/led_blinky.elf.dir/C_/Users/jordanj/Documents/ARM/NXP/SDK_2_10_1_LPCXpresso55S06/devices/LPC55S06/system_LPC55S06.c.obj
                0x000020b8                SystemCoreClockUpdate
 .text.SystemInitHook
                0x00002354        0xe CMakeFiles/led_blinky.elf.dir/C_/Users/jordanj/Documents/ARM/NXP/SDK_2_10_1_LPCXpresso55S06/devices/LPC55S06/system_LPC55S06.c.obj
                0x00002354                SystemInitHook
 *fill*         0x00002362        0x2 
 .text.exit     0x00002364       0x28 c:/progra~2/gnuarm~1/102020~1/bin/../lib/gcc/arm-none-eabi/10.2.1/../../../../arm-none-eabi/lib/thumb/v8-m.main+fp/hard\libc_nano.a(lib_a-exit.o)
                0x00002364                exit
 .text.__libc_init_array
                0x0000238c       0x48 c:/progra~2/gnuarm~1/102020~1/bin/../lib/gcc/arm-none-eabi/10.2.1/../../../../arm-none-eabi/lib/thumb/v8-m.main+fp/hard\libc_nano.a(lib_a-init.o)
                0x0000238c                __libc_init_array
 .text.memset   0x000023d4       0x10 c:/progra~2/gnuarm~1/102020~1/bin/../lib/gcc/arm-none-eabi/10.2.1/../../../../arm-none-eabi/lib/thumb/v8-m.main+fp/hard\libc_nano.a(lib_a-memset.o)
                0x000023d4                memset
 .text._exit    0x000023e4        0x4 c:/progra~2/gnuarm~1/102020~1/bin/../lib/gcc/arm-none-eabi/10.2.1/../../../../arm-none-eabi/lib/thumb/v8-m.main+fp/hard\libnosys.a(_exit.o)
                0x000023e4                _exit
 *(.rodata)
 .rodata        0x000023e8       0x73 CMakeFiles/led_blinky.elf.dir/4bb01cc7729aba75ef6beccb952dc303/SDK_2_10_1_LPCXpresso55S06/devices/LPC55S06/drivers/fsl_reset.c.obj
 *fill*         0x0000245b        0x1 
 .rodata        0x0000245c       0xbf CMakeFiles/led_blinky.elf.dir/a00ae4ed44a530a7f5755e7f6cdb0eef/devices/LPC55S06/drivers/fsl_flexcomm.c.obj
 *fill*         0x0000251b        0x1 
 .rodata        0x0000251c       0x3e CMakeFiles/led_blinky.elf.dir/a00ae4ed44a530a7f5755e7f6cdb0eef/devices/LPC55S06/utilities/debug_console_lite/fsl_assert.c.obj
 *fill*         0x0000255a        0x2 
 .rodata        0x0000255c       0x86 CMakeFiles/led_blinky.elf.dir/C_/Users/jordanj/Documents/ARM/NXP/SDK_2_10_1_LPCXpresso55S06/devices/LPC55S06/drivers/fsl_gpio.c.obj
 *(.rodata*)
 *fill*         0x000025e2        0x2 
 .rodata.__func__.1
                0x000025e4       0x19 CMakeFiles/led_blinky.elf.dir/4bb01cc7729aba75ef6beccb952dc303/SDK_2_10_1_LPCXpresso55S06/devices/LPC55S06/drivers/fsl_reset.c.obj
 *fill*         0x000025fd        0x3 
 .rodata.__func__.0
                0x00002600       0x1b CMakeFiles/led_blinky.elf.dir/4bb01cc7729aba75ef6beccb952dc303/SDK_2_10_1_LPCXpresso55S06/devices/LPC55S06/drivers/fsl_reset.c.obj
 *fill*         0x0000261b        0x1 
 .rodata.s_flexcommBaseAddrs
                0x0000261c       0x24 CMakeFiles/led_blinky.elf.dir/a00ae4ed44a530a7f5755e7f6cdb0eef/devices/LPC55S06/drivers/fsl_flexcomm.c.obj
 .rodata.__func__.9
                0x00002640       0x15 CMakeFiles/led_blinky.elf.dir/a00ae4ed44a530a7f5755e7f6cdb0eef/devices/LPC55S06/drivers/fsl_flexcomm.c.obj
 *fill*         0x00002655        0x3 
 .rodata.__func__.8
                0x00002658       0x1b CMakeFiles/led_blinky.elf.dir/a00ae4ed44a530a7f5755e7f6cdb0eef/devices/LPC55S06/drivers/fsl_flexcomm.c.obj
 *fill*         0x00002673        0x1 
 .rodata.__func__.7
                0x00002674       0x1b CMakeFiles/led_blinky.elf.dir/a00ae4ed44a530a7f5755e7f6cdb0eef/devices/LPC55S06/drivers/fsl_flexcomm.c.obj
 *fill*         0x0000268f        0x1 
 .rodata.__func__.6
                0x00002690       0x1b CMakeFiles/led_blinky.elf.dir/a00ae4ed44a530a7f5755e7f6cdb0eef/devices/LPC55S06/drivers/fsl_flexcomm.c.obj
 *fill*         0x000026ab        0x1 
 .rodata.__func__.5
                0x000026ac       0x1b CMakeFiles/led_blinky.elf.dir/a00ae4ed44a530a7f5755e7f6cdb0eef/devices/LPC55S06/drivers/fsl_flexcomm.c.obj
 *fill*         0x000026c7        0x1 
 .rodata.__func__.4
                0x000026c8       0x1b CMakeFiles/led_blinky.elf.dir/a00ae4ed44a530a7f5755e7f6cdb0eef/devices/LPC55S06/drivers/fsl_flexcomm.c.obj
 *fill*         0x000026e3        0x1 
 .rodata.__func__.3
                0x000026e4       0x1b CMakeFiles/led_blinky.elf.dir/a00ae4ed44a530a7f5755e7f6cdb0eef/devices/LPC55S06/drivers/fsl_flexcomm.c.obj
 *fill*         0x000026ff        0x1 
 .rodata.__func__.2
                0x00002700       0x1b CMakeFiles/led_blinky.elf.dir/a00ae4ed44a530a7f5755e7f6cdb0eef/devices/LPC55S06/drivers/fsl_flexcomm.c.obj
 *fill*         0x0000271b        0x1 
 .rodata.__func__.1
                0x0000271c       0x1b CMakeFiles/led_blinky.elf.dir/a00ae4ed44a530a7f5755e7f6cdb0eef/devices/LPC55S06/drivers/fsl_flexcomm.c.obj
 *fill*         0x00002737        0x1 
 .rodata.__func__.0
                0x00002738       0x1b CMakeFiles/led_blinky.elf.dir/a00ae4ed44a530a7f5755e7f6cdb0eef/devices/LPC55S06/drivers/fsl_flexcomm.c.obj
 *fill*         0x00002753        0x1 
 .rodata.s_gpioClockName
                0x00002754        0x4 CMakeFiles/led_blinky.elf.dir/C_/Users/jordanj/Documents/ARM/NXP/SDK_2_10_1_LPCXpresso55S06/devices/LPC55S06/drivers/fsl_gpio.c.obj
 .rodata.s_gpioResets
                0x00002758        0x8 CMakeFiles/led_blinky.elf.dir/C_/Users/jordanj/Documents/ARM/NXP/SDK_2_10_1_LPCXpresso55S06/devices/LPC55S06/drivers/fsl_gpio.c.obj
 .rodata.__func__.0
                0x00002760       0x15 CMakeFiles/led_blinky.elf.dir/C_/Users/jordanj/Documents/ARM/NXP/SDK_2_10_1_LPCXpresso55S06/devices/LPC55S06/drivers/fsl_gpio.c.obj
 *fill*         0x00002775        0x3 
 .rodata._global_impure_ptr
                0x00002778        0x4 c:/progra~2/gnuarm~1/102020~1/bin/../lib/gcc/arm-none-eabi/10.2.1/../../../../arm-none-eabi/lib/thumb/v8-m.main+fp/hard\libc_nano.a(lib_a-impure.o)
                0x00002778                _global_impure_ptr
 *(.glue_7)
 .glue_7        0x0000277c        0x0 linker stubs
 *(.glue_7t)
 .glue_7t       0x0000277c        0x0 linker stubs
 *(.eh_frame)
 .eh_frame      0x0000277c        0x0 c:/progra~2/gnuarm~1/102020~1/bin/../lib/gcc/arm-none-eabi/10.2.1/thumb/v8-m.main+fp/hard/crtbegin.o
 *(.init)
 .init          0x0000277c        0x4 c:/progra~2/gnuarm~1/102020~1/bin/../lib/gcc/arm-none-eabi/10.2.1/thumb/v8-m.main+fp/hard/crti.o
                0x0000277c                _init
 .init          0x00002780        0x8 c:/progra~2/gnuarm~1/102020~1/bin/../lib/gcc/arm-none-eabi/10.2.1/thumb/v8-m.main+fp/hard/crtn.o
 *(.fini)
 .fini          0x00002788        0x4 c:/progra~2/gnuarm~1/102020~1/bin/../lib/gcc/arm-none-eabi/10.2.1/thumb/v8-m.main+fp/hard/crti.o
                0x00002788                _fini
 .fini          0x0000278c        0x8 c:/progra~2/gnuarm~1/102020~1/bin/../lib/gcc/arm-none-eabi/10.2.1/thumb/v8-m.main+fp/hard/crtn.o
                0x00002794                . = ALIGN (0x4)

.vfp11_veneer   0x00002794        0x0
 .vfp11_veneer  0x00002794        0x0 linker stubs

.v4_bx          0x00002794        0x0
 .v4_bx         0x00002794        0x0 linker stubs

.iplt           0x00002794        0x0
 .iplt          0x00002794        0x0 c:/progra~2/gnuarm~1/102020~1/bin/../lib/gcc/arm-none-eabi/10.2.1/thumb/v8-m.main+fp/hard/crtbegin.o

.ARM.extab
 *(.ARM.extab* .gnu.linkonce.armextab.*)

.ARM            0x00002794        0x8
                0x00002794                __exidx_start = .
 *(.ARM.exidx*)
 .ARM.exidx     0x00002794        0x8 c:/progra~2/gnuarm~1/102020~1/bin/../lib/gcc/arm-none-eabi/10.2.1/../../../../arm-none-eabi/lib/thumb/v8-m.main+fp/hard/crt0.o
                                 0x10 (size before relaxing)
 .ARM.exidx     0x0000279c        0x0 c:/progra~2/gnuarm~1/102020~1/bin/../lib/gcc/arm-none-eabi/10.2.1/thumb/v8-m.main+fp/hard\libgcc.a(_udivmoddi4.o)
                                  0x8 (size before relaxing)
                0x0000279c                __exidx_end = .

.rel.dyn        0x0000279c        0x0
 .rel.iplt      0x0000279c        0x0 c:/progra~2/gnuarm~1/102020~1/bin/../lib/gcc/arm-none-eabi/10.2.1/thumb/v8-m.main+fp/hard/crtbegin.o

.ctors          0x0000279c        0x0
                0x0000279c                __CTOR_LIST__ = .
 *crtbegin.o(.ctors)
 *crtbegin?.o(.ctors)
 *(EXCLUDE_FILE(*crtend.o *crtend?.o) .ctors)
 *(SORT_BY_NAME(.ctors.*))
 *(.ctors)
                0x0000279c                __CTOR_END__ = .

.dtors          0x0000279c        0x0
                0x0000279c                __DTOR_LIST__ = .
 *crtbegin.o(.dtors)
 *crtbegin?.o(.dtors)
 *(EXCLUDE_FILE(*crtend.o *crtend?.o) .dtors)
 *(SORT_BY_NAME(.dtors.*))
 *(.dtors)
                0x0000279c                __DTOR_END__ = .

.preinit_array  0x0000279c        0x0
                0x0000279c                PROVIDE (__preinit_array_start = .)
 *(.preinit_array*)
                0x0000279c                PROVIDE (__preinit_array_end = .)

.init_array     0x0000279c        0x4
                0x0000279c                PROVIDE (__init_array_start = .)
 *(SORT_BY_NAME(.init_array.*))
 *(.init_array*)
 .init_array    0x0000279c        0x4 c:/progra~2/gnuarm~1/102020~1/bin/../lib/gcc/arm-none-eabi/10.2.1/thumb/v8-m.main+fp/hard/crtbegin.o
                0x000027a0                PROVIDE (__init_array_end = .)

.fini_array     0x000027a0        0x4
                [!provide]                PROVIDE (__fini_array_start = .)
 *(SORT_BY_NAME(.fini_array.*))
 *(.fini_array*)
 .fini_array    0x000027a0        0x4 c:/progra~2/gnuarm~1/102020~1/bin/../lib/gcc/arm-none-eabi/10.2.1/thumb/v8-m.main+fp/hard/crtbegin.o
                [!provide]                PROVIDE (__fini_array_end = .)
                0x000027a4                __etext = .
                0x000027a4                __DATA_ROM = .

.data           0x20000000       0x64 load address 0x000027a4
                0x20000000                . = ALIGN (0x4)
                0x20000000                __DATA_RAM = .
                0x20000000                __data_start__ = .
 *(.ramfunc*)
 *(.data)
 *(.data*)
 .data.SystemCoreClock
                0x20000000        0x4 CMakeFiles/led_blinky.elf.dir/C_/Users/jordanj/Documents/ARM/NXP/SDK_2_10_1_LPCXpresso55S06/devices/LPC55S06/system_LPC55S06.c.obj
                0x20000000                SystemCoreClock
 .data.impure_data
                0x20000004       0x60 c:/progra~2/gnuarm~1/102020~1/bin/../lib/gcc/arm-none-eabi/10.2.1/../../../../arm-none-eabi/lib/thumb/v8-m.main+fp/hard\libc_nano.a(lib_a-impure.o)
 *(.jcr*)
                0x20000064                . = ALIGN (0x4)
                0x20000064                __data_end__ = .
                0x00002808                __DATA_END = (__DATA_ROM + (__data_end__ - __data_start__))
                0x00038000                text_end = (ORIGIN (m_text) + LENGTH (m_text))
                0x00000001                ASSERT ((__DATA_END <= text_end), region m_text overflowed with text and data)

.igot.plt       0x20000064        0x0 load address 0x00002808
 .igot.plt      0x20000064        0x0 c:/progra~2/gnuarm~1/102020~1/bin/../lib/gcc/arm-none-eabi/10.2.1/thumb/v8-m.main+fp/hard/crtbegin.o

.bss            0x20000064       0x7c load address 0x00002808
                0x20000064                . = ALIGN (0x4)
                0x20000064                __START_BSS = .
                0x20000064                __bss_start__ = .
 *(.bss)
 .bss           0x20000064       0x1c c:/progra~2/gnuarm~1/102020~1/bin/../lib/gcc/arm-none-eabi/10.2.1/thumb/v8-m.main+fp/hard/crtbegin.o
 *(.bss*)
 .bss.g_systickCounter
                0x20000080        0x4 CMakeFiles/led_blinky.elf.dir/__/led_blinky.c.obj
                0x20000080                g_systickCounter
 .bss.s_debugConsole
                0x20000084       0x14 CMakeFiles/led_blinky.elf.dir/54d17fca40fc393c44be5c3c53cf5e6a/LPC55S06/utilities/debug_console_lite/fsl_debug_console.c.obj
 .bss.s_flexcommIrqHandler
                0x20000098       0x24 CMakeFiles/led_blinky.elf.dir/a00ae4ed44a530a7f5755e7f6cdb0eef/devices/LPC55S06/drivers/fsl_flexcomm.c.obj
 .bss.s_flexcommHandle
                0x200000bc       0x24 CMakeFiles/led_blinky.elf.dir/a00ae4ed44a530a7f5755e7f6cdb0eef/devices/LPC55S06/drivers/fsl_flexcomm.c.obj
 *(COMMON)
                0x200000e0                . = ALIGN (0x4)
                0x200000e0                __bss_end__ = .
                0x200000e0                __END_BSS = .

.heap           0x200000e0      0x400 load address 0x00002884
                0x200000e0                . = ALIGN (0x8)
                0x200000e0                __end__ = .
                0x200000e0                PROVIDE (end = .)
                0x200000e0                __HeapBase = .
                0x200004e0                . = (. + HEAP_SIZE)
 *fill*         0x200000e0      0x400 
                0x200004e0                __HeapLimit = .
                0x200004e0                __heap_limit = .

.stack          0x200004e0      0x800 load address 0x00002c84
                0x200004e0                . = ALIGN (0x8)
                0x20000ce0                . = (. + STACK_SIZE)
 *fill*         0x200004e0      0x800 
                0x20010000                __StackTop = (ORIGIN (m_data) + LENGTH (m_data))
                0x2000f800                __StackLimit = (__StackTop - STACK_SIZE)
                0x20010000                PROVIDE (__stack = __StackTop)

.ARM.attributes
                0x00000000       0x36
 *(.ARM.attributes)
 .ARM.attributes
                0x00000000       0x22 c:/progra~2/gnuarm~1/102020~1/bin/../lib/gcc/arm-none-eabi/10.2.1/thumb/v8-m.main+fp/hard/crti.o
 .ARM.attributes
                0x00000022       0x38 c:/progra~2/gnuarm~1/102020~1/bin/../lib/gcc/arm-none-eabi/10.2.1/thumb/v8-m.main+fp/hard/crtbegin.o
 .ARM.attributes
                0x0000005a       0x20 c:/progra~2/gnuarm~1/102020~1/bin/../lib/gcc/arm-none-eabi/10.2.1/../../../../arm-none-eabi/lib/thumb/v8-m.main+fp/hard/crt0.o
 .ARM.attributes
                0x0000007a       0x3a CMakeFiles/led_blinky.elf.dir/__/led_blinky.c.obj
 .ARM.attributes
                0x000000b4       0x3a CMakeFiles/led_blinky.elf.dir/__/pin_mux.c.obj
 .ARM.attributes
                0x000000ee       0x3a CMakeFiles/led_blinky.elf.dir/54d17fca40fc393c44be5c3c53cf5e6a/LPC55S06/utilities/debug_console_lite/fsl_debug_console.c.obj
 .ARM.attributes
                0x00000128       0x3a CMakeFiles/led_blinky.elf.dir/4bb01cc7729aba75ef6beccb952dc303/SDK_2_10_1_LPCXpresso55S06/devices/LPC55S06/drivers/fsl_reset.c.obj
 .ARM.attributes
                0x00000162       0x3a CMakeFiles/led_blinky.elf.dir/a00ae4ed44a530a7f5755e7f6cdb0eef/devices/LPC55S06/drivers/fsl_flexcomm.c.obj
 .ARM.attributes
                0x0000019c       0x3a CMakeFiles/led_blinky.elf.dir/a00ae4ed44a530a7f5755e7f6cdb0eef/devices/LPC55S06/utilities/debug_console_lite/fsl_assert.c.obj
 .ARM.attributes
                0x000001d6       0x3a CMakeFiles/led_blinky.elf.dir/C_/Users/jordanj/Documents/ARM/NXP/SDK_2_10_1_LPCXpresso55S06/devices/LPC55S06/drivers/fsl_gpio.c.obj
 .ARM.attributes
                0x00000210       0x24 CMakeFiles/led_blinky.elf.dir/a00ae4ed44a530a7f5755e7f6cdb0eef/devices/LPC55S06/gcc/startup_LPC55S06.S.obj
 .ARM.attributes
                0x00000234       0x3a CMakeFiles/led_blinky.elf.dir/C_/Users/jordanj/Documents/ARM/NXP/SDK_2_10_1_LPCXpresso55S06/devices/LPC55S06/system_LPC55S06.c.obj
 .ARM.attributes
                0x0000026e       0x38 c:/progra~2/gnuarm~1/102020~1/bin/../lib/gcc/arm-none-eabi/10.2.1/../../../../arm-none-eabi/lib/thumb/v8-m.main+fp/hard\libc_nano.a(lib_a-exit.o)
 .ARM.attributes
                0x000002a6       0x36 c:/progra~2/gnuarm~1/102020~1/bin/../lib/gcc/arm-none-eabi/10.2.1/../../../../arm-none-eabi/lib/thumb/v8-m.main+fp/hard\libc_nano.a(lib_a-impure.o)
 .ARM.attributes
                0x000002dc       0x38 c:/progra~2/gnuarm~1/102020~1/bin/../lib/gcc/arm-none-eabi/10.2.1/../../../../arm-none-eabi/lib/thumb/v8-m.main+fp/hard\libc_nano.a(lib_a-init.o)
 .ARM.attributes
                0x00000314       0x38 c:/progra~2/gnuarm~1/102020~1/bin/../lib/gcc/arm-none-eabi/10.2.1/../../../../arm-none-eabi/lib/thumb/v8-m.main+fp/hard\libc_nano.a(lib_a-memset.o)
 .ARM.attributes
                0x0000034c       0x17 c:/progra~2/gnuarm~1/102020~1/bin/../lib/gcc/arm-none-eabi/10.2.1/../../../../arm-none-eabi/lib/thumb/v8-m.main+fp/hard\libc_nano.a(lib_a-strlen.o)
 .ARM.attributes
                0x00000363       0x22 c:/progra~2/gnuarm~1/102020~1/bin/../lib/gcc/arm-none-eabi/10.2.1/thumb/v8-m.main+fp/hard\libgcc.a(_aeabi_uldivmod.o)
 .ARM.attributes
                0x00000385       0x38 c:/progra~2/gnuarm~1/102020~1/bin/../lib/gcc/arm-none-eabi/10.2.1/thumb/v8-m.main+fp/hard\libgcc.a(_fixunssfdi.o)
 .ARM.attributes
                0x000003bd       0x38 c:/progra~2/gnuarm~1/102020~1/bin/../lib/gcc/arm-none-eabi/10.2.1/thumb/v8-m.main+fp/hard\libgcc.a(_udivmoddi4.o)
 .ARM.attributes
                0x000003f5       0x22 c:/progra~2/gnuarm~1/102020~1/bin/../lib/gcc/arm-none-eabi/10.2.1/thumb/v8-m.main+fp/hard\libgcc.a(_arm_muldf3.o)
 .ARM.attributes
                0x00000417       0x22 c:/progra~2/gnuarm~1/102020~1/bin/../lib/gcc/arm-none-eabi/10.2.1/thumb/v8-m.main+fp/hard\libgcc.a(_dvmd_tls.o)
 .ARM.attributes
                0x00000439       0x22 c:/progra~2/gnuarm~1/102020~1/bin/../lib/gcc/arm-none-eabi/10.2.1/thumb/v8-m.main+fp/hard\libgcc.a(_arm_addsubdf3.o)
 .ARM.attributes
                0x0000045b       0x22 c:/progra~2/gnuarm~1/102020~1/bin/../lib/gcc/arm-none-eabi/10.2.1/thumb/v8-m.main+fp/hard\libgcc.a(_arm_fixunsdfsi.o)
 .ARM.attributes
                0x0000047d       0x38 c:/progra~2/gnuarm~1/102020~1/bin/../lib/gcc/arm-none-eabi/10.2.1/../../../../arm-none-eabi/lib/thumb/v8-m.main+fp/hard\libnosys.a(_exit.o)
 .ARM.attributes
                0x000004b5       0x22 c:/progra~2/gnuarm~1/102020~1/bin/../lib/gcc/arm-none-eabi/10.2.1/thumb/v8-m.main+fp/hard/crtn.o
                0x00000001                ASSERT ((__StackLimit >= __HeapLimit), region m_data overflowed with stack and heap)
OUTPUT(..\..\..\led_blinky\armgcc\debug\led_blinky.elf elf32-littlearm)
LOAD linker stubs

.debug_info     0x00000000     0x8395
 .debug_info    0x00000000      0xcb5 CMakeFiles/led_blinky.elf.dir/__/led_blinky.c.obj
 .debug_info    0x00000cb5     0x122d CMakeFiles/led_blinky.elf.dir/__/pin_mux.c.obj
 .debug_info    0x00001ee2      0xc2c CMakeFiles/led_blinky.elf.dir/54d17fca40fc393c44be5c3c53cf5e6a/LPC55S06/utilities/debug_console_lite/fsl_debug_console.c.obj
 .debug_info    0x00002b0e      0xf67 CMakeFiles/led_blinky.elf.dir/4bb01cc7729aba75ef6beccb952dc303/SDK_2_10_1_LPCXpresso55S06/devices/LPC55S06/drivers/fsl_reset.c.obj
 .debug_info    0x00003a75     0x1b1d CMakeFiles/led_blinky.elf.dir/a00ae4ed44a530a7f5755e7f6cdb0eef/devices/LPC55S06/drivers/fsl_flexcomm.c.obj
 .debug_info    0x00005592       0xd4 CMakeFiles/led_blinky.elf.dir/a00ae4ed44a530a7f5755e7f6cdb0eef/devices/LPC55S06/utilities/debug_console_lite/fsl_assert.c.obj
 .debug_info    0x00005666     0x170e CMakeFiles/led_blinky.elf.dir/C_/Users/jordanj/Documents/ARM/NXP/SDK_2_10_1_LPCXpresso55S06/devices/LPC55S06/drivers/fsl_gpio.c.obj
 .debug_info    0x00006d74       0x26 CMakeFiles/led_blinky.elf.dir/a00ae4ed44a530a7f5755e7f6cdb0eef/devices/LPC55S06/gcc/startup_LPC55S06.S.obj
 .debug_info    0x00006d9a     0x15fb CMakeFiles/led_blinky.elf.dir/C_/Users/jordanj/Documents/ARM/NXP/SDK_2_10_1_LPCXpresso55S06/devices/LPC55S06/system_LPC55S06.c.obj

.debug_abbrev   0x00000000      0xedf
 .debug_abbrev  0x00000000      0x1fc CMakeFiles/led_blinky.elf.dir/__/led_blinky.c.obj
 .debug_abbrev  0x000001fc      0x21e CMakeFiles/led_blinky.elf.dir/__/pin_mux.c.obj
 .debug_abbrev  0x0000041a      0x221 CMakeFiles/led_blinky.elf.dir/54d17fca40fc393c44be5c3c53cf5e6a/LPC55S06/utilities/debug_console_lite/fsl_debug_console.c.obj
 .debug_abbrev  0x0000063b      0x14a CMakeFiles/led_blinky.elf.dir/4bb01cc7729aba75ef6beccb952dc303/SDK_2_10_1_LPCXpresso55S06/devices/LPC55S06/drivers/fsl_reset.c.obj
 .debug_abbrev  0x00000785      0x2ca CMakeFiles/led_blinky.elf.dir/a00ae4ed44a530a7f5755e7f6cdb0eef/devices/LPC55S06/drivers/fsl_flexcomm.c.obj
 .debug_abbrev  0x00000a4f       0x68 CMakeFiles/led_blinky.elf.dir/a00ae4ed44a530a7f5755e7f6cdb0eef/devices/LPC55S06/utilities/debug_console_lite/fsl_assert.c.obj
 .debug_abbrev  0x00000ab7      0x21a CMakeFiles/led_blinky.elf.dir/C_/Users/jordanj/Documents/ARM/NXP/SDK_2_10_1_LPCXpresso55S06/devices/LPC55S06/drivers/fsl_gpio.c.obj
 .debug_abbrev  0x00000cd1       0x14 CMakeFiles/led_blinky.elf.dir/a00ae4ed44a530a7f5755e7f6cdb0eef/devices/LPC55S06/gcc/startup_LPC55S06.S.obj
 .debug_abbrev  0x00000ce5      0x1fa CMakeFiles/led_blinky.elf.dir/C_/Users/jordanj/Documents/ARM/NXP/SDK_2_10_1_LPCXpresso55S06/devices/LPC55S06/system_LPC55S06.c.obj

.debug_aranges  0x00000000      0x2b0
 .debug_aranges
                0x00000000       0x48 CMakeFiles/led_blinky.elf.dir/__/led_blinky.c.obj
 .debug_aranges
                0x00000048       0x38 CMakeFiles/led_blinky.elf.dir/__/pin_mux.c.obj
 .debug_aranges
                0x00000080       0x70 CMakeFiles/led_blinky.elf.dir/54d17fca40fc393c44be5c3c53cf5e6a/LPC55S06/utilities/debug_console_lite/fsl_debug_console.c.obj
 .debug_aranges
                0x000000f0       0x30 CMakeFiles/led_blinky.elf.dir/4bb01cc7729aba75ef6beccb952dc303/SDK_2_10_1_LPCXpresso55S06/devices/LPC55S06/drivers/fsl_reset.c.obj
 .debug_aranges
                0x00000120       0x90 CMakeFiles/led_blinky.elf.dir/a00ae4ed44a530a7f5755e7f6cdb0eef/devices/LPC55S06/drivers/fsl_flexcomm.c.obj
 .debug_aranges
                0x000001b0       0x20 CMakeFiles/led_blinky.elf.dir/a00ae4ed44a530a7f5755e7f6cdb0eef/devices/LPC55S06/utilities/debug_console_lite/fsl_assert.c.obj
 .debug_aranges
                0x000001d0       0x38 CMakeFiles/led_blinky.elf.dir/C_/Users/jordanj/Documents/ARM/NXP/SDK_2_10_1_LPCXpresso55S06/devices/LPC55S06/drivers/fsl_gpio.c.obj
 .debug_aranges
                0x00000208       0x20 CMakeFiles/led_blinky.elf.dir/a00ae4ed44a530a7f5755e7f6cdb0eef/devices/LPC55S06/gcc/startup_LPC55S06.S.obj
 .debug_aranges
                0x00000228       0x88 CMakeFiles/led_blinky.elf.dir/C_/Users/jordanj/Documents/ARM/NXP/SDK_2_10_1_LPCXpresso55S06/devices/LPC55S06/system_LPC55S06.c.obj

.debug_ranges   0x00000000      0x210
 .debug_ranges  0x00000000       0x38 CMakeFiles/led_blinky.elf.dir/__/led_blinky.c.obj
 .debug_ranges  0x00000038       0x28 CMakeFiles/led_blinky.elf.dir/__/pin_mux.c.obj
 .debug_ranges  0x00000060       0x60 CMakeFiles/led_blinky.elf.dir/54d17fca40fc393c44be5c3c53cf5e6a/LPC55S06/utilities/debug_console_lite/fsl_debug_console.c.obj
 .debug_ranges  0x000000c0       0x20 CMakeFiles/led_blinky.elf.dir/4bb01cc7729aba75ef6beccb952dc303/SDK_2_10_1_LPCXpresso55S06/devices/LPC55S06/drivers/fsl_reset.c.obj
 .debug_ranges  0x000000e0       0x80 CMakeFiles/led_blinky.elf.dir/a00ae4ed44a530a7f5755e7f6cdb0eef/devices/LPC55S06/drivers/fsl_flexcomm.c.obj
 .debug_ranges  0x00000160       0x10 CMakeFiles/led_blinky.elf.dir/a00ae4ed44a530a7f5755e7f6cdb0eef/devices/LPC55S06/utilities/debug_console_lite/fsl_assert.c.obj
 .debug_ranges  0x00000170       0x28 CMakeFiles/led_blinky.elf.dir/C_/Users/jordanj/Documents/ARM/NXP/SDK_2_10_1_LPCXpresso55S06/devices/LPC55S06/drivers/fsl_gpio.c.obj
 .debug_ranges  0x00000198       0x78 CMakeFiles/led_blinky.elf.dir/C_/Users/jordanj/Documents/ARM/NXP/SDK_2_10_1_LPCXpresso55S06/devices/LPC55S06/system_LPC55S06.c.obj

.debug_line     0x00000000     0x20f3
 .debug_line    0x00000000      0x33f CMakeFiles/led_blinky.elf.dir/__/led_blinky.c.obj
 .debug_line    0x0000033f      0x255 CMakeFiles/led_blinky.elf.dir/__/pin_mux.c.obj
 .debug_line    0x00000594      0xa3b CMakeFiles/led_blinky.elf.dir/54d17fca40fc393c44be5c3c53cf5e6a/LPC55S06/utilities/debug_console_lite/fsl_debug_console.c.obj
 .debug_line    0x00000fcf      0x1ec CMakeFiles/led_blinky.elf.dir/4bb01cc7729aba75ef6beccb952dc303/SDK_2_10_1_LPCXpresso55S06/devices/LPC55S06/drivers/fsl_reset.c.obj
 .debug_line    0x000011bb      0x454 CMakeFiles/led_blinky.elf.dir/a00ae4ed44a530a7f5755e7f6cdb0eef/devices/LPC55S06/drivers/fsl_flexcomm.c.obj
 .debug_line    0x0000160f       0xf4 CMakeFiles/led_blinky.elf.dir/a00ae4ed44a530a7f5755e7f6cdb0eef/devices/LPC55S06/utilities/debug_console_lite/fsl_assert.c.obj
 .debug_line    0x00001703      0x21e CMakeFiles/led_blinky.elf.dir/C_/Users/jordanj/Documents/ARM/NXP/SDK_2_10_1_LPCXpresso55S06/devices/LPC55S06/drivers/fsl_gpio.c.obj
 .debug_line    0x00001921      0x228 CMakeFiles/led_blinky.elf.dir/a00ae4ed44a530a7f5755e7f6cdb0eef/devices/LPC55S06/gcc/startup_LPC55S06.S.obj
 .debug_line    0x00001b49      0x5aa CMakeFiles/led_blinky.elf.dir/C_/Users/jordanj/Documents/ARM/NXP/SDK_2_10_1_LPCXpresso55S06/devices/LPC55S06/system_LPC55S06.c.obj

.debug_str      0x00000000     0x345d
 .debug_str     0x00000000     0x11d9 CMakeFiles/led_blinky.elf.dir/__/led_blinky.c.obj
                               0x1229 (size before relaxing)
 .debug_str     0x000011d9      0xdb1 CMakeFiles/led_blinky.elf.dir/__/pin_mux.c.obj
                               0x108b (size before relaxing)
 .debug_str     0x00001f8a      0x6f8 CMakeFiles/led_blinky.elf.dir/54d17fca40fc393c44be5c3c53cf5e6a/LPC55S06/utilities/debug_console_lite/fsl_debug_console.c.obj
                               0x120e (size before relaxing)
 .debug_str     0x00002682      0x573 CMakeFiles/led_blinky.elf.dir/4bb01cc7729aba75ef6beccb952dc303/SDK_2_10_1_LPCXpresso55S06/devices/LPC55S06/drivers/fsl_reset.c.obj
                                0xf88 (size before relaxing)
 .debug_str     0x00002bf5      0x326 CMakeFiles/led_blinky.elf.dir/a00ae4ed44a530a7f5755e7f6cdb0eef/devices/LPC55S06/drivers/fsl_flexcomm.c.obj
                               0x2443 (size before relaxing)
 .debug_str     0x00002f1b       0x9c CMakeFiles/led_blinky.elf.dir/a00ae4ed44a530a7f5755e7f6cdb0eef/devices/LPC55S06/utilities/debug_console_lite/fsl_assert.c.obj
                                0x2bd (size before relaxing)
 .debug_str     0x00002fb7       0xaf CMakeFiles/led_blinky.elf.dir/C_/Users/jordanj/Documents/ARM/NXP/SDK_2_10_1_LPCXpresso55S06/devices/LPC55S06/drivers/fsl_gpio.c.obj
                               0x1dac (size before relaxing)
 .debug_str     0x00003066       0x74 CMakeFiles/led_blinky.elf.dir/a00ae4ed44a530a7f5755e7f6cdb0eef/devices/LPC55S06/gcc/startup_LPC55S06.S.obj
                                 0xeb (size before relaxing)
 .debug_str     0x000030da      0x383 CMakeFiles/led_blinky.elf.dir/C_/Users/jordanj/Documents/ARM/NXP/SDK_2_10_1_LPCXpresso55S06/devices/LPC55S06/system_LPC55S06.c.obj
                                0xed0 (size before relaxing)

.comment        0x00000000       0x4d
 .comment       0x00000000       0x4d CMakeFiles/led_blinky.elf.dir/__/led_blinky.c.obj
                                 0x4e (size before relaxing)
 .comment       0x0000004d       0x4e CMakeFiles/led_blinky.elf.dir/__/pin_mux.c.obj
 .comment       0x0000004d       0x4e CMakeFiles/led_blinky.elf.dir/54d17fca40fc393c44be5c3c53cf5e6a/LPC55S06/utilities/debug_console_lite/fsl_debug_console.c.obj
 .comment       0x0000004d       0x4e CMakeFiles/led_blinky.elf.dir/4bb01cc7729aba75ef6beccb952dc303/SDK_2_10_1_LPCXpresso55S06/devices/LPC55S06/drivers/fsl_reset.c.obj
 .comment       0x0000004d       0x4e CMakeFiles/led_blinky.elf.dir/a00ae4ed44a530a7f5755e7f6cdb0eef/devices/LPC55S06/drivers/fsl_flexcomm.c.obj
 .comment       0x0000004d       0x4e CMakeFiles/led_blinky.elf.dir/a00ae4ed44a530a7f5755e7f6cdb0eef/devices/LPC55S06/utilities/debug_console_lite/fsl_assert.c.obj
 .comment       0x0000004d       0x4e CMakeFiles/led_blinky.elf.dir/C_/Users/jordanj/Documents/ARM/NXP/SDK_2_10_1_LPCXpresso55S06/devices/LPC55S06/drivers/fsl_gpio.c.obj
 .comment       0x0000004d       0x4e CMakeFiles/led_blinky.elf.dir/C_/Users/jordanj/Documents/ARM/NXP/SDK_2_10_1_LPCXpresso55S06/devices/LPC55S06/system_LPC55S06.c.obj

.debug_frame    0x00000000      0xb14
 .debug_frame   0x00000000       0xe8 CMakeFiles/led_blinky.elf.dir/__/led_blinky.c.obj
 .debug_frame   0x000000e8       0xa0 CMakeFiles/led_blinky.elf.dir/__/pin_mux.c.obj
 .debug_frame   0x00000188      0x1d4 CMakeFiles/led_blinky.elf.dir/54d17fca40fc393c44be5c3c53cf5e6a/LPC55S06/utilities/debug_console_lite/fsl_debug_console.c.obj
 .debug_frame   0x0000035c       0x7c CMakeFiles/led_blinky.elf.dir/4bb01cc7729aba75ef6beccb952dc303/SDK_2_10_1_LPCXpresso55S06/devices/LPC55S06/drivers/fsl_reset.c.obj
 .debug_frame   0x000003d8      0x234 CMakeFiles/led_blinky.elf.dir/a00ae4ed44a530a7f5755e7f6cdb0eef/devices/LPC55S06/drivers/fsl_flexcomm.c.obj
 .debug_frame   0x0000060c       0x30 CMakeFiles/led_blinky.elf.dir/a00ae4ed44a530a7f5755e7f6cdb0eef/devices/LPC55S06/utilities/debug_console_lite/fsl_assert.c.obj
 .debug_frame   0x0000063c       0xa4 CMakeFiles/led_blinky.elf.dir/C_/Users/jordanj/Documents/ARM/NXP/SDK_2_10_1_LPCXpresso55S06/devices/LPC55S06/drivers/fsl_gpio.c.obj
 .debug_frame   0x000006e0      0x210 CMakeFiles/led_blinky.elf.dir/C_/Users/jordanj/Documents/ARM/NXP/SDK_2_10_1_LPCXpresso55S06/devices/LPC55S06/system_LPC55S06.c.obj
 .debug_frame   0x000008f0       0x28 c:/progra~2/gnuarm~1/102020~1/bin/../lib/gcc/arm-none-eabi/10.2.1/../../../../arm-none-eabi/lib/thumb/v8-m.main+fp/hard\libc_nano.a(lib_a-exit.o)
 .debug_frame   0x00000918       0x2c c:/progra~2/gnuarm~1/102020~1/bin/../lib/gcc/arm-none-eabi/10.2.1/../../../../arm-none-eabi/lib/thumb/v8-m.main+fp/hard\libc_nano.a(lib_a-init.o)
 .debug_frame   0x00000944       0x20 c:/progra~2/gnuarm~1/102020~1/bin/../lib/gcc/arm-none-eabi/10.2.1/../../../../arm-none-eabi/lib/thumb/v8-m.main+fp/hard\libc_nano.a(lib_a-memset.o)
 .debug_frame   0x00000964       0x2c c:/progra~2/gnuarm~1/102020~1/bin/../lib/gcc/arm-none-eabi/10.2.1/thumb/v8-m.main+fp/hard\libgcc.a(_aeabi_uldivmod.o)
 .debug_frame   0x00000990       0x2c c:/progra~2/gnuarm~1/102020~1/bin/../lib/gcc/arm-none-eabi/10.2.1/thumb/v8-m.main+fp/hard\libgcc.a(_fixunssfdi.o)
 .debug_frame   0x000009bc       0x38 c:/progra~2/gnuarm~1/102020~1/bin/../lib/gcc/arm-none-eabi/10.2.1/thumb/v8-m.main+fp/hard\libgcc.a(_udivmoddi4.o)
 .debug_frame   0x000009f4       0x30 c:/progra~2/gnuarm~1/102020~1/bin/../lib/gcc/arm-none-eabi/10.2.1/thumb/v8-m.main+fp/hard\libgcc.a(_arm_muldf3.o)
 .debug_frame   0x00000a24       0xac c:/progra~2/gnuarm~1/102020~1/bin/../lib/gcc/arm-none-eabi/10.2.1/thumb/v8-m.main+fp/hard\libgcc.a(_arm_addsubdf3.o)
 .debug_frame   0x00000ad0       0x24 c:/progra~2/gnuarm~1/102020~1/bin/../lib/gcc/arm-none-eabi/10.2.1/thumb/v8-m.main+fp/hard\libgcc.a(_arm_fixunsdfsi.o)
 .debug_frame   0x00000af4       0x20 c:/progra~2/gnuarm~1/102020~1/bin/../lib/gcc/arm-none-eabi/10.2.1/../../../../arm-none-eabi/lib/thumb/v8-m.main+fp/hard\libnosys.a(_exit.o)
