Archive member included to satisfy reference by file (symbol)

c:/progra~2/gnuarm~1/102020~1/bin/../lib/gcc/arm-none-eabi/10.2.1/../../../../arm-none-eabi/lib/thumb/v8-m.main+fp/hard\libc_nano.a(lib_a-atoi.o)
                              CMakeFiles/shell.elf.dir/__/shell.c.obj (atoi)
c:/progra~2/gnuarm~1/102020~1/bin/../lib/gcc/arm-none-eabi/10.2.1/../../../../arm-none-eabi/lib/thumb/v8-m.main+fp/hard\libc_nano.a(lib_a-errno.o)
                              CMakeFiles/shell.elf.dir/C_/Users/jordanj/Documents/ARM/NXP/SDK_2_10_1_LPCXpresso55S06/devices/LPC55S06/utilities/str/fsl_str.c.obj (__errno)
c:/progra~2/gnuarm~1/102020~1/bin/../lib/gcc/arm-none-eabi/10.2.1/../../../../arm-none-eabi/lib/thumb/v8-m.main+fp/hard\libc_nano.a(lib_a-exit.o)
                              c:/progra~2/gnuarm~1/102020~1/bin/../lib/gcc/arm-none-eabi/10.2.1/../../../../arm-none-eabi/lib/thumb/v8-m.main+fp/hard/crt0.o (exit)
c:/progra~2/gnuarm~1/102020~1/bin/../lib/gcc/arm-none-eabi/10.2.1/../../../../arm-none-eabi/lib/thumb/v8-m.main+fp/hard\libc_nano.a(lib_a-impure.o)
                              c:/progra~2/gnuarm~1/102020~1/bin/../lib/gcc/arm-none-eabi/10.2.1/../../../../arm-none-eabi/lib/thumb/v8-m.main+fp/hard\libc_nano.a(lib_a-exit.o) (_global_impure_ptr)
c:/progra~2/gnuarm~1/102020~1/bin/../lib/gcc/arm-none-eabi/10.2.1/../../../../arm-none-eabi/lib/thumb/v8-m.main+fp/hard\libc_nano.a(lib_a-init.o)
                              c:/progra~2/gnuarm~1/102020~1/bin/../lib/gcc/arm-none-eabi/10.2.1/../../../../arm-none-eabi/lib/thumb/v8-m.main+fp/hard/crt0.o (__libc_init_array)
c:/progra~2/gnuarm~1/102020~1/bin/../lib/gcc/arm-none-eabi/10.2.1/../../../../arm-none-eabi/lib/thumb/v8-m.main+fp/hard\libc_nano.a(lib_a-malloc.o)
                              CMakeFiles/shell.elf.dir/C_/Users/jordanj/Documents/ARM/NXP/SDK_2_10_1_LPCXpresso55S06/devices/LPC55S06/drivers/fsl_common.c.obj (malloc)
c:/progra~2/gnuarm~1/102020~1/bin/../lib/gcc/arm-none-eabi/10.2.1/../../../../arm-none-eabi/lib/thumb/v8-m.main+fp/hard\libc_nano.a(lib_a-memcpy-stub.o)
                              CMakeFiles/shell.elf.dir/C_/Users/jordanj/Documents/ARM/NXP/SDK_2_10_1_LPCXpresso55S06/devices/LPC55S06/utilities/fsl_shell.c.obj (memcpy)
c:/progra~2/gnuarm~1/102020~1/bin/../lib/gcc/arm-none-eabi/10.2.1/../../../../arm-none-eabi/lib/thumb/v8-m.main+fp/hard\libc_nano.a(lib_a-memmove.o)
                              CMakeFiles/shell.elf.dir/C_/Users/jordanj/Documents/ARM/NXP/SDK_2_10_1_LPCXpresso55S06/devices/LPC55S06/utilities/fsl_shell.c.obj (memmove)
c:/progra~2/gnuarm~1/102020~1/bin/../lib/gcc/arm-none-eabi/10.2.1/../../../../arm-none-eabi/lib/thumb/v8-m.main+fp/hard\libc_nano.a(lib_a-memset.o)
                              c:/progra~2/gnuarm~1/102020~1/bin/../lib/gcc/arm-none-eabi/10.2.1/../../../../arm-none-eabi/lib/thumb/v8-m.main+fp/hard/crt0.o (memset)
c:/progra~2/gnuarm~1/102020~1/bin/../lib/gcc/arm-none-eabi/10.2.1/../../../../arm-none-eabi/lib/thumb/v8-m.main+fp/hard\libc_nano.a(lib_a-nano-freer.o)
                              c:/progra~2/gnuarm~1/102020~1/bin/../lib/gcc/arm-none-eabi/10.2.1/../../../../arm-none-eabi/lib/thumb/v8-m.main+fp/hard\libc_nano.a(lib_a-malloc.o) (_free_r)
c:/progra~2/gnuarm~1/102020~1/bin/../lib/gcc/arm-none-eabi/10.2.1/../../../../arm-none-eabi/lib/thumb/v8-m.main+fp/hard\libc_nano.a(lib_a-nano-mallocr.o)
                              c:/progra~2/gnuarm~1/102020~1/bin/../lib/gcc/arm-none-eabi/10.2.1/../../../../arm-none-eabi/lib/thumb/v8-m.main+fp/hard\libc_nano.a(lib_a-malloc.o) (_malloc_r)
c:/progra~2/gnuarm~1/102020~1/bin/../lib/gcc/arm-none-eabi/10.2.1/../../../../arm-none-eabi/lib/thumb/v8-m.main+fp/hard\libc_nano.a(lib_a-sbrkr.o)
                              c:/progra~2/gnuarm~1/102020~1/bin/../lib/gcc/arm-none-eabi/10.2.1/../../../../arm-none-eabi/lib/thumb/v8-m.main+fp/hard\libc_nano.a(lib_a-nano-mallocr.o) (_sbrk_r)
c:/progra~2/gnuarm~1/102020~1/bin/../lib/gcc/arm-none-eabi/10.2.1/../../../../arm-none-eabi/lib/thumb/v8-m.main+fp/hard\libc_nano.a(lib_a-strcmp.o)
                              CMakeFiles/shell.elf.dir/__/shell.c.obj (strcmp)
c:/progra~2/gnuarm~1/102020~1/bin/../lib/gcc/arm-none-eabi/10.2.1/../../../../arm-none-eabi/lib/thumb/v8-m.main+fp/hard\libc_nano.a(lib_a-strlen.o)
                              CMakeFiles/shell.elf.dir/C_/Users/jordanj/Documents/ARM/NXP/SDK_2_10_1_LPCXpresso55S06/devices/LPC55S06/utilities/fsl_shell.c.obj (strlen)
c:/progra~2/gnuarm~1/102020~1/bin/../lib/gcc/arm-none-eabi/10.2.1/../../../../arm-none-eabi/lib/thumb/v8-m.main+fp/hard\libc_nano.a(lib_a-strtol.o)
                              c:/progra~2/gnuarm~1/102020~1/bin/../lib/gcc/arm-none-eabi/10.2.1/../../../../arm-none-eabi/lib/thumb/v8-m.main+fp/hard\libc_nano.a(lib_a-atoi.o) (_strtol_r)
c:/progra~2/gnuarm~1/102020~1/bin/../lib/gcc/arm-none-eabi/10.2.1/../../../../arm-none-eabi/lib/thumb/v8-m.main+fp/hard\libc_nano.a(lib_a-strtoul.o)
[...]
Memory Configuration

Name             Origin             Length             Attributes
m_interrupts     0x00000000         0x00000200         xr
m_text           0x00000200         0x00037e00         xr
m_data           0x20000000         0x00010000         rw
m_sramx          0x04000000         0x00004000         rw
m_sram3          0x20010000         0x00004000         rw
*default*        0x00000000         0xffffffff

Linker script and memory map

LOAD c:/progra~2/gnuarm~1/102020~1/bin/../lib/gcc/arm-none-eabi/10.2.1/thumb/v8-m.main+fp/hard/crti.o
LOAD c:/progra~2/gnuarm~1/102020~1/bin/../lib/gcc/arm-none-eabi/10.2.1/thumb/v8-m.main+fp/hard/crtbegin.o
LOAD c:/progra~2/gnuarm~1/102020~1/bin/../lib/gcc/arm-none-eabi/10.2.1/../../../../arm-none-eabi/lib/thumb/v8-m.main+fp/hard/crt0.o
LOAD CMakeFiles/shell.elf.dir/__/shell.c.obj
LOAD CMakeFiles/shell.elf.dir/__/pin_mux.c.obj
LOAD CMakeFiles/shell.elf.dir/__/board.c.obj
LOAD CMakeFiles/shell.elf.dir/__/clock_config.c.obj
LOAD CMakeFiles/shell.elf.dir/C_/Users/jordanj/Documents/ARM/NXP/SDK_2_10_1_LPCXpresso55S06/devices/LPC55S06/utilities/fsl_shell.c.obj
LOAD CMakeFiles/shell.elf.dir/C_/Users/jordanj/Documents/ARM/NXP/SDK_2_10_1_LPCXpresso55S06/devices/LPC55S06/utilities/str/fsl_str.c.obj
LOAD CMakeFiles/shell.elf.dir/a00ae4ed44a530a7f5755e7f6cdb0eef/devices/LPC55S06/utilities/debug_console/fsl_debug_console.c.obj
LOAD CMakeFiles/shell.elf.dir/a00ae4ed44a530a7f5755e7f6cdb0eef/components/serial_manager/fsl_component_serial_manager.c.obj
LOAD CMakeFiles/shell.elf.dir/a00ae4ed44a530a7f5755e7f6cdb0eef/components/serial_manager/fsl_component_serial_port_uart.c.obj
LOAD CMakeFiles/shell.elf.dir/C_/Users/jordanj/Documents/ARM/NXP/SDK_2_10_1_LPCXpresso55S06/devices/LPC55S06/drivers/fsl_usart.c.obj
LOAD CMakeFiles/shell.elf.dir/C_/Users/jordanj/Documents/ARM/NXP/SDK_2_10_1_LPCXpresso55S06/devices/LPC55S06/drivers/fsl_flexcomm.c.obj
LOAD CMakeFiles/shell.elf.dir/C_/Users/jordanj/Documents/ARM/NXP/SDK_2_10_1_LPCXpresso55S06/devices/LPC55S06/drivers/fsl_common.c.obj
LOAD CMakeFiles/shell.elf.dir/C_/Users/jordanj/Documents/ARM/NXP/SDK_2_10_1_LPCXpresso55S06/devices/LPC55S06/drivers/fsl_common_arm.c.obj
LOAD CMakeFiles/shell.elf.dir/C_/Users/jordanj/Documents/ARM/NXP/SDK_2_10_1_LPCXpresso55S06/devices/LPC55S06/drivers/fsl_clock.c.obj
LOAD CMakeFiles/shell.elf.dir/C_/Users/jordanj/Documents/ARM/NXP/SDK_2_10_1_LPCXpresso55S06/devices/LPC55S06/drivers/fsl_power.c.obj
LOAD CMakeFiles/shell.elf.dir/C_/Users/jordanj/Documents/ARM/NXP/SDK_2_10_1_LPCXpresso55S06/devices/LPC55S06/drivers/fsl_reset.c.obj
LOAD CMakeFiles/shell.elf.dir/C_/Users/jordanj/Documents/ARM/NXP/SDK_2_10_1_LPCXpresso55S06/components/uart/fsl_adapter_usart.c.obj
LOAD CMakeFiles/shell.elf.dir/C_/Users/jordanj/Documents/ARM/NXP/SDK_2_10_1_LPCXpresso55S06/components/lists/fsl_component_generic_list.c.obj
LOAD CMakeFiles/shell.elf.dir/C_/Users/jordanj/Documents/ARM/NXP/SDK_2_10_1_LPCXpresso55S06/devices/LPC55S06/gcc/startup_LPC55S06.S.obj
LOAD CMakeFiles/shell.elf.dir/C_/Users/jordanj/Documents/ARM/NXP/SDK_2_10_1_LPCXpresso55S06/devices/LPC55S06/system_LPC55S06.c.obj
LOAD CMakeFiles/shell.elf.dir/C_/Users/jordanj/Documents/ARM/NXP/SDK_2_10_1_LPCXpresso55S06/devices/LPC55S06/drivers/fsl_gpio.c.obj
LOAD CMakeFiles/shell.elf.dir/C_/Users/jordanj/Documents/ARM/NXP/SDK_2_10_1_LPCXpresso55S06/devices/LPC55S06/utilities/fsl_assert.c.obj
LOAD CMakeFiles/shell.elf.dir/C_/Users/jordanj/Documents/ARM/NXP/SDK_2_10_1_LPCXpresso55S06/devices/LPC55S06/utilities/fsl_sbrk.c.obj
START GROUP
LOAD c:/progra~2/gnuarm~1/102020~1/bin/../lib/gcc/arm-none-eabi/10.2.1/../../../../arm-none-eabi/lib/thumb/v8-m.main+fp/hard\libm.a
LOAD c:/progra~2/gnuarm~1/102020~1/bin/../lib/gcc/arm-none-eabi/10.2.1/../../../../arm-none-eabi/lib/thumb/v8-m.main+fp/hard\libc_nano.a
LOAD c:/progra~2/gnuarm~1/102020~1/bin/../lib/gcc/arm-none-eabi/10.2.1/thumb/v8-m.main+fp/hard\libgcc.a
LOAD c:/progra~2/gnuarm~1/102020~1/bin/../lib/gcc/arm-none-eabi/10.2.1/../../../../arm-none-eabi/lib/thumb/v8-m.main+fp/hard\libnosys.a
END GROUP
START GROUP
LOAD c:/progra~2/gnuarm~1/102020~1/bin/../lib/gcc/arm-none-eabi/10.2.1/thumb/v8-m.main+fp/hard\libgcc.a
LOAD c:/progra~2/gnuarm~1/102020~1/bin/../lib/gcc/arm-none-eabi/10.2.1/../../../../arm-none-eabi/lib/thumb/v8-m.main+fp/hard\libg_nano.a
LOAD c:/progra~2/gnuarm~1/102020~1/bin/../lib/gcc/arm-none-eabi/10.2.1/../../../../arm-none-eabi/lib/thumb/v8-m.main+fp/hard\libc_nano.a
END GROUP
START GROUP
LOAD c:/progra~2/gnuarm~1/102020~1/bin/../lib/gcc/arm-none-eabi/10.2.1/thumb/v8-m.main+fp/hard\libgcc.a
LOAD c:/progra~2/gnuarm~1/102020~1/bin/../lib/gcc/arm-none-eabi/10.2.1/../../../../arm-none-eabi/lib/thumb/v8-m.main+fp/hard\libc_nano.a
LOAD c:/progra~2/gnuarm~1/102020~1/bin/../lib/gcc/arm-none-eabi/10.2.1/../../../../arm-none-eabi/lib/thumb/v8-m.main+fp/hard\libnosys.a
END GROUP
START GROUP
LOAD c:/progra~2/gnuarm~1/102020~1/bin/../lib/gcc/arm-none-eabi/10.2.1/thumb/v8-m.main+fp/hard\libgcc.a
LOAD c:/progra~2/gnuarm~1/102020~1/bin/../lib/gcc/arm-none-eabi/10.2.1/../../../../arm-none-eabi/lib/thumb/v8-m.main+fp/hard\libc_nano.a
LOAD c:/progra~2/gnuarm~1/102020~1/bin/../lib/gcc/arm-none-eabi/10.2.1/../../../../arm-none-eabi/lib/thumb/v8-m.main+fp/hard\libnosys.a
END GROUP
LOAD c:/progra~2/gnuarm~1/102020~1/bin/../lib/gcc/arm-none-eabi/10.2.1/thumb/v8-m.main+fp/hard/crtend.o
LOAD c:/progra~2/gnuarm~1/102020~1/bin/../lib/gcc/arm-none-eabi/10.2.1/thumb/v8-m.main+fp/hard/crtn.o
                0x00000400                HEAP_SIZE = DEFINED (__heap_size__)?__heap_size__:0x400
                0x00000800                STACK_SIZE = DEFINED (__stack_size__)?__stack_size__:0x800

.interrupts     0x00000000      0x134
                0x00000000                . = ALIGN (0x4)
 *(.isr_vector)
 .isr_vector    0x00000000      0x134 CMakeFiles/shell.elf.dir/C_/Users/jordanj/Documents/ARM/NXP/SDK_2_10_1_LPCXpresso55S06/devices/LPC55S06/gcc/startup_LPC55S06.S.obj
                0x00000000                __Vectors
                0x00000134                . = ALIGN (0x4)

.text           0x00000200     0x4be8
                0x00000200                . = ALIGN (0x4)
 *(.text)
 .text          0x00000200       0x40 c:/progra~2/gnuarm~1/102020~1/bin/../lib/gcc/arm-none-eabi/10.2.1/thumb/v8-m.main+fp/hard/crtbegin.o
 .text          0x00000240       0x7c c:/progra~2/gnuarm~1/102020~1/bin/../lib/gcc/arm-none-eabi/10.2.1/../../../../arm-none-eabi/lib/thumb/v8-m.main+fp/hard/crt0.o
                0x00000240                _stack_init
                0x00000248                _start
                0x00000248                _mainCRTStartup
 .text          0x000002bc      0x2a8 CMakeFiles/shell.elf.dir/C_/Users/jordanj/Documents/ARM/NXP/SDK_2_10_1_LPCXpresso55S06/devices/LPC55S06/gcc/startup_LPC55S06.S.obj
                0x000002bc                Reset_Handler
                0x00000350                DebugMon_Handler
                0x00000350                Reserved39_DriverIRQHandler
                0x00000350                OS_EVENT_DriverIRQHandler
                0x00000350                DMA0_DriverIRQHandler
                0x00000350                PLU_DriverIRQHandler
                0x00000350                Reserved42_DriverIRQHandler
                0x00000350                WDT_BOD_DriverIRQHandler
                0x00000350                SCT0_DriverIRQHandler
                0x00000350                Reserved46_DriverIRQHandler
                0x00000350                Reserved43_DriverIRQHandler
                0x00000350                BusFault_Handler
                0x00000350                Reserved57_DriverIRQHandler
                0x00000350                Reserved58_DriverIRQHandler
                0x00000350                ACMP_DriverIRQHandler
                0x00000350                GINT0_DriverIRQHandler
                0x00000350                ADC0_DriverIRQHandler
                0x00000350                SEC_VIO_DriverIRQHandler
                0x00000350                Reserved73_DriverIRQHandler
                0x00000350                CAN0_IRQ0_DriverIRQHandler
                0x00000350                Reserved64_DriverIRQHandler
                0x00000350                PIN_INT3_DriverIRQHandler
                0x00000350                PIN_INT2_DriverIRQHandler
                0x00000350                Reserved44_DriverIRQHandler
                0x00000350                Reserved56_DriverIRQHandler
                0x00000350                DMA1_DriverIRQHandler
                0x00000350                PIN_INT0_DriverIRQHandler
                0x00000350                Reserved63_DriverIRQHandler
                0x00000350                CDOG_DriverIRQHandler
                0x00000350                MemManage_Handler
                0x00000350                CTIMER2_DriverIRQHandler
                0x00000350                UsageFault_Handler
                0x00000350                Reserved62_DriverIRQHandler
                0x00000350                RTC_DriverIRQHandler
                0x00000350                PUF_DriverIRQHandler
                0x00000350                DefaultISR
                0x00000350                SEC_GPIO_INT0_IRQ1_DriverIRQHandler
                0x00000350                Reserved61_DriverIRQHandler
                0x00000350                CTIMER3_DriverIRQHandler
                0x00000350                CASER_DriverIRQHandler
                0x00000350                PIN_INT1_DriverIRQHandler
                0x00000350                PIN_INT6_DriverIRQHandler
                0x00000350                MRT0_DriverIRQHandler
                0x00000350                UTICK0_DriverIRQHandler
                0x00000350                Reserved41_DriverIRQHandler
                0x00000350                PIN_INT4_DriverIRQHandler
                0x00000350                PIN_INT5_DriverIRQHandler
                0x00000350                SEC_GPIO_INT0_IRQ0_DriverIRQHandler
                0x00000350                SecureFault_Handler
                0x00000350                CTIMER1_DriverIRQHandler
                0x00000350                Reserved47_DriverIRQHandler
                0x00000350                CTIMER4_DriverIRQHandler
                0x00000350                GINT1_DriverIRQHandler
                0x00000350                CTIMER0_DriverIRQHandler
                0x00000350                CAN0_IRQ1_DriverIRQHandler
                0x00000350                SEC_HYPERVISOR_CALL_DriverIRQHandler
                0x00000350                HASHCRYPT_DriverIRQHandler
                0x00000350                PIN_INT7_DriverIRQHandler
                0x00000350                Reserved55_DriverIRQHandler
                0x00000354                NMI_Handler
                0x00000358                HardFault_Handler
                0x0000035c                SVC_Handler
                0x00000360                PendSV_Handler
                0x00000364                SysTick_Handler
                0x00000368                WDT_BOD_IRQHandler
                0x0000036c                DMA0_IRQHandler
                0x00000370                GINT0_IRQHandler
                0x00000374                GINT1_IRQHandler
                0x00000378                PIN_INT0_IRQHandler
                0x0000037c                PIN_INT1_IRQHandler
                0x00000380                PIN_INT2_IRQHandler
                0x00000384                PIN_INT3_IRQHandler
                0x00000388                UTICK0_IRQHandler
                0x0000038c                MRT0_IRQHandler
                0x00000390                CTIMER0_IRQHandler
                0x00000394                CTIMER1_IRQHandler
                0x00000398                SCT0_IRQHandler
                0x0000039c                CTIMER3_IRQHandler
                0x000003a0                FLEXCOMM0_IRQHandler
                0x000003a4                FLEXCOMM1_IRQHandler
                0x000003a8                FLEXCOMM2_IRQHandler
                0x000003ac                FLEXCOMM3_IRQHandler
                0x000003b0                FLEXCOMM4_IRQHandler
                0x000003b4                FLEXCOMM5_IRQHandler
                0x000003b8                FLEXCOMM6_IRQHandler
                0x000003bc                FLEXCOMM7_IRQHandler
                0x000003c0                ADC0_IRQHandler
                0x000003c4                Reserved39_IRQHandler
                0x000003c8                ACMP_IRQHandler
                0x000003cc                Reserved41_IRQHandler
                0x000003d0                Reserved42_IRQHandler
                0x000003d4                Reserved43_IRQHandler
                0x000003d8                Reserved44_IRQHandler
                0x000003dc                RTC_IRQHandler
                0x000003e0                Reserved46_IRQHandler
                0x000003e4                Reserved47_IRQHandler
                0x000003e8                PIN_INT4_IRQHandler
                0x000003ec                PIN_INT5_IRQHandler
                0x000003f0                PIN_INT6_IRQHandler
                0x000003f4                PIN_INT7_IRQHandler
                0x000003f8                CTIMER2_IRQHandler
                0x000003fc                CTIMER4_IRQHandler
                0x00000400                OS_EVENT_IRQHandler
                0x00000404                Reserved55_IRQHandler
                0x00000408                Reserved56_IRQHandler
                0x0000040c                Reserved57_IRQHandler
                0x00000410                Reserved58_IRQHandler
                0x00000414                CAN0_IRQ0_IRQHandler
                0x00000418                CAN0_IRQ1_IRQHandler
                0x0000041c                Reserved61_IRQHandler
                0x00000420                Reserved62_IRQHandler
                0x00000424                Reserved63_IRQHandler
                0x00000428                Reserved64_IRQHandler
                0x0000042c                SEC_HYPERVISOR_CALL_IRQHandler
                0x00000430                SEC_GPIO_INT0_IRQ0_IRQHandler
                0x00000434                SEC_GPIO_INT0_IRQ1_IRQHandler
                0x00000438                PLU_IRQHandler
                0x0000043c                SEC_VIO_IRQHandler
                0x00000440                HASHCRYPT_IRQHandler
                0x00000444                CASER_IRQHandler
                0x00000448                PUF_IRQHandler
                0x0000044c                Reserved73_IRQHandler
                0x00000450                DMA1_IRQHandler
                0x00000454                FLEXCOMM8_IRQHandler
                0x00000458                CDOG_IRQHandler
 .text          0x00000564       0x14 c:/progra~2/gnuarm~1/102020~1/bin/../lib/gcc/arm-none-eabi/10.2.1/../../../../arm-none-eabi/lib/thumb/v8-m.main+fp/hard\libc_nano.a(lib_a-strcmp.o)
                0x00000564                strcmp
 .text          0x00000578       0x10 c:/progra~2/gnuarm~1/102020~1/bin/../lib/gcc/arm-none-eabi/10.2.1/../../../../arm-none-eabi/lib/thumb/v8-m.main+fp/hard\libc_nano.a(lib_a-strlen.o)
                0x00000578                strlen
 *(.text*)
 .text.CLOCK_EnableClock
                0x00000588       0x30 CMakeFiles/shell.elf.dir/__/shell.c.obj
 .text.GPIO_PortSet
                0x000005b8       0x26 CMakeFiles/shell.elf.dir/__/shell.c.obj
 .text.GPIO_PortClear
                0x000005de       0x26 CMakeFiles/shell.elf.dir/__/shell.c.obj
 .text.IOCON_PinMuxSet
                0x00000604       0x2e CMakeFiles/shell.elf.dir/__/shell.c.obj
 *fill*         0x00000632        0x2 
 .text.Led_Init
                0x00000634       0x74 CMakeFiles/shell.elf.dir/__/shell.c.obj
                0x00000634                Led_Init
 .text.LedControl
                0x000006a8      0x120 CMakeFiles/shell.elf.dir/__/shell.c.obj
 .text.main     0x000007c8       0x6c CMakeFiles/shell.elf.dir/__/shell.c.obj
                0x000007c8                main
 .text.CLOCK_EnableClock
                0x00000834       0x30 CMakeFiles/shell.elf.dir/__/pin_mux.c.obj
 .text.IOCON_PinMuxSet
                0x00000864       0x2e CMakeFiles/shell.elf.dir/__/pin_mux.c.obj
 *fill*         0x00000892        0x2 
 .text.BOARD_InitPins
                0x00000894       0x84 CMakeFiles/shell.elf.dir/__/pin_mux.c.obj
                0x00000894                BOARD_InitPins
 .text.BOARD_InitDebugConsole
                0x00000918       0x38 CMakeFiles/shell.elf.dir/__/board.c.obj
                0x00000918                BOARD_InitDebugConsole
 .text.POWER_DisablePD
                0x00000950       0x20 CMakeFiles/shell.elf.dir/__/clock_config.c.obj
 .text.BOARD_BootClockFROHF96M
                0x00000970       0x58 CMakeFiles/shell.elf.dir/__/clock_config.c.obj
                0x00000970                BOARD_BootClockFROHF96M
 .text.DisableGlobalIRQ
                0x000009c8       0x22 CMakeFiles/shell.elf.dir/C_/Users/jordanj/Documents/ARM/NXP/SDK_2_10_1_LPCXpresso55S06/devices/LPC55S06/utilities/fsl_shell.c.obj
 .text.EnableGlobalIRQ
                0x000009ea       0x20 CMakeFiles/shell.elf.dir/C_/Users/jordanj/Documents/ARM/NXP/SDK_2_10_1_LPCXpresso55S06/devices/LPC55S06/utilities/fsl_shell.c.obj
 .text.SHELL_WriteBuffer
                0x00000a0a       0x82 CMakeFiles/shell.elf.dir/C_/Users/jordanj/Documents/ARM/NXP/SDK_2_10_1_LPCXpresso55S06/devices/LPC55S06/utilities/fsl_shell.c.obj
 .text.SHELL_Sprintf
                0x00000a8c       0x40 CMakeFiles/shell.elf.dir/C_/Users/jordanj/Documents/ARM/NXP/SDK_2_10_1_LPCXpresso55S06/devices/LPC55S06/utilities/fsl_shell.c.obj
 .text.SHELL_Task
                0x00000acc      0x548 CMakeFiles/shell.elf.dir/C_/Users/jordanj/Documents/ARM/NXP/SDK_2_10_1_LPCXpresso55S06/devices/LPC55S06/utilities/fsl_shell.c.obj
                0x00000acc                SHELL_Task
 .text.SHELL_HelpCommand
                0x00001014       0x6c CMakeFiles/shell.elf.dir/C_/Users/jordanj/Documents/ARM/NXP/SDK_2_10_1_LPCXpresso55S06/devices/LPC55S06/utilities/fsl_shell.c.obj
 .text.SHELL_ExitCommand
                0x00001080       0x38 CMakeFiles/shell.elf.dir/C_/Users/jordanj/Documents/ARM/NXP/SDK_2_10_1_LPCXpresso55S06/devices/LPC55S06/utilities/fsl_shell.c.obj
 .text.SHELL_ProcessCommand
                0x000010b8      0x358 CMakeFiles/shell.elf.dir/C_/Users/jordanj/Documents/ARM/NXP/SDK_2_10_1_LPCXpresso55S06/devices/LPC55S06/utilities/fsl_shell.c.obj
 .text.SHELL_GetHistoryCommand
                0x00001410       0xd8 CMakeFiles/shell.elf.dir/C_/Users/jordanj/Documents/ARM/NXP/SDK_2_10_1_LPCXpresso55S06/devices/LPC55S06/utilities/fsl_shell.c.obj
 .text.SHELL_AutoComplete
                0x000014e8       0xec CMakeFiles/shell.elf.dir/C_/Users/jordanj/Documents/ARM/NXP/SDK_2_10_1_LPCXpresso55S06/devices/LPC55S06/utilities/fsl_shell.c.obj
 .text.SHELL_StringCompare
                0x000015d4       0x4c CMakeFiles/shell.elf.dir/C_/Users/jordanj/Documents/ARM/NXP/SDK_2_10_1_LPCXpresso55S06/devices/LPC55S06/utilities/fsl_shell.c.obj
 .text.SHELL_ParseLine
                0x00001620      0x100 CMakeFiles/shell.elf.dir/C_/Users/jordanj/Documents/ARM/NXP/SDK_2_10_1_LPCXpresso55S06/devices/LPC55S06/utilities/fsl_shell.c.obj
 .text.SHELL_GetChar
                0x00001720       0x26 CMakeFiles/shell.elf.dir/C_/Users/jordanj/Documents/ARM/NXP/SDK_2_10_1_LPCXpresso55S06/devices/LPC55S06/utilities/fsl_shell.c.obj
 *fill*         0x00001746        0x2 
 .text.SHELL_Init
                0x00001748      0x124 CMakeFiles/shell.elf.dir/C_/Users/jordanj/Documents/ARM/NXP/SDK_2_10_1_LPCXpresso55S06/devices/LPC55S06/utilities/fsl_shell.c.obj
                0x00001748                SHELL_Init
 .text.SHELL_RegisterCommand
                0x0000186c       0x6c CMakeFiles/shell.elf.dir/C_/Users/jordanj/Documents/ARM/NXP/SDK_2_10_1_LPCXpresso55S06/devices/LPC55S06/utilities/fsl_shell.c.obj
                0x0000186c                SHELL_RegisterCommand
 .text.SHELL_Write
                0x000018d8       0xb4 CMakeFiles/shell.elf.dir/C_/Users/jordanj/Documents/ARM/NXP/SDK_2_10_1_LPCXpresso55S06/devices/LPC55S06/utilities/fsl_shell.c.obj
                0x000018d8                SHELL_Write
 .text.SHELL_Printf
                0x0000198c       0xcc CMakeFiles/shell.elf.dir/C_/Users/jordanj/Documents/ARM/NXP/SDK_2_10_1_LPCXpresso55S06/devices/LPC55S06/utilities/fsl_shell.c.obj
                0x0000198c                SHELL_Printf
 .text.SHELL_PrintPrompt
                0x00001a58       0x5c CMakeFiles/shell.elf.dir/C_/Users/jordanj/Documents/ARM/NXP/SDK_2_10_1_LPCXpresso55S06/devices/LPC55S06/utilities/fsl_shell.c.obj
                0x00001a58                SHELL_PrintPrompt
 .text.PrintGetWidth
                0x00001ab4       0x6a CMakeFiles/shell.elf.dir/C_/Users/jordanj/Documents/ARM/NXP/SDK_2_10_1_LPCXpresso55S06/devices/LPC55S06/utilities/str/fsl_str.c.obj
 .text.PrintGetPrecision
                0x00001b1e       0x8c CMakeFiles/shell.elf.dir/C_/Users/jordanj/Documents/ARM/NXP/SDK_2_10_1_LPCXpresso55S06/devices/LPC55S06/utilities/str/fsl_str.c.obj
 .text.PrintIsobpu
                0x00001baa       0x38 CMakeFiles/shell.elf.dir/C_/Users/jordanj/Documents/ARM/NXP/SDK_2_10_1_LPCXpresso55S06/devices/LPC55S06/utilities/str/fsl_str.c.obj
 .text.PrintIsdi
                0x00001be2       0x2c CMakeFiles/shell.elf.dir/C_/Users/jordanj/Documents/ARM/NXP/SDK_2_10_1_LPCXpresso55S06/devices/LPC55S06/utilities/str/fsl_str.c.obj
 .text.PrintOutputdifFobpu
                0x00001c0e       0x44 CMakeFiles/shell.elf.dir/C_/Users/jordanj/Documents/ARM/NXP/SDK_2_10_1_LPCXpresso55S06/devices/LPC55S06/utilities/str/fsl_str.c.obj
 .text.PrintOutputxX
                0x00001c52       0x44 CMakeFiles/shell.elf.dir/C_/Users/jordanj/Documents/ARM/NXP/SDK_2_10_1_LPCXpresso55S06/devices/LPC55S06/utilities/str/fsl_str.c.obj
 .text.PrintIsfF
                0x00001c96       0x2c CMakeFiles/shell.elf.dir/C_/Users/jordanj/Documents/ARM/NXP/SDK_2_10_1_LPCXpresso55S06/devices/LPC55S06/utilities/str/fsl_str.c.obj
 .text.PrintIsxX
                0x00001cc2       0x2c CMakeFiles/shell.elf.dir/C_/Users/jordanj/Documents/ARM/NXP/SDK_2_10_1_LPCXpresso55S06/devices/LPC55S06/utilities/str/fsl_str.c.obj
 .text.PrintFilterLengthFlag
                0x00001cee       0x3e CMakeFiles/shell.elf.dir/C_/Users/jordanj/Documents/ARM/NXP/SDK_2_10_1_LPCXpresso55S06/devices/LPC55S06/utilities/str/fsl_str.c.obj
 .text.PrintGetRadixFromobpu
                0x00001d2c       0x40 CMakeFiles/shell.elf.dir/C_/Users/jordanj/Documents/ARM/NXP/SDK_2_10_1_LPCXpresso55S06/devices/LPC55S06/utilities/str/fsl_str.c.obj
 .text.ConvertRadixNumToString
                0x00001d6c      0x114 CMakeFiles/shell.elf.dir/C_/Users/jordanj/Documents/ARM/NXP/SDK_2_10_1_LPCXpresso55S06/devices/LPC55S06/utilities/str/fsl_str.c.obj
 .text.StrFormatPrintf
                0x00001e80      0x290 CMakeFiles/shell.elf.dir/C_/Users/jordanj/Documents/ARM/NXP/SDK_2_10_1_LPCXpresso55S06/devices/LPC55S06/utilities/str/fsl_str.c.obj
                0x00001e80                StrFormatPrintf
 .text.DbgConsole_SendDataReliable
                0x00002110       0x54 CMakeFiles/shell.elf.dir/a00ae4ed44a530a7f5755e7f6cdb0eef/devices/LPC55S06/utilities/debug_console/fsl_debug_console.c.obj
                0x00002110                DbgConsole_SendDataReliable
 .text.DbgConsole_PrintCallback
                0x00002164       0x66 CMakeFiles/shell.elf.dir/a00ae4ed44a530a7f5755e7f6cdb0eef/devices/LPC55S06/utilities/debug_console/fsl_debug_console.c.obj
 *fill*         0x000021ca        0x2 
 .text.DbgConsole_Init
                0x000021cc       0xf8 CMakeFiles/shell.elf.dir/a00ae4ed44a530a7f5755e7f6cdb0eef/devices/LPC55S06/utilities/debug_console/fsl_debug_console.c.obj
                0x000021cc                DbgConsole_Init
 .text.DbgConsole_Printf
                0x000022c4       0x78 CMakeFiles/shell.elf.dir/a00ae4ed44a530a7f5755e7f6cdb0eef/devices/LPC55S06/utilities/debug_console/fsl_debug_console.c.obj
                0x000022c4                DbgConsole_Printf
 .text.DisableGlobalIRQ
                0x0000233c       0x22 CMakeFiles/shell.elf.dir/a00ae4ed44a530a7f5755e7f6cdb0eef/components/serial_manager/fsl_component_serial_manager.c.obj
 .text.EnableGlobalIRQ
                0x0000235e       0x20 CMakeFiles/shell.elf.dir/a00ae4ed44a530a7f5755e7f6cdb0eef/components/serial_manager/fsl_component_serial_manager.c.obj
 .text.SerialManager_StartWriting
                0x0000237e       0x38 CMakeFiles/shell.elf.dir/a00ae4ed44a530a7f5755e7f6cdb0eef/components/serial_manager/fsl_component_serial_manager.c.obj
 .text.SerialManager_StartReading
                0x000023b6       0x38 CMakeFiles/shell.elf.dir/a00ae4ed44a530a7f5755e7f6cdb0eef/components/serial_manager/fsl_component_serial_manager.c.obj
 .text.SerialManager_Write
                0x000023ee       0x44 CMakeFiles/shell.elf.dir/a00ae4ed44a530a7f5755e7f6cdb0eef/components/serial_manager/fsl_component_serial_manager.c.obj
 .text.SerialManager_Read
                0x00002432       0x44 CMakeFiles/shell.elf.dir/a00ae4ed44a530a7f5755e7f6cdb0eef/components/serial_manager/fsl_component_serial_manager.c.obj
 .text.SerialManager_Init
                0x00002476       0x60 CMakeFiles/shell.elf.dir/a00ae4ed44a530a7f5755e7f6cdb0eef/components/serial_manager/fsl_component_serial_manager.c.obj
                0x00002476                SerialManager_Init
 .text.SerialManager_OpenWriteHandle
                0x000024d6       0x50 CMakeFiles/shell.elf.dir/a00ae4ed44a530a7f5755e7f6cdb0eef/components/serial_manager/fsl_component_serial_manager.c.obj
                0x000024d6                SerialManager_OpenWriteHandle
 .text.SerialManager_CloseWriteHandle
                0x00002526       0x50 CMakeFiles/shell.elf.dir/a00ae4ed44a530a7f5755e7f6cdb0eef/components/serial_manager/fsl_component_serial_manager.c.obj
                0x00002526                SerialManager_CloseWriteHandle
 .text.SerialManager_OpenReadHandle
                0x00002576       0x60 CMakeFiles/shell.elf.dir/a00ae4ed44a530a7f5755e7f6cdb0eef/components/serial_manager/fsl_component_serial_manager.c.obj
                0x00002576                SerialManager_OpenReadHandle
 .text.SerialManager_CloseReadHandle
                0x000025d6       0x4e CMakeFiles/shell.elf.dir/a00ae4ed44a530a7f5755e7f6cdb0eef/components/serial_manager/fsl_component_serial_manager.c.obj
                0x000025d6                SerialManager_CloseReadHandle
 .text.SerialManager_WriteBlocking
                0x00002624       0x20 CMakeFiles/shell.elf.dir/a00ae4ed44a530a7f5755e7f6cdb0eef/components/serial_manager/fsl_component_serial_manager.c.obj
                0x00002624                SerialManager_WriteBlocking
 .text.SerialManager_ReadBlocking
                0x00002644       0x20 CMakeFiles/shell.elf.dir/a00ae4ed44a530a7f5755e7f6cdb0eef/components/serial_manager/fsl_component_serial_manager.c.obj
                0x00002644                SerialManager_ReadBlocking
 .text.Serial_UartInit
                0x00002664       0x3e CMakeFiles/shell.elf.dir/a00ae4ed44a530a7f5755e7f6cdb0eef/components/serial_manager/fsl_component_serial_port_uart.c.obj
                0x00002664                Serial_UartInit
 .text.Serial_UartWrite
                0x000026a2       0x38 CMakeFiles/shell.elf.dir/a00ae4ed44a530a7f5755e7f6cdb0eef/components/serial_manager/fsl_component_serial_port_uart.c.obj
                0x000026a2                Serial_UartWrite
 .text.Serial_UartRead
                0x000026da       0x38 CMakeFiles/shell.elf.dir/a00ae4ed44a530a7f5755e7f6cdb0eef/components/serial_manager/fsl_component_serial_port_uart.c.obj
                0x000026da                Serial_UartRead
 .text.USART_EnableContinuousSCLK
                0x00002712       0x38 CMakeFiles/shell.elf.dir/C_/Users/jordanj/Documents/ARM/NXP/SDK_2_10_1_LPCXpresso55S06/devices/LPC55S06/drivers/fsl_usart.c.obj
 *fill*         0x0000274a        0x2 
 .text.USART_Init
                0x0000274c      0x1d8 CMakeFiles/shell.elf.dir/C_/Users/jordanj/Documents/ARM/NXP/SDK_2_10_1_LPCXpresso55S06/devices/LPC55S06/drivers/fsl_usart.c.obj
                0x0000274c                USART_Init
 .text.USART_GetDefaultConfig
                0x00002924       0x90 CMakeFiles/shell.elf.dir/C_/Users/jordanj/Documents/ARM/NXP/SDK_2_10_1_LPCXpresso55S06/devices/LPC55S06/drivers/fsl_usart.c.obj
                0x00002924                USART_GetDefaultConfig
 .text.USART_SetBaudRate
                0x000029b4      0x184 CMakeFiles/shell.elf.dir/C_/Users/jordanj/Documents/ARM/NXP/SDK_2_10_1_LPCXpresso55S06/devices/LPC55S06/drivers/fsl_usart.c.obj
                0x000029b4                USART_SetBaudRate
 .text.USART_WriteBlocking
                0x00002b38       0x9c CMakeFiles/shell.elf.dir/C_/Users/jordanj/Documents/ARM/NXP/SDK_2_10_1_LPCXpresso55S06/devices/LPC55S06/drivers/fsl_usart.c.obj
                0x00002b38                USART_WriteBlocking
 .text.USART_ReadBlocking
                0x00002bd4      0x114 CMakeFiles/shell.elf.dir/C_/Users/jordanj/Documents/ARM/NXP/SDK_2_10_1_LPCXpresso55S06/devices/LPC55S06/drivers/fsl_usart.c.obj
                0x00002bd4                USART_ReadBlocking
 .text.CLOCK_EnableClock
                0x00002ce8       0x30 CMakeFiles/shell.elf.dir/C_/Users/jordanj/Documents/ARM/NXP/SDK_2_10_1_LPCXpresso55S06/devices/LPC55S06/drivers/fsl_flexcomm.c.obj
 .text.FLEXCOMM_PeripheralIsPresent
                0x00002d18       0x64 CMakeFiles/shell.elf.dir/C_/Users/jordanj/Documents/ARM/NXP/SDK_2_10_1_LPCXpresso55S06/devices/LPC55S06/drivers/fsl_flexcomm.c.obj
 .text.FLEXCOMM_GetInstance
                0x00002d7c       0x5c CMakeFiles/shell.elf.dir/C_/Users/jordanj/Documents/ARM/NXP/SDK_2_10_1_LPCXpresso55S06/devices/LPC55S06/drivers/fsl_flexcomm.c.obj
                0x00002d7c                FLEXCOMM_GetInstance
 .text.FLEXCOMM_SetPeriph
                0x00002dd8       0x74 CMakeFiles/shell.elf.dir/C_/Users/jordanj/Documents/ARM/NXP/SDK_2_10_1_LPCXpresso55S06/devices/LPC55S06/drivers/fsl_flexcomm.c.obj
 .text.FLEXCOMM_Init
                0x00002e4c       0x50 CMakeFiles/shell.elf.dir/C_/Users/jordanj/Documents/ARM/NXP/SDK_2_10_1_LPCXpresso55S06/devices/LPC55S06/drivers/fsl_flexcomm.c.obj
                0x00002e4c                FLEXCOMM_Init
 .text.FLEXCOMM0_DriverIRQHandler
                0x00002e9c       0x68 CMakeFiles/shell.elf.dir/C_/Users/jordanj/Documents/ARM/NXP/SDK_2_10_1_LPCXpresso55S06/devices/LPC55S06/drivers/fsl_flexcomm.c.obj
                0x00002e9c                FLEXCOMM0_DriverIRQHandler
 .text.FLEXCOMM1_DriverIRQHandler
                0x00002f04       0x68 CMakeFiles/shell.elf.dir/C_/Users/jordanj/Documents/ARM/NXP/SDK_2_10_1_LPCXpresso55S06/devices/LPC55S06/drivers/fsl_flexcomm.c.obj
                0x00002f04                FLEXCOMM1_DriverIRQHandler
 .text.FLEXCOMM2_DriverIRQHandler
                0x00002f6c       0x68 CMakeFiles/shell.elf.dir/C_/Users/jordanj/Documents/ARM/NXP/SDK_2_10_1_LPCXpresso55S06/devices/LPC55S06/drivers/fsl_flexcomm.c.obj
                0x00002f6c                FLEXCOMM2_DriverIRQHandler
 .text.FLEXCOMM3_DriverIRQHandler
                0x00002fd4       0x68 CMakeFiles/shell.elf.dir/C_/Users/jordanj/Documents/ARM/NXP/SDK_2_10_1_LPCXpresso55S06/devices/LPC55S06/drivers/fsl_flexcomm.c.obj
                0x00002fd4                FLEXCOMM3_DriverIRQHandler
 .text.FLEXCOMM4_DriverIRQHandler
                0x0000303c       0x68 CMakeFiles/shell.elf.dir/C_/Users/jordanj/Documents/ARM/NXP/SDK_2_10_1_LPCXpresso55S06/devices/LPC55S06/drivers/fsl_flexcomm.c.obj
                0x0000303c                FLEXCOMM4_DriverIRQHandler
 .text.FLEXCOMM5_DriverIRQHandler
                0x000030a4       0x68 CMakeFiles/shell.elf.dir/C_/Users/jordanj/Documents/ARM/NXP/SDK_2_10_1_LPCXpresso55S06/devices/LPC55S06/drivers/fsl_flexcomm.c.obj
                0x000030a4                FLEXCOMM5_DriverIRQHandler
 .text.FLEXCOMM6_DriverIRQHandler
                0x0000310c       0x6c CMakeFiles/shell.elf.dir/C_/Users/jordanj/Documents/ARM/NXP/SDK_2_10_1_LPCXpresso55S06/devices/LPC55S06/drivers/fsl_flexcomm.c.obj
                0x0000310c                FLEXCOMM6_DriverIRQHandler
 .text.FLEXCOMM7_DriverIRQHandler
                0x00003178       0x6c CMakeFiles/shell.elf.dir/C_/Users/jordanj/Documents/ARM/NXP/SDK_2_10_1_LPCXpresso55S06/devices/LPC55S06/drivers/fsl_flexcomm.c.obj
                0x00003178                FLEXCOMM7_DriverIRQHandler
 .text.FLEXCOMM8_DriverIRQHandler
                0x000031e4       0x6c CMakeFiles/shell.elf.dir/C_/Users/jordanj/Documents/ARM/NXP/SDK_2_10_1_LPCXpresso55S06/devices/LPC55S06/drivers/fsl_flexcomm.c.obj
                0x000031e4                FLEXCOMM8_DriverIRQHandler
 .text.POWER_DisablePD
                0x00003250       0x20 CMakeFiles/shell.elf.dir/C_/Users/jordanj/Documents/ARM/NXP/SDK_2_10_1_LPCXpresso55S06/devices/LPC55S06/drivers/fsl_clock.c.obj
 .text.CLOCK_AttachClk
                0x00003270       0xc0 CMakeFiles/shell.elf.dir/C_/Users/jordanj/Documents/ARM/NXP/SDK_2_10_1_LPCXpresso55S06/devices/LPC55S06/drivers/fsl_clock.c.obj
                0x00003270                CLOCK_AttachClk
 .text.CLOCK_SetClkDiv
                0x00003330       0x80 CMakeFiles/shell.elf.dir/C_/Users/jordanj/Documents/ARM/NXP/SDK_2_10_1_LPCXpresso55S06/devices/LPC55S06/drivers/fsl_clock.c.obj
                0x00003330                CLOCK_SetClkDiv
 .text.CLOCK_SetupFROClocking
                0x000033b0       0x74 CMakeFiles/shell.elf.dir/C_/Users/jordanj/Documents/ARM/NXP/SDK_2_10_1_LPCXpresso55S06/devices/LPC55S06/drivers/fsl_clock.c.obj
                0x000033b0                CLOCK_SetupFROClocking
 .text.CLOCK_SetFLASHAccessCyclesForFreq
                0x00003424       0xa0 CMakeFiles/shell.elf.dir/C_/Users/jordanj/Documents/ARM/NXP/SDK_2_10_1_LPCXpresso55S06/devices/LPC55S06/drivers/fsl_clock.c.obj
                0x00003424                CLOCK_SetFLASHAccessCyclesForFreq
 .text.lowpower_set_system_voltage
                0x000034c4      0x154 CMakeFiles/shell.elf.dir/C_/Users/jordanj/Documents/ARM/NXP/SDK_2_10_1_LPCXpresso55S06/devices/LPC55S06/drivers/fsl_power.c.obj
 .text.lowpower_set_dcdc_power_profile
                0x00003618       0xec CMakeFiles/shell.elf.dir/C_/Users/jordanj/Documents/ARM/NXP/SDK_2_10_1_LPCXpresso55S06/devices/LPC55S06/drivers/fsl_power.c.obj
 .text.lowpower_get_part_process_corner
                0x00003704       0x94 CMakeFiles/shell.elf.dir/C_/Users/jordanj/Documents/ARM/NXP/SDK_2_10_1_LPCXpresso55S06/devices/LPC55S06/drivers/fsl_power.c.obj
 .text.lowpower_set_voltage_for_process
                0x00003798       0xaa CMakeFiles/shell.elf.dir/C_/Users/jordanj/Documents/ARM/NXP/SDK_2_10_1_LPCXpresso55S06/devices/LPC55S06/drivers/fsl_power.c.obj
 *fill*         0x00003842        0x2 
 .text.POWER_SetVoltageForFreq
                0x00003844       0x50 CMakeFiles/shell.elf.dir/C_/Users/jordanj/Documents/ARM/NXP/SDK_2_10_1_LPCXpresso55S06/devices/LPC55S06/drivers/fsl_power.c.obj
                0x00003844                POWER_SetVoltageForFreq
 .text.RESET_SetPeripheralReset
                0x00003894       0x6c CMakeFiles/shell.elf.dir/C_/Users/jordanj/Documents/ARM/NXP/SDK_2_10_1_LPCXpresso55S06/devices/LPC55S06/drivers/fsl_reset.c.obj
                0x00003894                RESET_SetPeripheralReset
 .text.RESET_ClearPeripheralReset
                0x00003900       0x6c CMakeFiles/shell.elf.dir/C_/Users/jordanj/Documents/ARM/NXP/SDK_2_10_1_LPCXpresso55S06/devices/LPC55S06/drivers/fsl_reset.c.obj
                0x00003900                RESET_ClearPeripheralReset
 .text.RESET_PeripheralReset
                0x0000396c       0x1c CMakeFiles/shell.elf.dir/C_/Users/jordanj/Documents/ARM/NXP/SDK_2_10_1_LPCXpresso55S06/devices/LPC55S06/drivers/fsl_reset.c.obj
                0x0000396c                RESET_PeripheralReset
 .text.HAL_UartGetStatus
                0x00003988       0x22 CMakeFiles/shell.elf.dir/C_/Users/jordanj/Documents/ARM/NXP/SDK_2_10_1_LPCXpresso55S06/components/uart/fsl_adapter_usart.c.obj
 *fill*         0x000039aa        0x2 
 .text.HAL_UartInitCommon
                0x000039ac      0x138 CMakeFiles/shell.elf.dir/C_/Users/jordanj/Documents/ARM/NXP/SDK_2_10_1_LPCXpresso55S06/components/uart/fsl_adapter_usart.c.obj
 .text.HAL_UartInit
                0x00003ae4       0x36 CMakeFiles/shell.elf.dir/C_/Users/jordanj/Documents/ARM/NXP/SDK_2_10_1_LPCXpresso55S06/components/uart/fsl_adapter_usart.c.obj
                0x00003ae4                HAL_UartInit
 *fill*         0x00003b1a        0x2 
 .text.HAL_UartReceiveBlocking
                0x00003b1c       0x8c CMakeFiles/shell.elf.dir/C_/Users/jordanj/Documents/ARM/NXP/SDK_2_10_1_LPCXpresso55S06/components/uart/fsl_adapter_usart.c.obj
                0x00003b1c                HAL_UartReceiveBlocking
 .text.HAL_UartSendBlocking
                0x00003ba8       0x84 CMakeFiles/shell.elf.dir/C_/Users/jordanj/Documents/ARM/NXP/SDK_2_10_1_LPCXpresso55S06/components/uart/fsl_adapter_usart.c.obj
                0x00003ba8                HAL_UartSendBlocking
 .text.DisableGlobalIRQ
                0x00003c2c       0x22 CMakeFiles/shell.elf.dir/C_/Users/jordanj/Documents/ARM/NXP/SDK_2_10_1_LPCXpresso55S06/components/lists/fsl_component_generic_list.c.obj
 .text.EnableGlobalIRQ
                0x00003c4e       0x20 CMakeFiles/shell.elf.dir/C_/Users/jordanj/Documents/ARM/NXP/SDK_2_10_1_LPCXpresso55S06/components/lists/fsl_component_generic_list.c.obj
 .text.LIST_Error_Check
                0x00003c6e       0x36 CMakeFiles/shell.elf.dir/C_/Users/jordanj/Documents/ARM/NXP/SDK_2_10_1_LPCXpresso55S06/components/lists/fsl_component_generic_list.c.obj
 .text.LIST_AddTail
                0x00003ca4       0x6c CMakeFiles/shell.elf.dir/C_/Users/jordanj/Documents/ARM/NXP/SDK_2_10_1_LPCXpresso55S06/components/lists/fsl_component_generic_list.c.obj
                0x00003ca4                LIST_AddTail
 .text.LIST_GetHead
                0x00003d10       0x18 CMakeFiles/shell.elf.dir/C_/Users/jordanj/Documents/ARM/NXP/SDK_2_10_1_LPCXpresso55S06/components/lists/fsl_component_generic_list.c.obj
                0x00003d10                LIST_GetHead
 .text.LIST_GetNext
                0x00003d28       0x18 CMakeFiles/shell.elf.dir/C_/Users/jordanj/Documents/ARM/NXP/SDK_2_10_1_LPCXpresso55S06/components/lists/fsl_component_generic_list.c.obj
                0x00003d28                LIST_GetNext
 .text.SystemInit
                0x00003d40       0xac CMakeFiles/shell.elf.dir/C_/Users/jordanj/Documents/ARM/NXP/SDK_2_10_1_LPCXpresso55S06/devices/LPC55S06/system_LPC55S06.c.obj
                0x00003d40                SystemInit
 .text.SystemInitHook
                0x00003dec        0xe CMakeFiles/shell.elf.dir/C_/Users/jordanj/Documents/ARM/NXP/SDK_2_10_1_LPCXpresso55S06/devices/LPC55S06/system_LPC55S06.c.obj
                0x00003dec                SystemInitHook
 .text.CLOCK_EnableClock
                0x00003dfa       0x30 CMakeFiles/shell.elf.dir/C_/Users/jordanj/Documents/ARM/NXP/SDK_2_10_1_LPCXpresso55S06/devices/LPC55S06/drivers/fsl_gpio.c.obj
 *fill*         0x00003e2a        0x2 
 .text.GPIO_EnablePortClock
                0x00003e2c       0x44 CMakeFiles/shell.elf.dir/C_/Users/jordanj/Documents/ARM/NXP/SDK_2_10_1_LPCXpresso55S06/devices/LPC55S06/drivers/fsl_gpio.c.obj
 .text.GPIO_PinInit
                0x00003e70       0xa4 CMakeFiles/shell.elf.dir/C_/Users/jordanj/Documents/ARM/NXP/SDK_2_10_1_LPCXpresso55S06/devices/LPC55S06/drivers/fsl_gpio.c.obj
                0x00003e70                GPIO_PinInit
 .text.__assert_func
                0x00003f14       0x28 CMakeFiles/shell.elf.dir/C_/Users/jordanj/Documents/ARM/NXP/SDK_2_10_1_LPCXpresso55S06/devices/LPC55S06/utilities/fsl_assert.c.obj
                0x00003f14                __assert_func
 .text.atoi     0x00003f3c        0x8 c:/progra~2/gnuarm~1/102020~1/bin/../lib/gcc/arm-none-eabi/10.2.1/../../../../arm-none-eabi/lib/thumb/v8-m.main+fp/hard\libc_nano.a(lib_a-atoi.o)
                0x00003f3c                atoi
 .text.__errno  0x00003f44        0xc c:/progra~2/gnuarm~1/102020~1/bin/../lib/gcc/arm-none-eabi/10.2.1/../../../../arm-none-eabi/lib/thumb/v8-m.main+fp/hard\libc_nano.a(lib_a-errno.o)
                0x00003f44                __errno
 .text.exit     0x00003f50       0x28 c:/progra~2/gnuarm~1/102020~1/bin/../lib/gcc/arm-none-eabi/10.2.1/../../../../arm-none-eabi/lib/thumb/v8-m.main+fp/hard\libc_nano.a(lib_a-exit.o)
                0x00003f50                exit
 .text.__libc_init_array
                0x00003f78       0x48 c:/progra~2/gnuarm~1/102020~1/bin/../lib/gcc/arm-none-eabi/10.2.1/../../../../arm-none-eabi/lib/thumb/v8-m.main+fp/hard\libc_nano.a(lib_a-init.o)
                0x00003f78                __libc_init_array
 .text.memcpy   0x00003fc0       0x1a c:/progra~2/gnuarm~1/102020~1/bin/../lib/gcc/arm-none-eabi/10.2.1/../../../../arm-none-eabi/lib/thumb/v8-m.main+fp/hard\libc_nano.a(lib_a-memcpy-stub.o)
                0x00003fc0                memcpy
 .text.memmove  0x00003fda       0x34 c:/progra~2/gnuarm~1/102020~1/bin/../lib/gcc/arm-none-eabi/10.2.1/../../../../arm-none-eabi/lib/thumb/v8-m.main+fp/hard\libc_nano.a(lib_a-memmove.o)
                0x00003fda                memmove
 .text.memset   0x0000400e       0x10 c:/progra~2/gnuarm~1/102020~1/bin/../lib/gcc/arm-none-eabi/10.2.1/../../../../arm-none-eabi/lib/thumb/v8-m.main+fp/hard\libc_nano.a(lib_a-memset.o)
                0x0000400e                memset
 *fill*         0x0000401e        0x2 
 .text._strtol_l.constprop.0
                0x00004020      0x104 c:/progra~2/gnuarm~1/102020~1/bin/../lib/gcc/arm-none-eabi/10.2.1/../../../../arm-none-eabi/lib/thumb/v8-m.main+fp/hard\libc_nano.a(lib_a-strtol.o)
 .text.strtol   0x00004124       0x14 c:/progra~2/gnuarm~1/102020~1/bin/../lib/gcc/arm-none-eabi/10.2.1/../../../../arm-none-eabi/lib/thumb/v8-m.main+fp/hard\libc_nano.a(lib_a-strtol.o)
                0x00004124                strtol
 .text._exit    0x00004138        0x4 c:/progra~2/gnuarm~1/102020~1/bin/../lib/gcc/arm-none-eabi/10.2.1/../../../../arm-none-eabi/lib/thumb/v8-m.main+fp/hard\libnosys.a(_exit.o)
                0x00004138                _exit
 *(.rodata)
 .rodata        0x0000413c       0xc5 CMakeFiles/shell.elf.dir/__/shell.c.obj
 *fill*         0x00004201        0x3 
 .rodata        0x00004204      0x22d CMakeFiles/shell.elf.dir/C_/Users/jordanj/Documents/ARM/NXP/SDK_2_10_1_LPCXpresso55S06/devices/LPC55S06/utilities/fsl_shell.c.obj
 *fill*         0x00004431        0x3 
 .rodata        0x00004434      0x287 CMakeFiles/shell.elf.dir/C_/Users/jordanj/Documents/ARM/NXP/SDK_2_10_1_LPCXpresso55S06/devices/LPC55S06/drivers/fsl_usart.c.obj
 *fill*         0x000046bb        0x1 
 .rodata        0x000046bc       0xbf CMakeFiles/shell.elf.dir/C_/Users/jordanj/Documents/ARM/NXP/SDK_2_10_1_LPCXpresso55S06/devices/LPC55S06/drivers/fsl_flexcomm.c.obj
 *fill*         0x0000477b        0x1 
 .rodata        0x0000477c       0x73 CMakeFiles/shell.elf.dir/C_/Users/jordanj/Documents/ARM/NXP/SDK_2_10_1_LPCXpresso55S06/devices/LPC55S06/drivers/fsl_reset.c.obj
 *fill*         0x000047ef        0x1 
 .rodata        0x000047f0       0xf3 CMakeFiles/shell.elf.dir/C_/Users/jordanj/Documents/ARM/NXP/SDK_2_10_1_LPCXpresso55S06/components/uart/fsl_adapter_usart.c.obj
 *fill*         0x000048e3        0x1 
 .rodata        0x000048e4       0x86 CMakeFiles/shell.elf.dir/C_/Users/jordanj/Documents/ARM/NXP/SDK_2_10_1_LPCXpresso55S06/devices/LPC55S06/drivers/fsl_gpio.c.obj
 *fill*         0x0000496a        0x2 
 .rodata        0x0000496c       0x3e CMakeFiles/shell.elf.dir/C_/Users/jordanj/Documents/ARM/NXP/SDK_2_10_1_LPCXpresso55S06/devices/LPC55S06/utilities/fsl_assert.c.obj
 *(.rodata*)
 *fill*         0x000049aa        0x2 
 .rodata.__func__.6
                0x000049ac        0xb CMakeFiles/shell.elf.dir/C_/Users/jordanj/Documents/ARM/NXP/SDK_2_10_1_LPCXpresso55S06/devices/LPC55S06/utilities/fsl_shell.c.obj
 *fill*         0x000049b7        0x1 
 .rodata.__func__.5
                0x000049b8       0x16 CMakeFiles/shell.elf.dir/C_/Users/jordanj/Documents/ARM/NXP/SDK_2_10_1_LPCXpresso55S06/devices/LPC55S06/utilities/fsl_shell.c.obj
 *fill*         0x000049ce        0x2 
 .rodata.__func__.3
                0x000049d0        0xc CMakeFiles/shell.elf.dir/C_/Users/jordanj/Documents/ARM/NXP/SDK_2_10_1_LPCXpresso55S06/devices/LPC55S06/utilities/fsl_shell.c.obj
 .rodata.__func__.2
                0x000049dc        0xd CMakeFiles/shell.elf.dir/C_/Users/jordanj/Documents/ARM/NXP/SDK_2_10_1_LPCXpresso55S06/devices/LPC55S06/utilities/fsl_shell.c.obj
 *fill*         0x000049e9        0x3 
 .rodata.__func__.0
                0x000049ec       0x12 CMakeFiles/shell.elf.dir/C_/Users/jordanj/Documents/ARM/NXP/SDK_2_10_1_LPCXpresso55S06/devices/LPC55S06/utilities/fsl_shell.c.obj
 *fill*         0x000049fe        0x2 
 .rodata.__func__.15
                0x00004a00        0xb CMakeFiles/shell.elf.dir/C_/Users/jordanj/Documents/ARM/NXP/SDK_2_10_1_LPCXpresso55S06/devices/LPC55S06/drivers/fsl_usart.c.obj
 *fill*         0x00004a0b        0x1 
 .rodata.__func__.13
                0x00004a0c       0x17 CMakeFiles/shell.elf.dir/C_/Users/jordanj/Documents/ARM/NXP/SDK_2_10_1_LPCXpresso55S06/devices/LPC55S06/drivers/fsl_usart.c.obj
 *fill*         0x00004a23        0x1 
 .rodata.__func__.12
                0x00004a24       0x12 CMakeFiles/shell.elf.dir/C_/Users/jordanj/Documents/ARM/NXP/SDK_2_10_1_LPCXpresso55S06/devices/LPC55S06/drivers/fsl_usart.c.obj
 *fill*         0x00004a36        0x2 
 .rodata.__func__.9
                0x00004a38       0x14 CMakeFiles/shell.elf.dir/C_/Users/jordanj/Documents/ARM/NXP/SDK_2_10_1_LPCXpresso55S06/devices/LPC55S06/drivers/fsl_usart.c.obj
 .rodata.__func__.8
                0x00004a4c       0x13 CMakeFiles/shell.elf.dir/C_/Users/jordanj/Documents/ARM/NXP/SDK_2_10_1_LPCXpresso55S06/devices/LPC55S06/drivers/fsl_usart.c.obj
 *fill*         0x00004a5f        0x1 
 .rodata.s_flexcommBaseAddrs
                0x00004a60       0x24 CMakeFiles/shell.elf.dir/C_/Users/jordanj/Documents/ARM/NXP/SDK_2_10_1_LPCXpresso55S06/devices/LPC55S06/drivers/fsl_flexcomm.c.obj
 .rodata.s_flexcommClocks
                0x00004a84       0x12 CMakeFiles/shell.elf.dir/C_/Users/jordanj/Documents/ARM/NXP/SDK_2_10_1_LPCXpresso55S06/devices/LPC55S06/drivers/fsl_flexcomm.c.obj
 *fill*         0x00004a96        0x2 
 .rodata.s_flexcommResets
                0x00004a98       0x24 CMakeFiles/shell.elf.dir/C_/Users/jordanj/Documents/ARM/NXP/SDK_2_10_1_LPCXpresso55S06/devices/LPC55S06/drivers/fsl_flexcomm.c.obj
 .rodata.__func__.9
                0x00004abc       0x15 CMakeFiles/shell.elf.dir/C_/Users/jordanj/Documents/ARM/NXP/SDK_2_10_1_LPCXpresso55S06/devices/LPC55S06/drivers/fsl_flexcomm.c.obj
 *fill*         0x00004ad1        0x3 
 .rodata.__func__.8
                0x00004ad4       0x1b CMakeFiles/shell.elf.dir/C_/Users/jordanj/Documents/ARM/NXP/SDK_2_10_1_LPCXpresso55S06/devices/LPC55S06/drivers/fsl_flexcomm.c.obj
 *fill*         0x00004aef        0x1 
 .rodata.__func__.7
                0x00004af0       0x1b CMakeFiles/shell.elf.dir/C_/Users/jordanj/Documents/ARM/NXP/SDK_2_10_1_LPCXpresso55S06/devices/LPC55S06/drivers/fsl_flexcomm.c.obj
 *fill*         0x00004b0b        0x1 
 .rodata.__func__.6
                0x00004b0c       0x1b CMakeFiles/shell.elf.dir/C_/Users/jordanj/Documents/ARM/NXP/SDK_2_10_1_LPCXpresso55S06/devices/LPC55S06/drivers/fsl_flexcomm.c.obj
 *fill*         0x00004b27        0x1 
 .rodata.__func__.5
                0x00004b28       0x1b CMakeFiles/shell.elf.dir/C_/Users/jordanj/Documents/ARM/NXP/SDK_2_10_1_LPCXpresso55S06/devices/LPC55S06/drivers/fsl_flexcomm.c.obj
 *fill*         0x00004b43        0x1 
 .rodata.__func__.4
                0x00004b44       0x1b CMakeFiles/shell.elf.dir/C_/Users/jordanj/Documents/ARM/NXP/SDK_2_10_1_LPCXpresso55S06/devices/LPC55S06/drivers/fsl_flexcomm.c.obj
 *fill*         0x00004b5f        0x1 
 .rodata.__func__.3
                0x00004b60       0x1b CMakeFiles/shell.elf.dir/C_/Users/jordanj/Documents/ARM/NXP/SDK_2_10_1_LPCXpresso55S06/devices/LPC55S06/drivers/fsl_flexcomm.c.obj
 *fill*         0x00004b7b        0x1 
 .rodata.__func__.2
                0x00004b7c       0x1b CMakeFiles/shell.elf.dir/C_/Users/jordanj/Documents/ARM/NXP/SDK_2_10_1_LPCXpresso55S06/devices/LPC55S06/drivers/fsl_flexcomm.c.obj
 *fill*         0x00004b97        0x1 
 .rodata.__func__.1
                0x00004b98       0x1b CMakeFiles/shell.elf.dir/C_/Users/jordanj/Documents/ARM/NXP/SDK_2_10_1_LPCXpresso55S06/devices/LPC55S06/drivers/fsl_flexcomm.c.obj
 *fill*         0x00004bb3        0x1 
 .rodata.__func__.0
                0x00004bb4       0x1b CMakeFiles/shell.elf.dir/C_/Users/jordanj/Documents/ARM/NXP/SDK_2_10_1_LPCXpresso55S06/devices/LPC55S06/drivers/fsl_flexcomm.c.obj
 *fill*         0x00004bcf        0x1 
 .rodata.IntervalList
                0x00004bd0       0x40 CMakeFiles/shell.elf.dir/C_/Users/jordanj/Documents/ARM/NXP/SDK_2_10_1_LPCXpresso55S06/devices/LPC55S06/drivers/fsl_clock.c.obj
 .rodata.__func__.1
                0x00004c10       0x19 CMakeFiles/shell.elf.dir/C_/Users/jordanj/Documents/ARM/NXP/SDK_2_10_1_LPCXpresso55S06/devices/LPC55S06/drivers/fsl_reset.c.obj
 *fill*         0x00004c29        0x3 
 .rodata.__func__.0
                0x00004c2c       0x1b CMakeFiles/shell.elf.dir/C_/Users/jordanj/Documents/ARM/NXP/SDK_2_10_1_LPCXpresso55S06/devices/LPC55S06/drivers/fsl_reset.c.obj
 *fill*         0x00004c47        0x1 
 .rodata.s_UsartAdapterBase
                0x00004c48       0x20 CMakeFiles/shell.elf.dir/C_/Users/jordanj/Documents/ARM/NXP/SDK_2_10_1_LPCXpresso55S06/components/uart/fsl_adapter_usart.c.obj
 .rodata.__func__.5
                0x00004c68       0x13 CMakeFiles/shell.elf.dir/C_/Users/jordanj/Documents/ARM/NXP/SDK_2_10_1_LPCXpresso55S06/components/uart/fsl_adapter_usart.c.obj
 *fill*         0x00004c7b        0x1 
 .rodata.__func__.3
                0x00004c7c       0x18 CMakeFiles/shell.elf.dir/C_/Users/jordanj/Documents/ARM/NXP/SDK_2_10_1_LPCXpresso55S06/components/uart/fsl_adapter_usart.c.obj
 .rodata.__func__.2
                0x00004c94       0x15 CMakeFiles/shell.elf.dir/C_/Users/jordanj/Documents/ARM/NXP/SDK_2_10_1_LPCXpresso55S06/components/uart/fsl_adapter_usart.c.obj
 *fill*         0x00004ca9        0x3 
 .rodata.s_gpioClockName
                0x00004cac        0x4 CMakeFiles/shell.elf.dir/C_/Users/jordanj/Documents/ARM/NXP/SDK_2_10_1_LPCXpresso55S06/devices/LPC55S06/drivers/fsl_gpio.c.obj
 .rodata.__func__.0
                0x00004cb0       0x15 CMakeFiles/shell.elf.dir/C_/Users/jordanj/Documents/ARM/NXP/SDK_2_10_1_LPCXpresso55S06/devices/LPC55S06/drivers/fsl_gpio.c.obj
 *fill*         0x00004cc5        0x3 
 .rodata._global_impure_ptr
                0x00004cc8        0x4 c:/progra~2/gnuarm~1/102020~1/bin/../lib/gcc/arm-none-eabi/10.2.1/../../../../arm-none-eabi/lib/thumb/v8-m.main+fp/hard\libc_nano.a(lib_a-impure.o)
                0x00004cc8                _global_impure_ptr
 .rodata._ctype_
                0x00004ccc      0x101 c:/progra~2/gnuarm~1/102020~1/bin/../lib/gcc/arm-none-eabi/10.2.1/../../../../arm-none-eabi/lib/thumb/v8-m.main+fp/hard\libc_nano.a(lib_a-ctype_.o)
                0x00004ccc                _ctype_
 *(.glue_7)
 .glue_7        0x00004dcd        0x0 linker stubs
 *(.glue_7t)
 .glue_7t       0x00004dcd        0x0 linker stubs
 *(.eh_frame)
 *fill*         0x00004dcd        0x3 
 .eh_frame      0x00004dd0        0x0 c:/progra~2/gnuarm~1/102020~1/bin/../lib/gcc/arm-none-eabi/10.2.1/thumb/v8-m.main+fp/hard/crtbegin.o
 *(.init)
 .init          0x00004dd0        0x4 c:/progra~2/gnuarm~1/102020~1/bin/../lib/gcc/arm-none-eabi/10.2.1/thumb/v8-m.main+fp/hard/crti.o
                0x00004dd0                _init
 .init          0x00004dd4        0x8 c:/progra~2/gnuarm~1/102020~1/bin/../lib/gcc/arm-none-eabi/10.2.1/thumb/v8-m.main+fp/hard/crtn.o
 *(.fini)
 .fini          0x00004ddc        0x4 c:/progra~2/gnuarm~1/102020~1/bin/../lib/gcc/arm-none-eabi/10.2.1/thumb/v8-m.main+fp/hard/crti.o
                0x00004ddc                _fini
 .fini          0x00004de0        0x8 c:/progra~2/gnuarm~1/102020~1/bin/../lib/gcc/arm-none-eabi/10.2.1/thumb/v8-m.main+fp/hard/crtn.o
                0x00004de8                . = ALIGN (0x4)

.vfp11_veneer   0x00004de8        0x0
 .vfp11_veneer  0x00004de8        0x0 linker stubs

.v4_bx          0x00004de8        0x0
 .v4_bx         0x00004de8        0x0 linker stubs

.iplt           0x00004de8        0x0
 .iplt          0x00004de8        0x0 c:/progra~2/gnuarm~1/102020~1/bin/../lib/gcc/arm-none-eabi/10.2.1/thumb/v8-m.main+fp/hard/crtbegin.o

.ARM.extab
 *(.ARM.extab* .gnu.linkonce.armextab.*)

.ARM            0x00004de8        0x8
                0x00004de8                __exidx_start = .
 *(.ARM.exidx*)
 .ARM.exidx     0x00004de8        0x8 c:/progra~2/gnuarm~1/102020~1/bin/../lib/gcc/arm-none-eabi/10.2.1/../../../../arm-none-eabi/lib/thumb/v8-m.main+fp/hard/crt0.o
                                 0x10 (size before relaxing)
                0x00004df0                __exidx_end = .

.rel.dyn        0x00004df0        0x0
 .rel.iplt      0x00004df0        0x0 c:/progra~2/gnuarm~1/102020~1/bin/../lib/gcc/arm-none-eabi/10.2.1/thumb/v8-m.main+fp/hard/crtbegin.o

.ctors          0x00004df0        0x0
                0x00004df0                __CTOR_LIST__ = .
 *crtbegin.o(.ctors)
 *crtbegin?.o(.ctors)
 *(EXCLUDE_FILE(*crtend.o *crtend?.o) .ctors)
 *(SORT_BY_NAME(.ctors.*))
 *(.ctors)
                0x00004df0                __CTOR_END__ = .

.dtors          0x00004df0        0x0
                0x00004df0                __DTOR_LIST__ = .
 *crtbegin.o(.dtors)
 *crtbegin?.o(.dtors)
 *(EXCLUDE_FILE(*crtend.o *crtend?.o) .dtors)
 *(SORT_BY_NAME(.dtors.*))
 *(.dtors)
                0x00004df0                __DTOR_END__ = .

.preinit_array  0x00004df0        0x0
                0x00004df0                PROVIDE (__preinit_array_start = .)
 *(.preinit_array*)
                0x00004df0                PROVIDE (__preinit_array_end = .)

.init_array     0x00004df0        0x4
                0x00004df0                PROVIDE (__init_array_start = .)
 *(SORT_BY_NAME(.init_array.*))
 *(.init_array*)
 .init_array    0x00004df0        0x4 c:/progra~2/gnuarm~1/102020~1/bin/../lib/gcc/arm-none-eabi/10.2.1/thumb/v8-m.main+fp/hard/crtbegin.o
                0x00004df4                PROVIDE (__init_array_end = .)

.fini_array     0x00004df4        0x4
                [!provide]                PROVIDE (__fini_array_start = .)
 *(SORT_BY_NAME(.fini_array.*))
 *(.fini_array*)
 .fini_array    0x00004df4        0x4 c:/progra~2/gnuarm~1/102020~1/bin/../lib/gcc/arm-none-eabi/10.2.1/thumb/v8-m.main+fp/hard/crtbegin.o
                [!provide]                PROVIDE (__fini_array_end = .)
                0x00004df8                __etext = .
                0x00004df8                __DATA_ROM = .

.data           0x20000000       0xb0 load address 0x00004df8
                0x20000000                . = ALIGN (0x4)
                0x20000000                __DATA_RAM = .
                0x20000000                __data_start__ = .
 *(.ramfunc*)
 *(.data)
 *(.data*)
 .data.g_shellCommandled
                0x20000000       0x18 CMakeFiles/shell.elf.dir/__/shell.c.obj
                0x20000000                g_shellCommandled
 .data.g_shellCommandhelp
                0x20000018       0x18 CMakeFiles/shell.elf.dir/C_/Users/jordanj/Documents/ARM/NXP/SDK_2_10_1_LPCXpresso55S06/devices/LPC55S06/utilities/fsl_shell.c.obj
 .data.g_shellCommandexit
                0x20000030       0x18 CMakeFiles/shell.elf.dir/C_/Users/jordanj/Documents/ARM/NXP/SDK_2_10_1_LPCXpresso55S06/devices/LPC55S06/utilities/fsl_shell.c.obj
 .data.SystemCoreClock
                0x20000048        0x4 CMakeFiles/shell.elf.dir/C_/Users/jordanj/Documents/ARM/NXP/SDK_2_10_1_LPCXpresso55S06/devices/LPC55S06/system_LPC55S06.c.obj
                0x20000048                SystemCoreClock
 .data._impure_ptr
                0x2000004c        0x4 c:/progra~2/gnuarm~1/102020~1/bin/../lib/gcc/arm-none-eabi/10.2.1/../../../../arm-none-eabi/lib/thumb/v8-m.main+fp/hard\libc_nano.a(lib_a-impure.o)
                0x2000004c                _impure_ptr
 .data.impure_data
                0x20000050       0x60 c:/progra~2/gnuarm~1/102020~1/bin/../lib/gcc/arm-none-eabi/10.2.1/../../../../arm-none-eabi/lib/thumb/v8-m.main+fp/hard\libc_nano.a(lib_a-impure.o)
 *(.jcr*)
                0x200000b0                . = ALIGN (0x4)
                0x200000b0                __data_end__ = .
                0x00004ea8                __DATA_END = (__DATA_ROM + (__data_end__ - __data_start__))
                0x00038000                text_end = (ORIGIN (m_text) + LENGTH (m_text))
                0x00000001                ASSERT ((__DATA_END <= text_end), region m_text overflowed with text and data)

.igot.plt       0x200000b0        0x0 load address 0x00004ea8
 .igot.plt      0x200000b0        0x0 c:/progra~2/gnuarm~1/102020~1/bin/../lib/gcc/arm-none-eabi/10.2.1/thumb/v8-m.main+fp/hard/crtbegin.o

.bss            0x200000b0      0x278 load address 0x00004ea8
                0x200000b0                . = ALIGN (0x4)
                0x200000b0                __START_BSS = .
                0x200000b0                __bss_start__ = .
 *(.bss)
 .bss           0x200000b0       0x1c c:/progra~2/gnuarm~1/102020~1/bin/../lib/gcc/arm-none-eabi/10.2.1/thumb/v8-m.main+fp/hard/crtbegin.o
 *(.bss*)
 .bss.s_shellHandleBuffer
                0x200000cc      0x1a8 CMakeFiles/shell.elf.dir/__/shell.c.obj
 .bss.s_shellHandle
                0x20000274        0x4 CMakeFiles/shell.elf.dir/__/shell.c.obj
 .bss.s_paramBuffer
                0x20000278       0x40 CMakeFiles/shell.elf.dir/C_/Users/jordanj/Documents/ARM/NXP/SDK_2_10_1_LPCXpresso55S06/devices/LPC55S06/utilities/fsl_shell.c.obj
 .bss.endoflinechar.7
                0x200002b8        0x1 CMakeFiles/shell.elf.dir/C_/Users/jordanj/Documents/ARM/NXP/SDK_2_10_1_LPCXpresso55S06/devices/LPC55S06/utilities/fsl_shell.c.obj
 *fill*         0x200002b9        0x3 
 .bss.s_debugConsoleState
                0x200002bc       0x20 CMakeFiles/shell.elf.dir/a00ae4ed44a530a7f5755e7f6cdb0eef/devices/LPC55S06/utilities/debug_console/fsl_debug_console.c.obj
 .bss.g_serialHandle
                0x200002dc        0x4 CMakeFiles/shell.elf.dir/a00ae4ed44a530a7f5755e7f6cdb0eef/devices/LPC55S06/utilities/debug_console/fsl_debug_console.c.obj
                0x200002dc                g_serialHandle
 .bss.s_flexcommIrqHandler
                0x200002e0       0x24 CMakeFiles/shell.elf.dir/C_/Users/jordanj/Documents/ARM/NXP/SDK_2_10_1_LPCXpresso55S06/devices/LPC55S06/drivers/fsl_flexcomm.c.obj
 .bss.s_flexcommHandle
                0x20000304       0x24 CMakeFiles/shell.elf.dir/C_/Users/jordanj/Documents/ARM/NXP/SDK_2_10_1_LPCXpresso55S06/devices/LPC55S06/drivers/fsl_flexcomm.c.obj
 *(COMMON)
                0x20000328                . = ALIGN (0x4)
                0x20000328                __bss_end__ = .
                0x20000328                __END_BSS = .

.heap           0x20000328      0x400 load address 0x00005120
                0x20000328                . = ALIGN (0x8)
                0x20000328                __end__ = .
                0x20000328                PROVIDE (end = .)
                0x20000328                __HeapBase = .
                0x20000728                . = (. + HEAP_SIZE)
 *fill*         0x20000328      0x400 
                0x20000728                __HeapLimit = .
                0x20000728                __heap_limit = .

.stack          0x20000728      0x800 load address 0x00005520
                0x20000728                . = ALIGN (0x8)
                0x20000f28                . = (. + STACK_SIZE)
 *fill*         0x20000728      0x800 
                0x20010000                __StackTop = (ORIGIN (m_data) + LENGTH (m_data))
                0x2000f800                __StackLimit = (__StackTop - STACK_SIZE)
                0x20010000                PROVIDE (__stack = __StackTop)

.ARM.attributes
                0x00000000       0x36
 *(.ARM.attributes)
 .ARM.attributes
                0x00000000       0x22 c:/progra~2/gnuarm~1/102020~1/bin/../lib/gcc/arm-none-eabi/10.2.1/thumb/v8-m.main+fp/hard/crti.o
 .ARM.attributes
                0x00000022       0x38 c:/progra~2/gnuarm~1/102020~1/bin/../lib/gcc/arm-none-eabi/10.2.1/thumb/v8-m.main+fp/hard/crtbegin.o
 .ARM.attributes
                0x0000005a       0x20 c:/progra~2/gnuarm~1/102020~1/bin/../lib/gcc/arm-none-eabi/10.2.1/../../../../arm-none-eabi/lib/thumb/v8-m.main+fp/hard/crt0.o
 .ARM.attributes
                0x0000007a       0x3a CMakeFiles/shell.elf.dir/__/shell.c.obj
 .ARM.attributes
                0x000000b4       0x3a CMakeFiles/shell.elf.dir/__/pin_mux.c.obj
 .ARM.attributes
                0x000000ee       0x3a CMakeFiles/shell.elf.dir/__/board.c.obj
 .ARM.attributes
                0x00000128       0x3a CMakeFiles/shell.elf.dir/__/clock_config.c.obj
 .ARM.attributes
                0x00000162       0x3a CMakeFiles/shell.elf.dir/C_/Users/jordanj/Documents/ARM/NXP/SDK_2_10_1_LPCXpresso55S06/devices/LPC55S06/utilities/fsl_shell.c.obj
 .ARM.attributes
                0x0000019c       0x3a CMakeFiles/shell.elf.dir/C_/Users/jordanj/Documents/ARM/NXP/SDK_2_10_1_LPCXpresso55S06/devices/LPC55S06/utilities/str/fsl_str.c.obj
 .ARM.attributes
                0x000001d6       0x3a CMakeFiles/shell.elf.dir/a00ae4ed44a530a7f5755e7f6cdb0eef/devices/LPC55S06/utilities/debug_console/fsl_debug_console.c.obj
 .ARM.attributes
                0x00000210       0x3a CMakeFiles/shell.elf.dir/a00ae4ed44a530a7f5755e7f6cdb0eef/components/serial_manager/fsl_component_serial_manager.c.obj
 .ARM.attributes
                0x0000024a       0x3a CMakeFiles/shell.elf.dir/a00ae4ed44a530a7f5755e7f6cdb0eef/components/serial_manager/fsl_component_serial_port_uart.c.obj
 .ARM.attributes
                0x00000284       0x3a CMakeFiles/shell.elf.dir/C_/Users/jordanj/Documents/ARM/NXP/SDK_2_10_1_LPCXpresso55S06/devices/LPC55S06/drivers/fsl_usart.c.obj
 .ARM.attributes
                0x000002be       0x3a CMakeFiles/shell.elf.dir/C_/Users/jordanj/Documents/ARM/NXP/SDK_2_10_1_LPCXpresso55S06/devices/LPC55S06/drivers/fsl_flexcomm.c.obj
 .ARM.attributes
                0x000002f8       0x3a CMakeFiles/shell.elf.dir/C_/Users/jordanj/Documents/ARM/NXP/SDK_2_10_1_LPCXpresso55S06/devices/LPC55S06/drivers/fsl_clock.c.obj
 .ARM.attributes
                0x00000332       0x3a CMakeFiles/shell.elf.dir/C_/Users/jordanj/Documents/ARM/NXP/SDK_2_10_1_LPCXpresso55S06/devices/LPC55S06/drivers/fsl_power.c.obj
 .ARM.attributes
                0x0000036c       0x3a CMakeFiles/shell.elf.dir/C_/Users/jordanj/Documents/ARM/NXP/SDK_2_10_1_LPCXpresso55S06/devices/LPC55S06/drivers/fsl_reset.c.obj
 .ARM.attributes
                0x000003a6       0x3a CMakeFiles/shell.elf.dir/C_/Users/jordanj/Documents/ARM/NXP/SDK_2_10_1_LPCXpresso55S06/components/uart/fsl_adapter_usart.c.obj
 .ARM.attributes
                0x000003e0       0x3a CMakeFiles/shell.elf.dir/C_/Users/jordanj/Documents/ARM/NXP/SDK_2_10_1_LPCXpresso55S06/components/lists/fsl_component_generic_list.c.obj
 .ARM.attributes
                0x0000041a       0x24 CMakeFiles/shell.elf.dir/C_/Users/jordanj/Documents/ARM/NXP/SDK_2_10_1_LPCXpresso55S06/devices/LPC55S06/gcc/startup_LPC55S06.S.obj
 .ARM.attributes
                0x0000043e       0x3a CMakeFiles/shell.elf.dir/C_/Users/jordanj/Documents/ARM/NXP/SDK_2_10_1_LPCXpresso55S06/devices/LPC55S06/system_LPC55S06.c.obj
 .ARM.attributes
                0x00000478       0x3a CMakeFiles/shell.elf.dir/C_/Users/jordanj/Documents/ARM/NXP/SDK_2_10_1_LPCXpresso55S06/devices/LPC55S06/drivers/fsl_gpio.c.obj
 .ARM.attributes
                0x000004b2       0x3a CMakeFiles/shell.elf.dir/C_/Users/jordanj/Documents/ARM/NXP/SDK_2_10_1_LPCXpresso55S06/devices/LPC55S06/utilities/fsl_assert.c.obj
 .ARM.attributes
                0x000004ec       0x38 c:/progra~2/gnuarm~1/102020~1/bin/../lib/gcc/arm-none-eabi/10.2.1/../../../../arm-none-eabi/lib/thumb/v8-m.main+fp/hard\libc_nano.a(lib_a-atoi.o)
 .ARM.attributes
                0x00000524       0x38 c:/progra~2/gnuarm~1/102020~1/bin/../lib/gcc/arm-none-eabi/10.2.1/../../../../arm-none-eabi/lib/thumb/v8-m.main+fp/hard\libc_nano.a(lib_a-errno.o)
 .ARM.attributes
                0x0000055c       0x38 c:/progra~2/gnuarm~1/102020~1/bin/../lib/gcc/arm-none-eabi/10.2.1/../../../../arm-none-eabi/lib/thumb/v8-m.main+fp/hard\libc_nano.a(lib_a-exit.o)
 .ARM.attributes
                0x00000594       0x36 c:/progra~2/gnuarm~1/102020~1/bin/../lib/gcc/arm-none-eabi/10.2.1/../../../../arm-none-eabi/lib/thumb/v8-m.main+fp/hard\libc_nano.a(lib_a-impure.o)
 .ARM.attributes
                0x000005ca       0x38 c:/progra~2/gnuarm~1/102020~1/bin/../lib/gcc/arm-none-eabi/10.2.1/../../../../arm-none-eabi/lib/thumb/v8-m.main+fp/hard\libc_nano.a(lib_a-init.o)
 .ARM.attributes
                0x00000602       0x38 c:/progra~2/gnuarm~1/102020~1/bin/../lib/gcc/arm-none-eabi/10.2.1/../../../../arm-none-eabi/lib/thumb/v8-m.main+fp/hard\libc_nano.a(lib_a-memcpy-stub.o)
 .ARM.attributes
                0x0000063a       0x38 c:/progra~2/gnuarm~1/102020~1/bin/../lib/gcc/arm-none-eabi/10.2.1/../../../../arm-none-eabi/lib/thumb/v8-m.main+fp/hard\libc_nano.a(lib_a-memmove.o)
 .ARM.attributes
                0x00000672       0x38 c:/progra~2/gnuarm~1/102020~1/bin/../lib/gcc/arm-none-eabi/10.2.1/../../../../arm-none-eabi/lib/thumb/v8-m.main+fp/hard\libc_nano.a(lib_a-memset.o)
 .ARM.attributes
                0x000006aa       0x20 c:/progra~2/gnuarm~1/102020~1/bin/../lib/gcc/arm-none-eabi/10.2.1/../../../../arm-none-eabi/lib/thumb/v8-m.main+fp/hard\libc_nano.a(lib_a-strcmp.o)
 .ARM.attributes
                0x000006ca       0x17 c:/progra~2/gnuarm~1/102020~1/bin/../lib/gcc/arm-none-eabi/10.2.1/../../../../arm-none-eabi/lib/thumb/v8-m.main+fp/hard\libc_nano.a(lib_a-strlen.o)
 .ARM.attributes
                0x000006e1       0x38 c:/progra~2/gnuarm~1/102020~1/bin/../lib/gcc/arm-none-eabi/10.2.1/../../../../arm-none-eabi/lib/thumb/v8-m.main+fp/hard\libc_nano.a(lib_a-strtol.o)
 .ARM.attributes
                0x00000719       0x36 c:/progra~2/gnuarm~1/102020~1/bin/../lib/gcc/arm-none-eabi/10.2.1/../../../../arm-none-eabi/lib/thumb/v8-m.main+fp/hard\libc_nano.a(lib_a-ctype_.o)
 .ARM.attributes
                0x0000074f       0x38 c:/progra~2/gnuarm~1/102020~1/bin/../lib/gcc/arm-none-eabi/10.2.1/../../../../arm-none-eabi/lib/thumb/v8-m.main+fp/hard\libnosys.a(_exit.o)
 .ARM.attributes
                0x00000787       0x22 c:/progra~2/gnuarm~1/102020~1/bin/../lib/gcc/arm-none-eabi/10.2.1/thumb/v8-m.main+fp/hard/crtn.o
                0x00000001                ASSERT ((__StackLimit >= __HeapLimit), region m_data overflowed with stack and heap)
OUTPUT(..\..\..\shell\armgcc\debug\shell.elf elf32-littlearm)
LOAD linker stubs

.debug_info     0x00000000    0x16354
 .debug_info    0x00000000     0x1c92 CMakeFiles/shell.elf.dir/__/shell.c.obj
 .debug_info    0x00001c92     0x1028 CMakeFiles/shell.elf.dir/__/pin_mux.c.obj
 .debug_info    0x00002cba      0x74f CMakeFiles/shell.elf.dir/__/board.c.obj
 .debug_info    0x00003409     0x16fe CMakeFiles/shell.elf.dir/__/clock_config.c.obj
 .debug_info    0x00004b07     0x1144 CMakeFiles/shell.elf.dir/C_/Users/jordanj/Documents/ARM/NXP/SDK_2_10_1_LPCXpresso55S06/devices/LPC55S06/utilities/fsl_shell.c.obj
 .debug_info    0x00005c4b      0xac3 CMakeFiles/shell.elf.dir/C_/Users/jordanj/Documents/ARM/NXP/SDK_2_10_1_LPCXpresso55S06/devices/LPC55S06/utilities/str/fsl_str.c.obj
 .debug_info    0x0000670e      0xb44 CMakeFiles/shell.elf.dir/a00ae4ed44a530a7f5755e7f6cdb0eef/devices/LPC55S06/utilities/debug_console/fsl_debug_console.c.obj
 .debug_info    0x00007252      0x8fd CMakeFiles/shell.elf.dir/a00ae4ed44a530a7f5755e7f6cdb0eef/components/serial_manager/fsl_component_serial_manager.c.obj
 .debug_info    0x00007b4f      0x475 CMakeFiles/shell.elf.dir/a00ae4ed44a530a7f5755e7f6cdb0eef/components/serial_manager/fsl_component_serial_port_uart.c.obj
 .debug_info    0x00007fc4     0x196b CMakeFiles/shell.elf.dir/C_/Users/jordanj/Documents/ARM/NXP/SDK_2_10_1_LPCXpresso55S06/devices/LPC55S06/drivers/fsl_usart.c.obj
 .debug_info    0x0000992f     0x1b1d CMakeFiles/shell.elf.dir/C_/Users/jordanj/Documents/ARM/NXP/SDK_2_10_1_LPCXpresso55S06/devices/LPC55S06/drivers/fsl_flexcomm.c.obj
 .debug_info    0x0000b44c     0x2d63 CMakeFiles/shell.elf.dir/C_/Users/jordanj/Documents/ARM/NXP/SDK_2_10_1_LPCXpresso55S06/devices/LPC55S06/drivers/fsl_clock.c.obj
 .debug_info    0x0000e1af     0x31ec CMakeFiles/shell.elf.dir/C_/Users/jordanj/Documents/ARM/NXP/SDK_2_10_1_LPCXpresso55S06/devices/LPC55S06/drivers/fsl_power.c.obj
 .debug_info    0x0001139b      0xf67 CMakeFiles/shell.elf.dir/C_/Users/jordanj/Documents/ARM/NXP/SDK_2_10_1_LPCXpresso55S06/devices/LPC55S06/drivers/fsl_reset.c.obj
 .debug_info    0x00012302      0xcb0 CMakeFiles/shell.elf.dir/C_/Users/jordanj/Documents/ARM/NXP/SDK_2_10_1_LPCXpresso55S06/components/uart/fsl_adapter_usart.c.obj
 .debug_info    0x00012fb2      0x59f CMakeFiles/shell.elf.dir/C_/Users/jordanj/Documents/ARM/NXP/SDK_2_10_1_LPCXpresso55S06/components/lists/fsl_component_generic_list.c.obj
 .debug_info    0x00013551       0x26 CMakeFiles/shell.elf.dir/C_/Users/jordanj/Documents/ARM/NXP/SDK_2_10_1_LPCXpresso55S06/devices/LPC55S06/gcc/startup_LPC55S06.S.obj
 .debug_info    0x00013577     0x15fb CMakeFiles/shell.elf.dir/C_/Users/jordanj/Documents/ARM/NXP/SDK_2_10_1_LPCXpresso55S06/devices/LPC55S06/system_LPC55S06.c.obj
 .debug_info    0x00014b72     0x170e CMakeFiles/shell.elf.dir/C_/Users/jordanj/Documents/ARM/NXP/SDK_2_10_1_LPCXpresso55S06/devices/LPC55S06/drivers/fsl_gpio.c.obj
 .debug_info    0x00016280       0xd4 CMakeFiles/shell.elf.dir/C_/Users/jordanj/Documents/ARM/NXP/SDK_2_10_1_LPCXpresso55S06/devices/LPC55S06/utilities/fsl_assert.c.obj

.debug_abbrev   0x00000000     0x28fe
 .debug_abbrev  0x00000000      0x2c3 CMakeFiles/shell.elf.dir/__/shell.c.obj
 .debug_abbrev  0x000002c3      0x1d6 CMakeFiles/shell.elf.dir/__/pin_mux.c.obj
 .debug_abbrev  0x00000499       0xb2 CMakeFiles/shell.elf.dir/__/board.c.obj
 .debug_abbrev  0x0000054b      0x1ba CMakeFiles/shell.elf.dir/__/clock_config.c.obj
 .debug_abbrev  0x00000705      0x376 CMakeFiles/shell.elf.dir/C_/Users/jordanj/Documents/ARM/NXP/SDK_2_10_1_LPCXpresso55S06/devices/LPC55S06/utilities/fsl_shell.c.obj
 .debug_abbrev  0x00000a7b      0x230 CMakeFiles/shell.elf.dir/C_/Users/jordanj/Documents/ARM/NXP/SDK_2_10_1_LPCXpresso55S06/devices/LPC55S06/utilities/str/fsl_str.c.obj
 .debug_abbrev  0x00000cab      0x217 CMakeFiles/shell.elf.dir/a00ae4ed44a530a7f5755e7f6cdb0eef/devices/LPC55S06/utilities/debug_console/fsl_debug_console.c.obj
 .debug_abbrev  0x00000ec2      0x23a CMakeFiles/shell.elf.dir/a00ae4ed44a530a7f5755e7f6cdb0eef/components/serial_manager/fsl_component_serial_manager.c.obj
 .debug_abbrev  0x000010fc      0x164 CMakeFiles/shell.elf.dir/a00ae4ed44a530a7f5755e7f6cdb0eef/components/serial_manager/fsl_component_serial_port_uart.c.obj
 .debug_abbrev  0x00001260      0x2f7 CMakeFiles/shell.elf.dir/C_/Users/jordanj/Documents/ARM/NXP/SDK_2_10_1_LPCXpresso55S06/devices/LPC55S06/drivers/fsl_usart.c.obj
 .debug_abbrev  0x00001557      0x2ca CMakeFiles/shell.elf.dir/C_/Users/jordanj/Documents/ARM/NXP/SDK_2_10_1_LPCXpresso55S06/devices/LPC55S06/drivers/fsl_flexcomm.c.obj
 .debug_abbrev  0x00001821      0x33f CMakeFiles/shell.elf.dir/C_/Users/jordanj/Documents/ARM/NXP/SDK_2_10_1_LPCXpresso55S06/devices/LPC55S06/drivers/fsl_clock.c.obj
 .debug_abbrev  0x00001b60      0x371 CMakeFiles/shell.elf.dir/C_/Users/jordanj/Documents/ARM/NXP/SDK_2_10_1_LPCXpresso55S06/devices/LPC55S06/drivers/fsl_power.c.obj
 .debug_abbrev  0x00001ed1      0x14a CMakeFiles/shell.elf.dir/C_/Users/jordanj/Documents/ARM/NXP/SDK_2_10_1_LPCXpresso55S06/devices/LPC55S06/drivers/fsl_reset.c.obj
 .debug_abbrev  0x0000201b      0x1d5 CMakeFiles/shell.elf.dir/C_/Users/jordanj/Documents/ARM/NXP/SDK_2_10_1_LPCXpresso55S06/components/uart/fsl_adapter_usart.c.obj
 .debug_abbrev  0x000021f0      0x27e CMakeFiles/shell.elf.dir/C_/Users/jordanj/Documents/ARM/NXP/SDK_2_10_1_LPCXpresso55S06/components/lists/fsl_component_generic_list.c.obj
 .debug_abbrev  0x0000246e       0x14 CMakeFiles/shell.elf.dir/C_/Users/jordanj/Documents/ARM/NXP/SDK_2_10_1_LPCXpresso55S06/devices/LPC55S06/gcc/startup_LPC55S06.S.obj
 .debug_abbrev  0x00002482      0x1fa CMakeFiles/shell.elf.dir/C_/Users/jordanj/Documents/ARM/NXP/SDK_2_10_1_LPCXpresso55S06/devices/LPC55S06/system_LPC55S06.c.obj
 .debug_abbrev  0x0000267c      0x21a CMakeFiles/shell.elf.dir/C_/Users/jordanj/Documents/ARM/NXP/SDK_2_10_1_LPCXpresso55S06/devices/LPC55S06/drivers/fsl_gpio.c.obj
 .debug_abbrev  0x00002896       0x68 CMakeFiles/shell.elf.dir/C_/Users/jordanj/Documents/ARM/NXP/SDK_2_10_1_LPCXpresso55S06/devices/LPC55S06/utilities/fsl_assert.c.obj

.debug_aranges  0x00000000      0xa38
 .debug_aranges
                0x00000000       0x50 CMakeFiles/shell.elf.dir/__/shell.c.obj
 .debug_aranges
                0x00000050       0x38 CMakeFiles/shell.elf.dir/__/pin_mux.c.obj
 .debug_aranges
                0x00000088       0x20 CMakeFiles/shell.elf.dir/__/board.c.obj
 .debug_aranges
                0x000000a8       0x40 CMakeFiles/shell.elf.dir/__/clock_config.c.obj
 .debug_aranges
                0x000000e8       0xb8 CMakeFiles/shell.elf.dir/C_/Users/jordanj/Documents/ARM/NXP/SDK_2_10_1_LPCXpresso55S06/devices/LPC55S06/utilities/fsl_shell.c.obj
 .debug_aranges
                0x000001a0       0xb8 CMakeFiles/shell.elf.dir/C_/Users/jordanj/Documents/ARM/NXP/SDK_2_10_1_LPCXpresso55S06/devices/LPC55S06/utilities/str/fsl_str.c.obj
 .debug_aranges
                0x00000258       0x98 CMakeFiles/shell.elf.dir/a00ae4ed44a530a7f5755e7f6cdb0eef/devices/LPC55S06/utilities/debug_console/fsl_debug_console.c.obj
 .debug_aranges
                0x000002f0       0x98 CMakeFiles/shell.elf.dir/a00ae4ed44a530a7f5755e7f6cdb0eef/components/serial_manager/fsl_component_serial_manager.c.obj
 .debug_aranges
                0x00000388       0x48 CMakeFiles/shell.elf.dir/a00ae4ed44a530a7f5755e7f6cdb0eef/components/serial_manager/fsl_component_serial_port_uart.c.obj
 .debug_aranges
                0x000003d0       0xf8 CMakeFiles/shell.elf.dir/C_/Users/jordanj/Documents/ARM/NXP/SDK_2_10_1_LPCXpresso55S06/devices/LPC55S06/drivers/fsl_usart.c.obj
 .debug_aranges
                0x000004c8       0x90 CMakeFiles/shell.elf.dir/C_/Users/jordanj/Documents/ARM/NXP/SDK_2_10_1_LPCXpresso55S06/devices/LPC55S06/drivers/fsl_flexcomm.c.obj
 .debug_aranges
                0x00000558      0x200 CMakeFiles/shell.elf.dir/C_/Users/jordanj/Documents/ARM/NXP/SDK_2_10_1_LPCXpresso55S06/devices/LPC55S06/drivers/fsl_clock.c.obj
 .debug_aranges
                0x00000758       0xc8 CMakeFiles/shell.elf.dir/C_/Users/jordanj/Documents/ARM/NXP/SDK_2_10_1_LPCXpresso55S06/devices/LPC55S06/drivers/fsl_power.c.obj
 .debug_aranges
                0x00000820       0x30 CMakeFiles/shell.elf.dir/C_/Users/jordanj/Documents/ARM/NXP/SDK_2_10_1_LPCXpresso55S06/devices/LPC55S06/drivers/fsl_reset.c.obj
 .debug_aranges
                0x00000850       0x58 CMakeFiles/shell.elf.dir/C_/Users/jordanj/Documents/ARM/NXP/SDK_2_10_1_LPCXpresso55S06/components/uart/fsl_adapter_usart.c.obj
 .debug_aranges
                0x000008a8       0x90 CMakeFiles/shell.elf.dir/C_/Users/jordanj/Documents/ARM/NXP/SDK_2_10_1_LPCXpresso55S06/components/lists/fsl_component_generic_list.c.obj
 .debug_aranges
                0x00000938       0x20 CMakeFiles/shell.elf.dir/C_/Users/jordanj/Documents/ARM/NXP/SDK_2_10_1_LPCXpresso55S06/devices/LPC55S06/gcc/startup_LPC55S06.S.obj
 .debug_aranges
                0x00000958       0x88 CMakeFiles/shell.elf.dir/C_/Users/jordanj/Documents/ARM/NXP/SDK_2_10_1_LPCXpresso55S06/devices/LPC55S06/system_LPC55S06.c.obj
 .debug_aranges
                0x000009e0       0x38 CMakeFiles/shell.elf.dir/C_/Users/jordanj/Documents/ARM/NXP/SDK_2_10_1_LPCXpresso55S06/devices/LPC55S06/drivers/fsl_gpio.c.obj
 .debug_aranges
                0x00000a18       0x20 CMakeFiles/shell.elf.dir/C_/Users/jordanj/Documents/ARM/NXP/SDK_2_10_1_LPCXpresso55S06/devices/LPC55S06/utilities/fsl_assert.c.obj

.debug_ranges   0x00000000      0x930
 .debug_ranges  0x00000000       0x40 CMakeFiles/shell.elf.dir/__/shell.c.obj
 .debug_ranges  0x00000040       0x28 CMakeFiles/shell.elf.dir/__/pin_mux.c.obj
 .debug_ranges  0x00000068       0x10 CMakeFiles/shell.elf.dir/__/board.c.obj
 .debug_ranges  0x00000078       0x30 CMakeFiles/shell.elf.dir/__/clock_config.c.obj
 .debug_ranges  0x000000a8       0xc0 CMakeFiles/shell.elf.dir/C_/Users/jordanj/Documents/ARM/NXP/SDK_2_10_1_LPCXpresso55S06/devices/LPC55S06/utilities/fsl_shell.c.obj
 .debug_ranges  0x00000168       0xd8 CMakeFiles/shell.elf.dir/C_/Users/jordanj/Documents/ARM/NXP/SDK_2_10_1_LPCXpresso55S06/devices/LPC55S06/utilities/str/fsl_str.c.obj
 .debug_ranges  0x00000240       0x88 CMakeFiles/shell.elf.dir/a00ae4ed44a530a7f5755e7f6cdb0eef/devices/LPC55S06/utilities/debug_console/fsl_debug_console.c.obj
 .debug_ranges  0x000002c8       0x88 CMakeFiles/shell.elf.dir/a00ae4ed44a530a7f5755e7f6cdb0eef/components/serial_manager/fsl_component_serial_manager.c.obj
 .debug_ranges  0x00000350       0x38 CMakeFiles/shell.elf.dir/a00ae4ed44a530a7f5755e7f6cdb0eef/components/serial_manager/fsl_component_serial_port_uart.c.obj
 .debug_ranges  0x00000388       0xe8 CMakeFiles/shell.elf.dir/C_/Users/jordanj/Documents/ARM/NXP/SDK_2_10_1_LPCXpresso55S06/devices/LPC55S06/drivers/fsl_usart.c.obj
 .debug_ranges  0x00000470       0x80 CMakeFiles/shell.elf.dir/C_/Users/jordanj/Documents/ARM/NXP/SDK_2_10_1_LPCXpresso55S06/devices/LPC55S06/drivers/fsl_flexcomm.c.obj
 .debug_ranges  0x000004f0      0x1f0 CMakeFiles/shell.elf.dir/C_/Users/jordanj/Documents/ARM/NXP/SDK_2_10_1_LPCXpresso55S06/devices/LPC55S06/drivers/fsl_clock.c.obj
 .debug_ranges  0x000006e0       0xb8 CMakeFiles/shell.elf.dir/C_/Users/jordanj/Documents/ARM/NXP/SDK_2_10_1_LPCXpresso55S06/devices/LPC55S06/drivers/fsl_power.c.obj
 .debug_ranges  0x00000798       0x20 CMakeFiles/shell.elf.dir/C_/Users/jordanj/Documents/ARM/NXP/SDK_2_10_1_LPCXpresso55S06/devices/LPC55S06/drivers/fsl_reset.c.obj
 .debug_ranges  0x000007b8       0x48 CMakeFiles/shell.elf.dir/C_/Users/jordanj/Documents/ARM/NXP/SDK_2_10_1_LPCXpresso55S06/components/uart/fsl_adapter_usart.c.obj
 .debug_ranges  0x00000800       0x80 CMakeFiles/shell.elf.dir/C_/Users/jordanj/Documents/ARM/NXP/SDK_2_10_1_LPCXpresso55S06/components/lists/fsl_component_generic_list.c.obj
 .debug_ranges  0x00000880       0x78 CMakeFiles/shell.elf.dir/C_/Users/jordanj/Documents/ARM/NXP/SDK_2_10_1_LPCXpresso55S06/devices/LPC55S06/system_LPC55S06.c.obj
 .debug_ranges  0x000008f8       0x28 CMakeFiles/shell.elf.dir/C_/Users/jordanj/Documents/ARM/NXP/SDK_2_10_1_LPCXpresso55S06/devices/LPC55S06/drivers/fsl_gpio.c.obj
 .debug_ranges  0x00000920       0x10 CMakeFiles/shell.elf.dir/C_/Users/jordanj/Documents/ARM/NXP/SDK_2_10_1_LPCXpresso55S06/devices/LPC55S06/utilities/fsl_assert.c.obj

.debug_line     0x00000000     0x77c3
 .debug_line    0x00000000      0x530 CMakeFiles/shell.elf.dir/__/shell.c.obj
 .debug_line    0x00000530      0x25b CMakeFiles/shell.elf.dir/__/pin_mux.c.obj
 .debug_line    0x0000078b      0x1ed CMakeFiles/shell.elf.dir/__/board.c.obj
 .debug_line    0x00000978      0x282 CMakeFiles/shell.elf.dir/__/clock_config.c.obj
 .debug_line    0x00000bfa      0xd27 CMakeFiles/shell.elf.dir/C_/Users/jordanj/Documents/ARM/NXP/SDK_2_10_1_LPCXpresso55S06/devices/LPC55S06/utilities/fsl_shell.c.obj
 .debug_line    0x00001921      0x88a CMakeFiles/shell.elf.dir/C_/Users/jordanj/Documents/ARM/NXP/SDK_2_10_1_LPCXpresso55S06/devices/LPC55S06/utilities/str/fsl_str.c.obj
 .debug_line    0x000021ab      0x5bb CMakeFiles/shell.elf.dir/a00ae4ed44a530a7f5755e7f6cdb0eef/devices/LPC55S06/utilities/debug_console/fsl_debug_console.c.obj
 .debug_line    0x00002766      0x545 CMakeFiles/shell.elf.dir/a00ae4ed44a530a7f5755e7f6cdb0eef/components/serial_manager/fsl_component_serial_manager.c.obj
 .debug_line    0x00002cab      0x299 CMakeFiles/shell.elf.dir/a00ae4ed44a530a7f5755e7f6cdb0eef/components/serial_manager/fsl_component_serial_port_uart.c.obj
 .debug_line    0x00002f44      0xd72 CMakeFiles/shell.elf.dir/C_/Users/jordanj/Documents/ARM/NXP/SDK_2_10_1_LPCXpresso55S06/devices/LPC55S06/drivers/fsl_usart.c.obj
 .debug_line    0x00003cb6      0x454 CMakeFiles/shell.elf.dir/C_/Users/jordanj/Documents/ARM/NXP/SDK_2_10_1_LPCXpresso55S06/devices/LPC55S06/drivers/fsl_flexcomm.c.obj
 .debug_line    0x0000410a     0x140f CMakeFiles/shell.elf.dir/C_/Users/jordanj/Documents/ARM/NXP/SDK_2_10_1_LPCXpresso55S06/devices/LPC55S06/drivers/fsl_clock.c.obj
 .debug_line    0x00005519      0xd78 CMakeFiles/shell.elf.dir/C_/Users/jordanj/Documents/ARM/NXP/SDK_2_10_1_LPCXpresso55S06/devices/LPC55S06/drivers/fsl_power.c.obj
 .debug_line    0x00006291      0x1ec CMakeFiles/shell.elf.dir/C_/Users/jordanj/Documents/ARM/NXP/SDK_2_10_1_LPCXpresso55S06/devices/LPC55S06/drivers/fsl_reset.c.obj
 .debug_line    0x0000647d      0x394 CMakeFiles/shell.elf.dir/C_/Users/jordanj/Documents/ARM/NXP/SDK_2_10_1_LPCXpresso55S06/components/uart/fsl_adapter_usart.c.obj
 .debug_line    0x00006811      0x4e1 CMakeFiles/shell.elf.dir/C_/Users/jordanj/Documents/ARM/NXP/SDK_2_10_1_LPCXpresso55S06/components/lists/fsl_component_generic_list.c.obj
 .debug_line    0x00006cf2      0x228 CMakeFiles/shell.elf.dir/C_/Users/jordanj/Documents/ARM/NXP/SDK_2_10_1_LPCXpresso55S06/devices/LPC55S06/gcc/startup_LPC55S06.S.obj
 .debug_line    0x00006f1a      0x5aa CMakeFiles/shell.elf.dir/C_/Users/jordanj/Documents/ARM/NXP/SDK_2_10_1_LPCXpresso55S06/devices/LPC55S06/system_LPC55S06.c.obj
 .debug_line    0x000074c4      0x21e CMakeFiles/shell.elf.dir/C_/Users/jordanj/Documents/ARM/NXP/SDK_2_10_1_LPCXpresso55S06/devices/LPC55S06/drivers/fsl_gpio.c.obj
 .debug_line    0x000076e2       0xe1 CMakeFiles/shell.elf.dir/C_/Users/jordanj/Documents/ARM/NXP/SDK_2_10_1_LPCXpresso55S06/devices/LPC55S06/utilities/fsl_assert.c.obj

.debug_str      0x00000000     0x8115
 .debug_str     0x00000000     0x27bf CMakeFiles/shell.elf.dir/__/shell.c.obj
                               0x283f (size before relaxing)
 .debug_str     0x000027bf      0x103 CMakeFiles/shell.elf.dir/__/pin_mux.c.obj
                               0x1004 (size before relaxing)
 .debug_str     0x000028c2      0x5ba CMakeFiles/shell.elf.dir/__/board.c.obj
                               0x145e (size before relaxing)
 .debug_str     0x00002e7c      0x62e CMakeFiles/shell.elf.dir/__/clock_config.c.obj
                               0x1ce8 (size before relaxing)
 .debug_str     0x000034aa      0x617 CMakeFiles/shell.elf.dir/C_/Users/jordanj/Documents/ARM/NXP/SDK_2_10_1_LPCXpresso55S06/devices/LPC55S06/utilities/fsl_shell.c.obj
                               0x1354 (size before relaxing)
 .debug_str     0x00003ac1      0x36f CMakeFiles/shell.elf.dir/C_/Users/jordanj/Documents/ARM/NXP/SDK_2_10_1_LPCXpresso55S06/devices/LPC55S06/utilities/str/fsl_str.c.obj
                                0x5de (size before relaxing)
 .debug_str     0x00003e30      0x51e CMakeFiles/shell.elf.dir/a00ae4ed44a530a7f5755e7f6cdb0eef/devices/LPC55S06/utilities/debug_console/fsl_debug_console.c.obj
                               0x1325 (size before relaxing)
 .debug_str     0x0000434e      0x2f9 CMakeFiles/shell.elf.dir/a00ae4ed44a530a7f5755e7f6cdb0eef/components/serial_manager/fsl_component_serial_manager.c.obj
                                0x8be (size before relaxing)
 .debug_str     0x00004647      0x345 CMakeFiles/shell.elf.dir/a00ae4ed44a530a7f5755e7f6cdb0eef/components/serial_manager/fsl_component_serial_port_uart.c.obj
                                0x72e (size before relaxing)
 .debug_str     0x0000498c     0x108a CMakeFiles/shell.elf.dir/C_/Users/jordanj/Documents/ARM/NXP/SDK_2_10_1_LPCXpresso55S06/devices/LPC55S06/drivers/fsl_usart.c.obj
                               0x1d5f (size before relaxing)
 .debug_str     0x00005a16      0x2a4 CMakeFiles/shell.elf.dir/C_/Users/jordanj/Documents/ARM/NXP/SDK_2_10_1_LPCXpresso55S06/devices/LPC55S06/drivers/fsl_flexcomm.c.obj
                               0x2430 (size before relaxing)
 .debug_str     0x00005cba      0xbcf CMakeFiles/shell.elf.dir/C_/Users/jordanj/Documents/ARM/NXP/SDK_2_10_1_LPCXpresso55S06/devices/LPC55S06/drivers/fsl_clock.c.obj
                               0x316b (size before relaxing)
 .debug_str     0x00006889     0x1252 CMakeFiles/shell.elf.dir/C_/Users/jordanj/Documents/ARM/NXP/SDK_2_10_1_LPCXpresso55S06/devices/LPC55S06/drivers/fsl_power.c.obj
                               0x416b (size before relaxing)
 .debug_str     0x00007adb       0xd0 CMakeFiles/shell.elf.dir/C_/Users/jordanj/Documents/ARM/NXP/SDK_2_10_1_LPCXpresso55S06/devices/LPC55S06/drivers/fsl_reset.c.obj
                                0xf75 (size before relaxing)
 .debug_str     0x00007bab      0x146 CMakeFiles/shell.elf.dir/C_/Users/jordanj/Documents/ARM/NXP/SDK_2_10_1_LPCXpresso55S06/components/uart/fsl_adapter_usart.c.obj
                               0x13d5 (size before relaxing)
 .debug_str     0x00007cf1      0x1dd CMakeFiles/shell.elf.dir/C_/Users/jordanj/Documents/ARM/NXP/SDK_2_10_1_LPCXpresso55S06/components/lists/fsl_component_generic_list.c.obj
                                0x4b0 (size before relaxing)
 .debug_str     0x00007ece       0x74 CMakeFiles/shell.elf.dir/C_/Users/jordanj/Documents/ARM/NXP/SDK_2_10_1_LPCXpresso55S06/devices/LPC55S06/gcc/startup_LPC55S06.S.obj
                                 0xe6 (size before relaxing)
 .debug_str     0x00007f42       0xa5 CMakeFiles/shell.elf.dir/C_/Users/jordanj/Documents/ARM/NXP/SDK_2_10_1_LPCXpresso55S06/devices/LPC55S06/system_LPC55S06.c.obj
                                0xebd (size before relaxing)
 .debug_str     0x00007fe7       0xaf CMakeFiles/shell.elf.dir/C_/Users/jordanj/Documents/ARM/NXP/SDK_2_10_1_LPCXpresso55S06/devices/LPC55S06/drivers/fsl_gpio.c.obj
                               0x1d99 (size before relaxing)
 .debug_str     0x00008096       0x7f CMakeFiles/shell.elf.dir/C_/Users/jordanj/Documents/ARM/NXP/SDK_2_10_1_LPCXpresso55S06/devices/LPC55S06/utilities/fsl_assert.c.obj
                                0x297 (size before relaxing)

.comment        0x00000000       0x4d
 .comment       0x00000000       0x4d CMakeFiles/shell.elf.dir/__/shell.c.obj
                                 0x4e (size before relaxing)
 .comment       0x0000004d       0x4e CMakeFiles/shell.elf.dir/__/pin_mux.c.obj
 .comment       0x0000004d       0x4e CMakeFiles/shell.elf.dir/__/board.c.obj
 .comment       0x0000004d       0x4e CMakeFiles/shell.elf.dir/__/clock_config.c.obj
 .comment       0x0000004d       0x4e CMakeFiles/shell.elf.dir/C_/Users/jordanj/Documents/ARM/NXP/SDK_2_10_1_LPCXpresso55S06/devices/LPC55S06/utilities/fsl_shell.c.obj
 .comment       0x0000004d       0x4e CMakeFiles/shell.elf.dir/C_/Users/jordanj/Documents/ARM/NXP/SDK_2_10_1_LPCXpresso55S06/devices/LPC55S06/utilities/str/fsl_str.c.obj
 .comment       0x0000004d       0x4e CMakeFiles/shell.elf.dir/a00ae4ed44a530a7f5755e7f6cdb0eef/devices/LPC55S06/utilities/debug_console/fsl_debug_console.c.obj
 .comment       0x0000004d       0x4e CMakeFiles/shell.elf.dir/a00ae4ed44a530a7f5755e7f6cdb0eef/components/serial_manager/fsl_component_serial_manager.c.obj
 .comment       0x0000004d       0x4e CMakeFiles/shell.elf.dir/a00ae4ed44a530a7f5755e7f6cdb0eef/components/serial_manager/fsl_component_serial_port_uart.c.obj
 .comment       0x0000004d       0x4e CMakeFiles/shell.elf.dir/C_/Users/jordanj/Documents/ARM/NXP/SDK_2_10_1_LPCXpresso55S06/devices/LPC55S06/drivers/fsl_usart.c.obj
 .comment       0x0000004d       0x4e CMakeFiles/shell.elf.dir/C_/Users/jordanj/Documents/ARM/NXP/SDK_2_10_1_LPCXpresso55S06/devices/LPC55S06/drivers/fsl_flexcomm.c.obj
 .comment       0x0000004d       0x4e CMakeFiles/shell.elf.dir/C_/Users/jordanj/Documents/ARM/NXP/SDK_2_10_1_LPCXpresso55S06/devices/LPC55S06/drivers/fsl_clock.c.obj
 .comment       0x0000004d       0x4e CMakeFiles/shell.elf.dir/C_/Users/jordanj/Documents/ARM/NXP/SDK_2_10_1_LPCXpresso55S06/devices/LPC55S06/drivers/fsl_power.c.obj
 .comment       0x0000004d       0x4e CMakeFiles/shell.elf.dir/C_/Users/jordanj/Documents/ARM/NXP/SDK_2_10_1_LPCXpresso55S06/devices/LPC55S06/drivers/fsl_reset.c.obj
 .comment       0x0000004d       0x4e CMakeFiles/shell.elf.dir/C_/Users/jordanj/Documents/ARM/NXP/SDK_2_10_1_LPCXpresso55S06/components/uart/fsl_adapter_usart.c.obj
 .comment       0x0000004d       0x4e CMakeFiles/shell.elf.dir/C_/Users/jordanj/Documents/ARM/NXP/SDK_2_10_1_LPCXpresso55S06/components/lists/fsl_component_generic_list.c.obj
 .comment       0x0000004d       0x4e CMakeFiles/shell.elf.dir/C_/Users/jordanj/Documents/ARM/NXP/SDK_2_10_1_LPCXpresso55S06/devices/LPC55S06/system_LPC55S06.c.obj
 .comment       0x0000004d       0x4e CMakeFiles/shell.elf.dir/C_/Users/jordanj/Documents/ARM/NXP/SDK_2_10_1_LPCXpresso55S06/devices/LPC55S06/drivers/fsl_gpio.c.obj
 .comment       0x0000004d       0x4e CMakeFiles/shell.elf.dir/C_/Users/jordanj/Documents/ARM/NXP/SDK_2_10_1_LPCXpresso55S06/devices/LPC55S06/utilities/fsl_assert.c.obj

.debug_frame    0x00000000     0x2a00
 .debug_frame   0x00000000      0x114 CMakeFiles/shell.elf.dir/__/shell.c.obj
 .debug_frame   0x00000114       0xa0 CMakeFiles/shell.elf.dir/__/pin_mux.c.obj
 .debug_frame   0x000001b4       0x34 CMakeFiles/shell.elf.dir/__/board.c.obj
 .debug_frame   0x000001e8       0xb0 CMakeFiles/shell.elf.dir/__/clock_config.c.obj
 .debug_frame   0x00000298      0x318 CMakeFiles/shell.elf.dir/C_/Users/jordanj/Documents/ARM/NXP/SDK_2_10_1_LPCXpresso55S06/devices/LPC55S06/utilities/fsl_shell.c.obj
 .debug_frame   0x000005b0      0x32c CMakeFiles/shell.elf.dir/C_/Users/jordanj/Documents/ARM/NXP/SDK_2_10_1_LPCXpresso55S06/devices/LPC55S06/utilities/str/fsl_str.c.obj
 .debug_frame   0x000008dc      0x290 CMakeFiles/shell.elf.dir/a00ae4ed44a530a7f5755e7f6cdb0eef/devices/LPC55S06/utilities/debug_console/fsl_debug_console.c.obj
 .debug_frame   0x00000b6c      0x258 CMakeFiles/shell.elf.dir/a00ae4ed44a530a7f5755e7f6cdb0eef/components/serial_manager/fsl_component_serial_manager.c.obj
 .debug_frame   0x00000dc4       0xe8 CMakeFiles/shell.elf.dir/a00ae4ed44a530a7f5755e7f6cdb0eef/components/serial_manager/fsl_component_serial_port_uart.c.obj
 .debug_frame   0x00000eac      0x41c CMakeFiles/shell.elf.dir/C_/Users/jordanj/Documents/ARM/NXP/SDK_2_10_1_LPCXpresso55S06/devices/LPC55S06/drivers/fsl_usart.c.obj
 .debug_frame   0x000012c8      0x234 CMakeFiles/shell.elf.dir/C_/Users/jordanj/Documents/ARM/NXP/SDK_2_10_1_LPCXpresso55S06/devices/LPC55S06/drivers/fsl_flexcomm.c.obj
 .debug_frame   0x000014fc      0x8ec CMakeFiles/shell.elf.dir/C_/Users/jordanj/Documents/ARM/NXP/SDK_2_10_1_LPCXpresso55S06/devices/LPC55S06/drivers/fsl_clock.c.obj
 .debug_frame   0x00001de8      0x378 CMakeFiles/shell.elf.dir/C_/Users/jordanj/Documents/ARM/NXP/SDK_2_10_1_LPCXpresso55S06/devices/LPC55S06/drivers/fsl_power.c.obj
 .debug_frame   0x00002160       0x7c CMakeFiles/shell.elf.dir/C_/Users/jordanj/Documents/ARM/NXP/SDK_2_10_1_LPCXpresso55S06/devices/LPC55S06/drivers/fsl_reset.c.obj
 .debug_frame   0x000021dc      0x134 CMakeFiles/shell.elf.dir/C_/Users/jordanj/Documents/ARM/NXP/SDK_2_10_1_LPCXpresso55S06/components/uart/fsl_adapter_usart.c.obj
 .debug_frame   0x00002310      0x254 CMakeFiles/shell.elf.dir/C_/Users/jordanj/Documents/ARM/NXP/SDK_2_10_1_LPCXpresso55S06/components/lists/fsl_component_generic_list.c.obj
 .debug_frame   0x00002564      0x210 CMakeFiles/shell.elf.dir/C_/Users/jordanj/Documents/ARM/NXP/SDK_2_10_1_LPCXpresso55S06/devices/LPC55S06/system_LPC55S06.c.obj
 .debug_frame   0x00002774       0xa4 CMakeFiles/shell.elf.dir/C_/Users/jordanj/Documents/ARM/NXP/SDK_2_10_1_LPCXpresso55S06/devices/LPC55S06/drivers/fsl_gpio.c.obj
 .debug_frame   0x00002818       0x30 CMakeFiles/shell.elf.dir/C_/Users/jordanj/Documents/ARM/NXP/SDK_2_10_1_LPCXpresso55S06/devices/LPC55S06/utilities/fsl_assert.c.obj
 .debug_frame   0x00002848       0x30 c:/progra~2/gnuarm~1/102020~1/bin/../lib/gcc/arm-none-eabi/10.2.1/../../../../arm-none-eabi/lib/thumb/v8-m.main+fp/hard\libc_nano.a(lib_a-atoi.o)
 .debug_frame   0x00002878       0x20 c:/progra~2/gnuarm~1/102020~1/bin/../lib/gcc/arm-none-eabi/10.2.1/../../../../arm-none-eabi/lib/thumb/v8-m.main+fp/hard\libc_nano.a(lib_a-errno.o)
 .debug_frame   0x00002898       0x28 c:/progra~2/gnuarm~1/102020~1/bin/../lib/gcc/arm-none-eabi/10.2.1/../../../../arm-none-eabi/lib/thumb/v8-m.main+fp/hard\libc_nano.a(lib_a-exit.o)
 .debug_frame   0x000028c0       0x2c c:/progra~2/gnuarm~1/102020~1/bin/../lib/gcc/arm-none-eabi/10.2.1/../../../../arm-none-eabi/lib/thumb/v8-m.main+fp/hard\libc_nano.a(lib_a-init.o)
 .debug_frame   0x000028ec       0x28 c:/progra~2/gnuarm~1/102020~1/bin/../lib/gcc/arm-none-eabi/10.2.1/../../../../arm-none-eabi/lib/thumb/v8-m.main+fp/hard\libc_nano.a(lib_a-memcpy-stub.o)
 .debug_frame   0x00002914       0x28 c:/progra~2/gnuarm~1/102020~1/bin/../lib/gcc/arm-none-eabi/10.2.1/../../../../arm-none-eabi/lib/thumb/v8-m.main+fp/hard\libc_nano.a(lib_a-memmove.o)
 .debug_frame   0x0000293c       0x20 c:/progra~2/gnuarm~1/102020~1/bin/../lib/gcc/arm-none-eabi/10.2.1/../../../../arm-none-eabi/lib/thumb/v8-m.main+fp/hard\libc_nano.a(lib_a-memset.o)
 .debug_frame   0x0000295c       0x20 c:/progra~2/gnuarm~1/102020~1/bin/../lib/gcc/arm-none-eabi/10.2.1/../../../../arm-none-eabi/lib/thumb/v8-m.main+fp/hard\libc_nano.a(lib_a-strcmp.o)
 .debug_frame   0x0000297c       0x64 c:/progra~2/gnuarm~1/102020~1/bin/../lib/gcc/arm-none-eabi/10.2.1/../../../../arm-none-eabi/lib/thumb/v8-m.main+fp/hard\libc_nano.a(lib_a-strtol.o)
 .debug_frame   0x000029e0       0x20 c:/progra~2/gnuarm~1/102020~1/bin/../lib/gcc/arm-none-eabi/10.2.1/../../../../arm-none-eabi/lib/thumb/v8-m.main+fp/hard\libnosys.a(_exit.o)